✔ form setters match field marks when the parent supplies a different order (7.4604ms)
✔ form setters tolerate extra values and restore missing field values (2.5827ms)
✔ standalone order page: saved defaults update the real form without changing image types (4.7488ms)
✔ standalone order page: a completed order resets both snapshots and accepts the next saved address (4.3528ms)
✔ standalone order page: refreshing defaults preserves an edited or cleared draft: "本单临时地址" (2.6152ms)
✔ standalone order page: refreshing defaults preserves an edited or cleared draft: "" (2.8028ms)
✔ embedded home form: saved defaults update the real form without changing image types (5.8863ms)
✔ embedded home form: a completed order resets both snapshots and accepts the next saved address (3.352ms)
✔ embedded home form: refreshing defaults preserves an edited or cleared draft: "本单临时地址" (3.4039ms)
✔ embedded home form: refreshing defaults preserves an edited or cleared draft: "" (3.5625ms)
✔ an older profile response cannot undo a more recently saved default address (2.8696ms)
✔ refreshing personal defaults does not replace an existing order being edited (3.7196ms)
✔ mail_add.js: send publishes without pickup credentials, edits and completes delivery (34.4893ms)
✔ mail_add_embedded.js: send publishes without pickup credentials, edits and completes delivery (18.4311ms)
✔ mail_add.js: buy publishes without pickup credentials, edits and completes delivery (16.2515ms)
✔ mail_add_embedded.js: buy publishes without pickup credentials, edits and completes delivery (15.7709ms)
✔ buy form rejects missing goods, invalid quantities and budgets before submission (7.4358ms)
✔ server validates service and buying fields and preserves legacy pickup proof requirements (7.3505ms)
✔ mail_add.js: the typed delivery address survives profile refresh and reaches the order unchanged (17.163ms)
✔ mail_add.js: the full selected delivery address reaches the server even if the hidden form is stale (59.6191ms)
✔ mail_add.js: submission keeps the selected phase when the form component returns only the detail (9.769ms)
✔ mail_add_embedded.js: the typed delivery address survives profile refresh and reaches the order unchanged (14.7882ms)
✔ mail_add_embedded.js: the full selected delivery address reaches the server even if the hidden form is stale (53.6151ms)
✔ mail_add_embedded.js: submission keeps the selected phase when the form component returns only the detail (9.7009ms)
✔ mail_add.js: each parcel selects its own pickup point and cancellation preserves the saved choice (7.1504ms)
✔ mail_add_embedded.js: each parcel selects its own pickup point and cancellation preserves the saved choice (9.7079ms)
✔ adding, removing and refreshing parcels keeps the picker attached to the same parcel (7.3002ms)
✔ editing restores every stored parcel even when database records have no client ids (14.1907ms)
✔ publishing requires each pickup point before any upload and resets the next draft (7.9544ms)
✔ home submission exposes all pickup points but keeps per-package credentials private until acceptance (11.766ms)
✔ server validates every modern parcel point without trusting an order-wide fallback (6.139ms)
✔ legacy invalid media and empty parcel entries cannot move a photo to another parcel (5.5714ms)
✔ both form entries use one implementation and no longer bind the old pickup controls (0.2964ms)
✔ home service tabs activate only the selected form (3.3496ms)
✔ home starts independent requests together and coalesces repeated loads (4.2641ms)
✔ saved address and contact choices support cancel, explicit confirmation and stable values after returning (5.5631ms)
✔ publishing from the home form leaves a fresh editable parcel ready for the next order (1.6032ms)
✔ publish config failure exits loading and retries without a modal loop or duplicate form fields (1.984ms)
✔ refresh preserves publish drafts and campus, and blocks submission on failed config refresh (2.2074ms)
✔ invalid config fails closed instead of calling toFixed on malformed prices (9.3679ms)
✔ publish retry coalesces repeated taps while config is pending (2.9926ms)
✔ editing cannot expose a blank save form when original detail failed or is not editable (2.2926ms)
✔ order detail renders even if optional config fails or never resolves (3.2465ms)
✔ missing ids and null/empty order responses show a terminal state, never endless loading (2.9044ms)
✔ legacy invalid history timestamps do not prevent loading the order (1.242ms)
✔ order refresh ignores stale and hidden responses, preserves displayed data on transient failure (3.3604ms)
✔ public detail retries a failed load and refreshes when returning to a visible page (1.2211ms)
✔ failed collection creation cannot be cached as successful setup; recovery retries in the same instance (2.7644ms)
✔ concurrent collection creation tolerates a false result only when the collection now exists (0.5938ms)
✔ an initialized cold instance performs one schema lookup and shares that result with concurrent calls (0.5623ms)
✔ mail/add/mail_add.js can recover a saved submission without erasing the current draft (1.8048ms)
✔ mail/add/mail_add_logic.js can recover a saved submission without erasing the current draft (1.1653ms)
✔ unavailable private images do not block text details or leak files to public callers (0.9072ms)
✔ empty image upload makes no redundant config or cloud storage request (0.7682ms)
✔ personal layout uses a native safe navigation bar, scoped full-width cards and no negative overlap (0.4324ms)
✔ profile entry routes unfinished accounts to login and complete accounts to personal information without legacy routes (1.9805ms)
ℹ tests 56
ℹ suites 0
ℹ pass 56
ℹ fail 0
ℹ cancelled 0
ℹ skipped 0
ℹ todo 0
ℹ duration_ms 415.727
