
> cloud@1.0.0 test
> node --test ../../scripts/tests/*.test.js

✔ admin order queries combine filters, escape search expressions, paginate stably and keep private fields out of lists (13.4129ms)
✔ feedback status and literal search filters apply together and user lists remain owner scoped (13.6605ms)
✔ dashboard counts include cancellations, split pickup status, and count today using the Shanghai day boundary (10.642ms)
✔ section saves merge inside the transaction so concurrent pages cannot overwrite unrelated configuration (7.6836ms)
✔ saved business hours switch controls late publishing and accepting without stopping fulfillment (29.3581ms)
✔ business hours enforcement rejects invalid settings and cannot bypass service permissions (13.2814ms)
✔ admin details include both contacts and picked-up orders can enter and resume exception processing (10.9709ms)
✔ reports enforce the inclusive date window, protect spreadsheet cells and isolate export keys by admin (6.548ms)
✔ exports fail explicitly above the row limit and user export filters cannot choose a different project (1.3919ms)
✔ reports include records beyond the database single-read cap and include exactly 5000 records (8.238ms)
✔ user status changes resolve mini-program user ids instead of confusing them with document ids (0.9399ms)
✔ every console destination is a registered independent page and primary navigation replaces only its current page (6.0586ms)
✔ legacy bookmarks redirect to independent pages, including ids and unknown tab names (23.2439ms)
✔ dashboard loading is independent of optional service configuration and includes actionable destinations (5.9835ms)
✔ orders combine independent search, status, campus, overdue and sort filters with real pagination (3.541ms)
✔ changing filters invalidates older responses and failures preserve already displayed records (2.4552ms)
✔ opening details retains list state and refreshing after mutation retains loaded pages, filters and scroll (2.6727ms)
✔ closed pages ignore in-flight list and detail data (9.8577ms)
✔ detail deep links without ids and missing records terminate loading and provide a list fallback (10.0952ms)
✔ picked-up orders support admin intervention, duplicate submits coalesce and failed actions retain the draft (5.8193ms)
✔ cancelled confirmations cause no mutations (2.5453ms)
✔ feedback replies carry the displayed version and preserve drafts on a concurrent-update conflict (2.433ms)
✔ configuration keeps decimal input drafts, blocks blank fields and saves only its own section (3.0482ms)
✔ service settings persist the hours switch through the real config service and ordinary admins cannot change it (24.6131ms)
✔ refresh cannot discard unsaved configuration and discard restores a separate saved snapshot (2.4481ms)
✔ denied admins never read records and ordinary admins cannot mutate settings or run maintenance (16.3177ms)
✔ export page reads without deleting existing reports and failed generation preserves the previous link (4.579ms)
✔ user lists accept legacy pagination totals and refresh after status changes in their independent detail page (2.2686ms)
✔ all new templates and shared includes bind real handlers (61.7793ms)
✔ export files return signed URLs verbatim and replace old reports only after successful generation (4.3585ms)
✔ upload and URL signing failures preserve the previous report (2.5258ms)
✔ failed report deletion retains its pointer while already missing files can be cleared (2.9293ms)
✔ orders default all tab loads, paginates, switches back from a status and resets search (33.0441ms)
✔ orders controller accepts omitted/all filters and every numeric or string status (15.9042ms)
✔ orders rejects invalid filters and pagination without querying records (13.0432ms)
✔ feedback default all tab loads, paginates, switches back from a status and resets search (24.7984ms)
✔ feedback controller accepts omitted/all filters and every numeric or string status (21.9791ms)
✔ feedback rejects invalid filters and pagination without querying records (7.1689ms)
✔ all-status order and feedback queries still require an administrator session (11.8335ms)
✔ internal testing defaults to credentials-only login and can explicitly restore account checks (2.9293ms)
✔ an existing admin without campus grants can log in and retain a session with status 1 (109.6649ms)
✔ an existing admin without campus grants can log in and retain a session with status 0 (103.5019ms)
✔ an existing admin without campus grants can log in and retain a session with status undefined (114.1019ms)
✔ incorrect or missing credentials remain rejected, without creating admins or locking out a later correct attempt (692.45ms)
✔ correct credentials still work when an old login rate-limit bucket is exhausted (95.4963ms)
✔ internal admin sessions still require the latest token, its owner, expiry and the proper role (89.8538ms)
✔ legacy admins can use the dashboard and existing write transactions while rows remain campus isolated (82.1162ms)
✔ the real admin login route accepts a correct existing account shorter than five characters (62.0116ms)
✔ restoring account checks does not restore school grants but still rejects disabled accounts and rate limits (54.6007ms)
✔ real login, dashboard and user routes ignore missing and foreign grants: credentialsOnly=true (64.3244ms)
✔ real login, dashboard and user routes ignore missing and foreign grants: credentialsOnly=false (60.4979ms)
✔ admin client exposes user management without school grants: credentialsOnly=undefined (0.8318ms)
✔ admin client exposes user management without school grants: credentialsOnly=false (0.5202ms)
✔ admin client exposes user management without school grants: credentialsOnly=true (0.4554ms)
✔ empty passwords and incomplete login responses cannot navigate into the admin console (0.4874ms)
✔ user details accept legacy links, normalize mixed registration fields and update the resolved document (9.7642ms)
✔ user detail retry recovers, empty records cannot be managed and rejection requires a reason (2.3745ms)
✔ failed user management preserves reason and coalesces repeated taps (4.0292ms)
✔ catalog search and stopped status combine, pagination survives a void-result mutation and retains scroll (3.651ms)
✔ secondary management enforces permissions and cancelled actions cause no writes (22.4964ms)
Error: 上传中断
    at B:\zhumian\zm\kaidi\scripts\tests\admin-secondary-pages.test.js:136:69
    at Object.command (B:\zhumian\zm\kaidi\scripts\test-support\admin-console-harness.cjs:24:94)
    at Object.transRichEditorTempPics (B:\zhumian\zm\kaidi\scripts\test-support\admin-console-harness.cjs:37:80)
    at Object.bindFormSubmit (B:\zhumian\zm\kaidi\miniprogram\projects\crun\pages\admin\news\add\admin_news_add.js:128:37)
    at async TestContext.<anonymous> (B:\zhumian\zm\kaidi\scripts\tests\admin-secondary-pages.test.js:140:3)
    at async Test.run (node:internal/test_runner/test:1389:7)
    at async Test.processPendingSubtests (node:internal/test_runner/test:960:7)
✔ manager creation validates real rules, retains failed drafts and blocks duplicate submissions (9.0876ms)
✔ manager edit supports an unchanged password and password mismatch never submits (14.5696ms)
✔ campus service saves zero sort order and rejects blank or invalid numeric input (6.6806ms)
✔ announcement creation accepts no custom fields and uploads cover and content before returning (11.4594ms)
✔ an interrupted announcement upload retries the same draft and publishes only after all uploads succeed (12.3594ms)
✔ About editor validates the configured key, loads empty content and preserves editor state after a failed save (11.2203ms)
✔ article QR links carry their own page and scene; image failures can regenerate successfully (12.1332ms)
✔ user service resolves document, OpenID and legacy ids, preserves project isolation and never edits an unresolved id (3.004ms)
✔ QR storage separates article scenes, scopes by project and preserves signed URL query parameters (2.303ms)
✔ registered login reaches user details through the real request and model layers and manages the same document (101.7497ms)
✔ an expired administrator session ends user reads and mutations, preserves the draft and redirects to login (51.9621ms)
✔ app startup calculates navigation geometry using the current window API (1.4386ms)
✔ app startup retains the older-client navigation fallback (0.6463ms)
✔ user chat loads its endpoint and sends the correct identity (4.7089ms)
✔ admin chat loads its endpoint and sends the correct identity (0.7239ms)
✔ earlier pages use CSM_ID cursors, prepend once, and preserve viewport position (0.7596ms)
✔ quiet refresh retains history, does not steal scroll, and avoids unchanged message patches (1.4003ms)
✔ refresh catches up multiple cursor pages without dropping intervening messages (1.7078ms)
✔ refresh and earlier-page failures preserve messages and reset loading flags (0.8235ms)
✔ hide cancels timers and discards late responses, show starts a fresh request (0.6944ms)
✔ unload ignores in-flight responses without changing detached page data (0.5409ms)
✔ send guards duplicate taps and preserves edits made while the request is pending (0.7923ms)
✔ send preserves a retyped identical draft and keeps failed-send content (0.7546ms)
✔ a lost chat reply reuses its request id after reopening the conversation (1.2185ms)
✔ send completing while hidden does not restart polling or fetch messages (0.6158ms)
✔ client controller passes cursor options and uses trusted identity (1.6688ms)
✔ both controllers reject oversized page limits and preserve defaults (4.0958ms)
✔ admin chat read and reply require authentication before service access (5.5709ms)
✔ list pagination rejects zero and oversized pages before database calls (7.0896ms)
✔ admin session ID length and message lengths are validated (1.4465ms)
✔ inbox aggregation preserves old sessions, counts all unread and paginates after grouping (21.9223ms)
✔ inbox searches literal text and excludes missing or foreign-project services (1.5763ms)
✔ newest page stays current after 1000 messages and cursor traverses timestamp ties (38.3373ms)
✔ user/project isolation and read receipts only cover delivered incoming messages (2.1627ms)
✔ admin detail uses the same pagination and does not mark unseen older messages read (1.396ms)
✔ sending requires identity and active service; trims and validates message (6.1427ms)
✔ three campuses are enforced and zero sort order is preserved (0.8862ms)
✔ deleting a service with conversation history is blocked (0.6716ms)
✔ session list delegates database pagination and retains frontend response fields (0.7534ms)
✔ all campus service pages are registered with complete page files (613.3546ms)
✔ campus page event handlers and local style imports exist (311.6057ms)
✔ campus endpoints reference implemented controller methods (260.604ms)
✔ admin home reaches the conversation inbox and service configuration through management (6.4605ms)
✔ simultaneous reads share one request, isolate identities, and return independent DTOs (10.328ms)
✔ timeouts, malformed responses and both login redirects settle their promises and release loading state (9.0957ms)
✔ overlapping visible requests do not dismiss each other’s loading indicator (1.9275ms)
✔ repeated command taps and a lost reply retry with the same persistent request id (4.4276ms)
✔ unknown submission results cannot be replaced with changed content, but confirmed business errors allow correction (3.608ms)
✔ changing filters rejects an older response and a failed refresh preserves the last confirmed list (8.3505ms)
✔ a component hidden during a request emits no stale list and does not cache a failed load (5.1076ms)
✔ live signals refresh the available-order page automatically while preserving its filters (15.2422ms)
✔ signal bursts coalesce, changes during a refresh are not lost, and hidden callbacks cannot restart polling (3.0765ms)
✔ watch failures fall back to polling and reconnect; offline/background periods issue no reads (3.0235ms)
✔ image upload failure preserves every original path and a retry only uploads the failed image (1.8197ms)
✔ switching order tabs shows that tab’s recent snapshot immediately without crossing user identities (4.2873ms)
✔ an automatic refresh preserves deep-scroll results and refreshes when the user returns to the top (12.4477ms)
✔ production cloud wrapper supports manual registration and moderation with the installed SDK (451.5867ms)
✔ production cloud wrapper supports phone authorization with the installed SDK (331.0308ms)
✔ production cloud wrapper supports scoped database operations and notifications with the installed SDK (317.096ms)
✔ text audit preserves field boundaries, labels, trusted identity and the profile scene (2.7975ms)
✔ text audit accepts a documented pass with error-code representation {"errCode":0,"result":{"suggest":"pass"}} (0.672ms)
✔ text audit accepts a documented pass with error-code representation {"errcode":0,"result":{"suggest":"pass"}} (1.2696ms)
✔ text audit accepts a documented pass with error-code representation {"errCode":"0","result":{"suggest":"pass"}} (0.6836ms)
✔ provider failure 48001 (exception) is not a content violation (0.9902ms)
✔ provider failure 48001 (response) is not a content violation (0.696ms)
✔ provider failure 40003 (exception) is not a content violation (0.6662ms)
✔ provider failure 40003 (response) is not a content violation (0.6063ms)
✔ provider failure 45009 (exception) is not a content violation (2.1906ms)
✔ provider failure 45009 (response) is not a content violation (3.049ms)
✔ timeouts and missing identity have accurate errors and never report inappropriate text (4.83ms)
✔ malformed audit response is a service failure: undefined (1.2033ms)
✔ malformed audit response is a service failure: null (1.1561ms)
✔ malformed audit response is a service failure: {} (1.0326ms)
✔ malformed audit response is a service failure: {"errCode":0} (1.2304ms)
✔ malformed audit response is a service failure: {"errCode":0,"result":{"suggest":"unknown"}} (1.1132ms)
✔ legacy rejection and review responses identify the field without inventing offending words (1.5129ms)
✔ empty and numeric inputs need no audit; all selected text is size checked before requesting (1.3796ms)
✔ the existing explicit development switch still controls text checks (1.0147ms)
✔ existing unlabelled callers retain a single batched request for short multi-field input (1.2036ms)
✔ long Unicode fields remain valid text when split for auditing (3.2214ms)
✔ real registration audits only human profile text and stores a usable unverified manual account (42.4757ms)
✔ profile audit selects contact names and address text without their phones or form metadata (16.9052ms)
✔ additional legacy contact text cannot disappear behind a boolean or another field (18.82ms)
✔ unknown legacy form marks get safe field labels and still audit their actual values (28.2821ms)
✔ legacy fields sharing a display label cannot overwrite each other during text selection (29.4525ms)
✔ a nickname rejection is returned by the real route without creating registration records (36.5574ms)
✔ editing a profile identifies the rejected field and preserves the prior profile (31.4969ms)
✔ profile format errors are shown before calling an unavailable audit service (27.4765ms)
✔ a profile audit outage leaves no account and reports the service problem (24.5037ms)
✔ real service settings save without depending on a text service for numbers and switches (29.9352ms)
✔ real rules settings save without depending on a text service for numbers and switches (40.6385ms)
✔ real pricing settings save without depending on a text service for numbers and switches (42.6619ms)
✔ the real pricing page can change a number while submitting its unchanged settlement notice (34.7677ms)
✔ a changed settlement notice is audited alone; failed saves retain the page draft and database (32.3309ms)
✔ configuration format and authorization checks still precede external auditing and prevent writes (22.4603ms)
✔ deadline choices stay within the server seven-day window across Shanghai midnight and month boundaries (83.7955ms)
✔ invalid, past and out-of-range deadlines cannot be accepted and stale dates recover to a future choice (1.3351ms)
✔ custom deadline selection changes only a draft until confirmation and rejects a time that expires while open (10.4711ms)
✔ the submitted order address is authoritative even when the object snapshot has a different detail or phase (1.1513ms)
✔ delivery labels combine campus, saved phase and detail consistently without duplicating either prefix (0.1358ms)
✔ delivery labels repair legacy fields that mixed campus, detail, and phase (0.1543ms)
✔ the order retains its selected phase after the saved profile changes (19.6167ms)
✔ publishing rejects invalid or conflicting delivery phases (16.5488ms)
✔ available-order location filters the delivery phase even when pickup is in a different phase (15.7535ms)
✔ publishing and editing preserve the submitted address instead of replacing it with a matching profile address (14.4718ms)
✔ legacy orders recover the complete address from their own saved form without consulting the profile (26.0508ms)
✔ legacy detail and rider lists use the saved order address without exposing private form data (57.22ms)
✔ an order address is never inferred from the publisher profile, even if the detail matches exactly (83.0032ms)
✔ paginated lists fetch the published address in the order query and remove private forms after projection (23.4237ms)
✔ favorite synchronization batches requests, discards stale results and stops requests on hidden pages (6.3609ms)
✔ available-order favorites use explicit desired state, coalesce taps and refresh without overwriting hidden pages (9.8855ms)
✔ hiding an order list cancels the remaining batches of a favorite refresh (0.8898ms)
✔ cancelled login never creates a favorite and failed requests leave the displayed count unchanged (8.5375ms)
✔ reputation retries failures, paginates records, and ignores an old response after switching record sources (5.3864ms)
✔ review submission requires validated context and a selected star, retains a failed draft and locks a successful review (1.1756ms)
✔ already-reviewed pages display the saved rating read-only, and missing order links never submit (0.835ms)
✔ completed orders expose rating to publishers and riders and reviewed orders open the saved rating (3.6605ms)
✔ order complaints identify either counterpart before submission and block unresolved order information (2.5829ms)
✔ administrator star selection is required, sends the current version, and preserves a rejected decision draft (10.1396ms)
✔ all added page actions resolve to handlers and the reputation entry sits directly above contacts (12.851ms)
✔ order favorites are durable, idempotent under racing taps, visible to every viewer and removable after acceptance (37.2202ms)
✔ legacy order favorites count immediately, while missing and foreign orders cannot be collected (20.8806ms)
✔ every order participant can rate the other user after completion and only received ratings affect reputation (19.857ms)
✔ sent and received review lists expose public profiles and ratings without order or account metadata (33.522ms)
✔ historical reviews remain readable when the order is unavailable or the counterpart has no profile (26.0628ms)
✔ review retries and competing submissions cannot overwrite a rating or count it twice (34.0384ms)
✔ unfinished, self, unrelated and foreign orders, invalid stars and revoked accounts cannot submit reviews (10.6917ms)
✔ review authorization is rechecked inside the transaction after a concurrent account suspension (11.0433ms)
✔ pending complaints do not change reputation; reviewed stars target the counterpart and revisions replace the prior rating (14.9925ms)
✔ reopening, rejecting or explicitly revoking an adjudication removes its contribution without losing its audit (17.5109ms)
✔ both roles can submit targeted complaints, but unlinked feedback and unaudited decisions cannot rate a user (22.5394ms)
✔ racing administrator decisions apply once and changed payloads cannot reuse a request id (24.385ms)
✔ a complaint submitted before acceptance cannot later be assigned to a new rider (18.1115ms)
✔ reputation includes all historical ratings, clamps only the final total and isolates pagination by recipient and project (29.7656ms)
✔ 100 different users submit concurrently into the administrator inbox without a shared write lock (64.4571ms)
✔ concurrent duplicate requests create one record and consume one submission quota (13.0964ms)
✔ lost-response retries reuse archived evidence without repeating audits or consuming quota (18.9192ms)
✔ an interrupted database write rolls back the submission quota and can be retried safely (18.1981ms)
✔ new submissions remain rate limited per user while saved requests always remain retryable (20.2723ms)
✔ image audits have bounded concurrency and a failed image never creates a partial appeal (19.6893ms)
✔ concurrent administrator replies cannot overwrite each other and the user receives the committed result once (18.6966ms)
✔ feedback retries two transient transport failures with one request id and increasing bounded waits (12.4441ms)
✔ exhausted network retries retain the pending id while business rejection is never retried automatically (6.2485ms)
✔ form setters match field marks when the parent supplies a different order (9.3563ms)
✔ form setters tolerate extra values and restore missing field values (7.5318ms)
✔ standalone order page: saved defaults update the real form without changing image types (8.8562ms)
✔ standalone order page: a completed order resets both snapshots and accepts the next saved address (11.2844ms)
✔ standalone order page: refreshing defaults preserves an edited or cleared draft: "本单临时地址" (6.7453ms)
✔ standalone order page: refreshing defaults preserves an edited or cleared draft: "" (4.2411ms)
✔ embedded home form: saved defaults update the real form without changing image types (9.7657ms)
✔ embedded home form: a completed order resets both snapshots and accepts the next saved address (4.3117ms)
✔ embedded home form: refreshing defaults preserves an edited or cleared draft: "本单临时地址" (3.1388ms)
✔ embedded home form: refreshing defaults preserves an edited or cleared draft: "" (3.5302ms)
✔ an older profile response cannot undo a more recently saved default address (3.1094ms)
✔ refreshing personal defaults does not replace an existing order being edited (13.8536ms)
✔ saving the first common address fills the home form through the actual profile save methods (5.0863ms)
✔ two consecutive home submissions use fresh parcel data and the refreshed default address (6.3459ms)
✔ absent operations config opens the default service, but saved false or malformed settings stay paused (12.361ms)
✔ operations config read errors do not silently enable service or return local defaults (19.6229ms)
✔ saved pause continues to block both server publishing and accepting without stopping existing fulfillment (46.0123ms)
✔ missing or disabled business hours enforcement allows publishing all day on the client and server (3.4287ms)
✔ service badge and server agree on explicitly enabled opening boundaries in UTC+8 (0.2768ms)
✔ detail presentation calculates fees, package tags and safe Beijing times (1.7715ms)
✔ detail primary actions depend on actual order role and status, never on page entry (0.5726ms)
✔ public presentation never projects contact or event history, even if a malformed DTO includes it (0.2098ms)
✔ order history is visible only to the publisher across order states (6.033ms)
✔ shared detail template handlers are implemented in both page controllers (2.177ms)
✔ participant primary button confirms pickup and delivery before advancing, and honors busy/error (1.3637ms)
✔ more menu filters mutations by role/state, and cancellation is never performed without confirmation (6.177ms)
✔ delivery sheet requires a note and a photo, ignores unsupported actions and caps attachments at six (1.0394ms)
✔ participant contact uses the other party and image previews stay in the authorized group (4.2115ms)
✔ public accepting locks before confirmation, avoids repeat requests and exposes reactive button state (3.5908ms)
✔ copying a parcel code uses that parcel and remains unavailable to other viewers (3.7367ms)
✔ publish screenshot selection and hidden form both cap attachments at six (4.8211ms)
✔ order command locks before async login/upload and refuses actions not allowed in the displayed state (3.3753ms)
[wechat-phone-login] { stage: 'native_callback', reason: 'permission_denied', errCode: 102 }
[wechat-phone-login] { stage: 'native_callback', reason: 'unsupported', errCode: null }
[wechat-phone-login] { stage: 'native_callback', reason: 'permission_denied', errCode: 102 }
✔ custom campus selection previews a choice, cancels cleanly, and commits only a valid option (15.6261ms)
✔ saving personal information persists the selected campus and preserves other saved fields (7.4619ms)
✔ editing cached personal information is not overwritten by a background response (5.1426ms)
✔ contact editor retains drafts on save failure and preserves the default flag after retry (7.6601ms)
✔ address editor retains drafts on save failure and preserves the default flag after retry (4.3213ms)
✔ collection saves coalesce repeated taps and do not discard an editor before the request completes (7.8994ms)
✔ deleting a preceding contact keeps the current edit attached to the same person (5.3945ms)
✔ every personal-center entry reaches its intended destination and private entries respect login cancellation (16.8368ms)
✔ settings clears cached profile data while keeping login, drafts and pending requests (7.0949ms)
✔ clearing caches prevents older requests from restoring stale profile and campus entries (3.1033ms)
✔ registration keeps the returned login token, binds the invitation, and returns to the requesting page (6.5146ms)
✔ registration requiring review does not grant an active login token (3.4208ms)
✔ registration displays the specific audit error and retains the editable draft: 「学院」未通过微信文字审核，请修改该字段后重试 (3.3636ms)
✔ registration displays the specific audit error and retains the editable draft: 微信文字审核服务暂无调用权限，请联系管理员检查服务配置（错误码：48001） (3.3213ms)
✔ unsupported native capabilities open manual registration and submit without reading WeChat data (11.7149ms)
✔ manual avatar selection supports the modern picker and keeps the current image on cancellation (4.5505ms)
✔ manual entry is available even when the native button never invokes its callback (2.9773ms)
✔ unavailable phone authorization falls back without discarding draft fields: {"errMsg":"getPhoneNumber:fail","errno":102} (12.7493ms)
✔ unavailable phone authorization falls back without discarding draft fields: {"errMsg":"getPhoneNumber:fail not support"} (11.1826ms)
✔ strict mode and old configurations do not offer manual registration after native failures (11.3846ms)
[wechat-phone-login] { stage: 'native_callback', reason: 'permission_denied', errCode: 102 }
✔ a native capability failure waits for delayed server policy: manual allowed=true (21.1462ms)
[wechat-phone-login] { stage: 'native_callback', reason: 'permission_denied', errCode: 102 }
[wechat-phone-login] { stage: 'native_callback', reason: 'permission_denied', errCode: 102 }
[wechat-phone-login] { stage: 'native_callback', reason: 'ok', errCode: null }
[wechat-phone-login] { stage: 'cloud_request', reason: '', errCode: null }
[wechat-phone-login] { stage: 'cloud_success', reason: '', errCode: null }
[wechat-phone-login] { stage: 'native_callback', reason: 'permission_denied', errCode: 102 }
[wechat-phone-login] { stage: 'native_callback', reason: 'ok', errCode: null }
[wechat-phone-login] { stage: 'cloud_request', reason: '', errCode: null }
[wechat-phone-login] {
  stage: 'cloud_failure',
  reason: 'environment_missing',
  errCode: null
}
[wechat-phone-login] { stage: 'native_callback', reason: 'ok', errCode: null }
[wechat-phone-login] { stage: 'cloud_request', reason: '', errCode: null }
[wechat-phone-login] { stage: 'cloud_success', reason: '', errCode: null }
[wechat-phone-login] { stage: 'native_callback', reason: 'ok', errCode: null }
[wechat-phone-login] { stage: 'cloud_request', reason: '', errCode: null }
[wechat-phone-login] { stage: 'cloud_success', reason: '', errCode: null }
[wechat-phone-login] { stage: 'native_callback', reason: 'ok', errCode: null }
[wechat-phone-login] { stage: 'cloud_request', reason: '', errCode: null }
[wechat-phone-login] { stage: 'cloud_success', reason: '', errCode: null }
✔ a native capability failure waits for delayed server policy: manual allowed=false (9.8655ms)
✔ manual registration policy survives shared cache reads and is revoked by fresh configuration (10.2813ms)
✔ manual accounts remain on their personal pages instead of looping back to phone authorization (19.1716ms)
✔ manual registration recovers a lost save response before returning to the original feature (12.6191ms)
✔ phone authorization after manual entry keeps drafts and applies the verified phone (16.4494ms)
✔ new registration shows WeChat login first and resumes an incomplete authorized profile (6.7904ms)
✔ an empty cloud success envelope is a guest and never forces a spurious completion redirect (9.2851ms)
✔ denied authorization and duplicate taps never bypass the WeChat login stage (6.5348ms)
✔ registration visibly explains native phone capability failures and releases the button (12.9138ms)
✔ registration exposes cloud setup failures and can succeed after a fresh authorization (9.92ms)
✔ phone reauthorization preserves an unsaved nickname and requires server-confirmed data (5.0748ms)
✔ a completed registration with a lost response refreshes the session before returning to the business page (10.821ms)
✔ a failed session refresh after profile completion stays retryable instead of reopening a blocked feature (13.4899ms)
✔ an older guest profile response cannot overwrite a successful phone login (10.8516ms)
✔ an older guest profile failure cannot overwrite a successful phone login (13.2434ms)
✔ favorite mutations ignore repeated taps while login or saving is in flight (6.774ms)
✔ feedback detail can retry a failed request and formats returned timestamps (3.7278ms)
✔ invitation links survive a warm app launch and network failure, then clear after a successful bind (6.977ms)
✔ invite records paginate without recreating codes and sharing carries the current code (6.683ms)
✔ favorites can search, open and remove records, and retain data on a failed removal (1.0769ms)
✔ sent and received reviews have independent pages, queries and late-response lifecycles (3.7732ms)
✔ address edits require one of the five phases and preserve the existing detail during selection (3.514ms)
Error: 网络中断
    at TestContext.<anonymous> (B:\zhumian\zm\kaidi\scripts\tests\my-page-features.test.js:633:18)
    at async Test.run (node:internal/test_runner/test:1389:7)
    at async Test.processPendingSubtests (node:internal/test_runner/test:960:7)
✔ feedback prevents duplicate clicks, preserves a failed draft and retries its original content (3.3334ms)
✔ both review lists retain display fields only and offer no completed-order navigation (3.7105ms)
✔ review lists preserve legacy names and recover missing avatars without clearing a refreshed image (4.659ms)
✔ feedback image controls enforce the supported six-image limit and submit functional feedback as a suggestion (1.4981ms)
✔ messages remain available when optional subscription configuration hangs and malformed dates are tolerated (6.1752ms)
✔ shared profile templates and all personal-center pages bind existing event handlers (12.8849ms)
✔ personal lists paginate deterministically and exclude other users and projects (40.3203ms)
✔ favorites persist server-derived metadata, support literal search and remove without toggling (10.6685ms)
✔ favorites reject unknown types, hidden content, and users without active accounts (16.9663ms)
✔ favorite delete route calls deletion with the object id (1.5252ms)
✔ an invite code stays stable and never appears as a fake invitation record (18.9674ms)
✔ concurrent invite acceptance binds each person once and retries preserve the first inviter (15.2199ms)
✔ invite binding validates registration, code ownership and project scope (12.5801ms)
✔ legacy invite codes and accepted relationships survive the new flow (12.6239ms)
✔ all entry badges share one request and one 60 second timer, and backgrounding stops polling (5.6691ms)
✔ failed refresh retains the last confirmed count and a late response cannot leak another identity (1.0427ms)
✔ read acknowledgements coalesce and a stale count cannot overwrite the refreshed badge (0.9349ms)
✔ acknowledgements completed in the background refresh only after returning to the app (2.7614ms)
✔ failed reads retain unread state and can be retried (1.0444ms)
✔ announcements are marked read only after successful detail rendering (2.1545ms)
✔ missing, failed and hidden announcement details never clear unread state (3.3504ms)
✔ mail/my_detail/mail_my_detail acknowledges the clicked message after rendering, but not on a failed load (11.2561ms)
✔ feedback/detail/feedback_detail acknowledges the clicked message after rendering, but not on a failed load (9.7759ms)
✔ my/reputation/my_reputation acknowledges the clicked message after rendering, but not on a failed load (4.6173ms)
✔ message list alone and navigation failure do not clear unread; feedback links open the exact reply (3.4085ms)
✔ generic message displays its full content before acknowledgement and repeated taps open once (2.6612ms)
✔ unread filter rejects stale list responses and pagination carries the server cursor (2.855ms)
✔ mark all waits for the server, coalesces taps and retains failed state (2.8341ms)
✔ home, personal center and custom tab bar receive the same badge and home opens the actual announcement (3.2991ms)
✔ unread summary counts beyond SDK page limits and excludes other users, projects and stopped announcements (123.9612ms)
✔ reading an announcement is persistent, idempotent and independent per user, and edits retain read state (22.5926ms)
✔ message reads and summaries enforce identity, project and active-user permissions (14.4622ms)
✔ cursor pagination merges announcements and private messages without gaps at equal timestamps (16.6287ms)
✔ reading earlier rows and new arrivals do not shift subsequent unread pages (7.8725ms)
✔ mark all reads every page, preserves deliveries, and leaves messages arriving during the write unread (175.6325ms)
✔ public featured announcement is pinned first and never includes private message fields (11.282ms)
✔ announcement draft returns the document id and becomes visible only after content is uploaded and published (19.1978ms)
✔ evidence accepts only exact owner upload prefix and rejects nested prefix spoofing (2.5528ms)
✔ audited evidence is copied server-side and only authorized archived files can be reused (4.2456ms)
✔ image size, signature and moderation failures do not create evidence (2.0129ms)
✔ development moderation switch does not bypass file validation or evidence archiving (0.7428ms)
✔ text review uses trusted identity, segments long inputs and fails closed (1.1108ms)
✔ weak network retries reuse command id without persisting personal payload (1.7475ms)
✔ command cache isolates users, administrator sessions and changed payloads (1.1664ms)
✔ operation controller authenticates first, normalizes absent status and requires mutation ids (3.4553ms)
✔ database wrapper treats only missing documents as absent, never network errors (8.2367ms)
✔ publish page sends selected deadline after successful upload and guards repeated taps (10.2396ms)
✔ disabled payment methods return explicit business errors without touching cloud payment (4.6865ms)
✔ administrator sessions require matching identity, active account, unexpired token and correct role (2.201ms)
✔ server recomputes cents and rejects malformed forms, disabled service and bad deadlines (17.9016ms)
✔ public DTO exposes pickup and delivery locations without contacts or pickup credentials (39.5045ms)
✔ locations stay public while credentials unlock only for the accepting rider and history stays publisher-only (15.4923ms)
✔ anonymous viewers never match unassigned or missing order identities (14.0821ms)
✔ publish retry is idempotent even after closure, and changed payload cannot reuse the key (9.4763ms)
✔ two racing riders yield one accept, one quota reservation and no partial loser writes (10.6558ms)
✔ active registered users, order campus, self-accept and deadline are server enforced (40.8454ms)
✔ accept versus cancel serializes and accept versus edit never mutates an accepted order (6.5807ms)
✔ only rider can submit required proof; only poster can confirm; quotas released once (11.1754ms)
✔ exception freezes flow and requires active administrator resolution with audit (14.8017ms)
✔ quota counts concurrent publishes and accepted orders; unsafe mutation APIs are disabled (16.1503ms)
✔ feedback is participant scoped and optimistic replies are idempotent and notify once (20.5905ms)
✔ maintenance expires only waiting offline orders, not delivered orders, and is repeat safe (28.8577ms)
✔ notification claim prevents double dispatch and retry budget terminates failures (18.717ms)
✔ scrypt passwords accept the test default and reject legacy hashes (185.3237ms)
✔ admin login verifies password before issuing a token and password changes revoke it (204.3851ms)
✔ registration is unique under racing calls and cannot self-authorize or edit a disabled profile (12.7653ms)
✔ invalid quantity coercions and normalized impossible dates are rejected (10.0619ms)
✔ administrator can freeze and resolve a disabled participant order with preserved audit (12.7569ms)
✔ configuration rechecks current administrator permission inside transaction (9.0438ms)
✔ operational pages are registered, syntactically valid, and template handlers exist (13.2031ms)
✔ all backend and frontend CommonJS files compile and relative module references resolve (85.4085ms)
✔ operation routes resolve to real controller methods and unsafe payment UI is absent (3.4913ms)
✔ card pickup advances to delivery; delivery navigates to details and changes state only after text and photos are submitted (52.6534ms)
✔ detail pickup and delivery use separate confirmations, and cancelling either leaves the order unchanged (22.1697ms)
✔ delivery links reload the order and refuse unpicked, changed or unrelated orders (89.5132ms)
✔ a failed photo upload keeps the delivery draft and allows one successful retry (18.7392ms)
✔ hidden, stale or unrelated card actions cannot advance the order, and navigation errors can be retried (13.646ms)
✔ all card sections and detail roles use the full order address, including an older order form snapshot (11.6163ms)
✔ feed transport reads only the scoped endpoint, polls with jitter, and closes cleanly (9.268ms)
✔ failed or oversized feed replies stop polling and report one failure (10.8743ms)
✔ rider replaces a wrong photo from the proof card while retaining the other photo and delivery time (49.6225ms)
✔ only the assigned rider can update an existing proof on a pending receipt order (196.2492ms)
✔ proof corrections validate text, photo count and ownership without replacing the saved evidence on failure (36.1989ms)
✔ a note-only correction reuses the current archived photos (15.7147ms)
✔ correction retries replay once, recover their outcome, and reject changed or cancelled requests (25.7594ms)
✔ a receipt confirmed during photo audit prevents the correction from overwriting completed evidence (19.9096ms)
✔ overlapping confirmation and proof correction serialize without reopening a completed order (31.6101ms)
✔ cancelling restores the saved proof on reopening, and an incomplete correction never uploads (14.0442ms)
✔ failed correction uploads retain the draft and repeated save taps produce one successful retry (38.1693ms)
✔ stale correction pages close after receipt confirmation and cannot update while hidden or failed (12.5813ms)
✔ both detail entry points allow the rider to update, and stale links or other roles cannot open the editor (33.1663ms)
✔ missing signed previews preserve photo identities so the rider can replace unavailable photos (18.089ms)
✔ posted receipt entry checks ownership and closed orders, prevents duplicate navigation, and recovers from navigation failure (3.1116ms)
✔ pending posted orders retain the receipt entry and explain availability in their details (7.9599ms)
✔ posted receipt entry retains both confirmations, submits once, clears caches, and refreshes the posted list on return (9.7073ms)
✔ fresh order data blocks receipt confirmation for a changed status or a different viewer (11.492ms)
✔ cancelling either confirmation or hiding the detail prevents receipt submission (7.9074ms)
✔ failed or background detail loads cannot open a receipt modal, and a visible retry can recover (2.0404ms)
✔ a rejected receipt keeps lists intact and reloads the latest order state (3.097ms)
✔ ordinary detail visits and existing delivery links do not trigger receipt confirmation (6.0527ms)
[maintenance] item failed { code: 'PROCESS_FAILED' }
✔ 100 overlapping riders can claim an order only once, with one quota and atomic history/notifications (95.645ms)
✔ 100 duplicate publishes all recover the same result and consume one business rate-limit slot (78.8894ms)
✔ concurrent claims on different orders enforce the rider limit without dropping existing reservations (38.2685ms)
✔ a write failure rolls back the order, quota, idempotency record and public refresh signal together (19.1537ms)
✔ accept versus cancel remains exclusive, while an edit can never overwrite a successful claim (204.4771ms)
✔ orders already accepted remain visible after the acceptance deadline passes (19.1877ms)
✔ a legacy quota seed is revalidated after another transaction closes an order (9.7964ms)
✔ cursor pagination survives removed first-page rows, new publications and timestamp ties (13.9505ms)
✔ refresh signals contain no order identifiers, identities, addresses or pickup codes (10.7171ms)
✔ SDK transactions retry only definite conflicts, with rollback-aware SDK retries disabled (3.5897ms)
✔ chat messages and administrator replies keep one record when their responses are lost or requests race (16.9392ms)
✔ favorite refresh uses a bounded number of database queries as the displayed order count grows (17.2914ms)
✔ maintenance isolates a failing item, repairs legacy history and reminds orders already picked up (13.5041ms)
✔ mail_add.js: send publishes without pickup credentials, edits and completes delivery (68.818ms)
✔ mail_add_embedded.js: send publishes without pickup credentials, edits and completes delivery (32.2469ms)
✔ mail_add.js: buy publishes without pickup credentials, edits and completes delivery (25.4247ms)
✔ mail_add_embedded.js: buy publishes without pickup credentials, edits and completes delivery (38.0494ms)
✔ buy form rejects missing goods, invalid quantities and budgets before submission (8.3504ms)
✔ server validates service and buying fields and preserves legacy pickup proof requirements (13.1844ms)
✔ mail_add.js: the typed delivery address survives profile refresh and reaches the order unchanged (41.3886ms)
✔ mail_add.js: the full selected delivery address reaches the server even if the hidden form is stale (98.4316ms)
✔ mail_add.js: submission keeps the selected phase when the form component returns only the detail (15.2835ms)
✔ mail_add_embedded.js: the typed delivery address survives profile refresh and reaches the order unchanged (26.3202ms)
✔ mail_add_embedded.js: the full selected delivery address reaches the server even if the hidden form is stale (114.5505ms)
✔ mail_add_embedded.js: submission keeps the selected phase when the form component returns only the detail (18.3835ms)
✔ mail_add.js: each parcel selects its own pickup point and cancellation preserves the saved choice (10.3591ms)
✔ mail_add_embedded.js: each parcel selects its own pickup point and cancellation preserves the saved choice (8.2158ms)
✔ adding, removing and refreshing parcels keeps the picker attached to the same parcel (10.3318ms)
✔ editing restores every stored parcel even when database records have no client ids (26.9971ms)
✔ publishing requires each pickup point before any upload and resets the next draft (10.8614ms)
✔ home submission exposes all pickup points but keeps per-package credentials private until acceptance (12.6437ms)
✔ server validates every modern parcel point without trusting an order-wide fallback (6.5241ms)
✔ legacy invalid media and empty parcel entries cannot move a photo to another parcel (8.1774ms)
✔ both form entries use one implementation and no longer bind the old pickup controls (0.3256ms)
✔ all registered pages, components, imports and static navigation resolve after consolidation (63.0996ms)
✔ redundant pages are removed while export and role-specific workflows remain registered (0.795ms)
✔ new-page development settings do not use hot reload or unused-file filtering (0.2648ms)
✔ redesigned page templates bind only existing handlers (5.4209ms)
✔ messages paginate without fetching profile or config again, and stop at the last page (3.3182ms)
✔ unloading ignores pending notification responses (5.2082ms)
✔ linked messages wait for destination acknowledgement and feedback links take priority (1.5205ms)
✔ duplicate message clicks do not submit extra requests (1.2759ms)
✔ unified about page defaults to editable about content and refresh retains the contact key (1.315ms)
✔ 100 distinct users publish distinct orders concurrently with production retry limits (442.2686ms)
ℹ {"users":100,"clients":100,"perUser":1,"imagesPerOrder":0,"syntheticCommitDelayMs":10,"accepted":100,"rejected":0,"stored":100,"succeededWithoutClientRetry":100,"cloudAttempts":100,"clientRetries":0,"lostReplies":0,"failedWrites":0,"textAudits":100,"imageAudits":0,"transactionConflicts":59,"peakTransactions":100,"integrity":{"missing":0,"unexpected":0,"wrongOwner":0,"wrongContent":0,"incomplete":0,"quotaErrors":0,"events":100,"requests":100,"notifications":100,"visible":100,"uniqueVisible":100,"visibleMismatch":0},"errors":[]}
✔ 300 distinct users publish distinct orders concurrently with production retry limits (972.0537ms)
ℹ {"users":300,"clients":300,"perUser":1,"imagesPerOrder":0,"syntheticCommitDelayMs":10,"accepted":300,"rejected":0,"stored":300,"succeededWithoutClientRetry":300,"cloudAttempts":300,"clientRetries":0,"lostReplies":0,"failedWrites":0,"textAudits":300,"imageAudits":0,"transactionConflicts":353,"peakTransactions":300,"integrity":{"missing":0,"unexpected":0,"wrongOwner":0,"wrongContent":0,"incomplete":0,"quotaErrors":0,"events":300,"requests":300,"notifications":300,"visible":300,"uniqueVisible":300,"visibleMismatch":0},"errors":[]}
✔ 1000 distinct users publish distinct orders concurrently with production retry limits (2343.7313ms)
ℹ {"users":1000,"clients":1000,"perUser":1,"imagesPerOrder":0,"syntheticCommitDelayMs":10,"accepted":1000,"rejected":0,"stored":1000,"succeededWithoutClientRetry":891,"cloudAttempts":1109,"clientRetries":109,"lostReplies":0,"failedWrites":0,"textAudits":1109,"imageAudits":0,"transactionConflicts":2821,"peakTransactions":1000,"integrity":{"missing":0,"unexpected":0,"wrongOwner":0,"wrongContent":0,"incomplete":0,"quotaErrors":0,"events":1000,"requests":1000,"notifications":1000,"visible":1000,"uniqueVisible":1000,"visibleMismatch":0},"errors":[]}
✔ 100 identities publish five distinct orders each through 500 simultaneous clients without losing quota entries (1017.3503ms)
ℹ {"users":100,"clients":500,"perUser":5,"imagesPerOrder":0,"syntheticCommitDelayMs":10,"accepted":500,"rejected":0,"stored":500,"succeededWithoutClientRetry":500,"cloudAttempts":500,"clientRetries":0,"lostReplies":0,"failedWrites":0,"textAudits":500,"imageAudits":0,"transactionConflicts":1034,"peakTransactions":500,"integrity":{"missing":0,"unexpected":0,"wrongOwner":0,"wrongContent":0,"incomplete":0,"quotaErrors":0,"events":500,"requests":500,"notifications":500,"visible":500,"uniqueVisible":500,"visibleMismatch":0},"errors":[]}
✔ 200 distinct image orders survive injected write failures and lost post-commit responses without duplication (1737.3786ms)
ℹ {"users":200,"clients":200,"perUser":1,"imagesPerOrder":6,"syntheticCommitDelayMs":10,"accepted":200,"rejected":0,"stored":200,"succeededWithoutClientRetry":140,"cloudAttempts":270,"clientRetries":70,"lostReplies":50,"failedWrites":20,"textAudits":220,"imageAudits":1320,"transactionConflicts":176,"peakTransactions":200,"integrity":{"missing":0,"unexpected":0,"wrongOwner":0,"wrongContent":0,"incomplete":0,"quotaErrors":0,"events":200,"requests":200,"notifications":200,"visible":200,"uniqueVisible":200,"visibleMismatch":0},"errors":[]}
✔ recovery returns a committed publication and refuses other actions or identities (20.3446ms)
✔ closing an unknown publication races safely with its in-flight transaction (198.7497ms)
✔ request closure also prevents late order changes, feedback, reviews and administrator replies (26.1892ms)
✔ committed image publications replay through the real controller before audit and deadline checks (41.8897ms)
✔ command signatures and requests keep the original payload when a caller mutates its form (10.402ms)
✔ a restarted client reconciles only request identifiers and can safely submit changed content afterward (13.4315ms)
✔ a business rejection after a lost reply cannot erase the still-unknown original request (5.0077ms)
✔ tenant administration loads only the selected campus and account details (4.9234ms)
✔ late campus and account details cannot replace the current selection (2.7634ms)
✔ failed detail loading prevents accidental clearing and can be retried (3.1923ms)
✔ initialization shares one catalog read and freezes a command before yielding (13.3699ms)
✔ catalog failure releases initialization state so the next attempt can recover (3.7472ms)
✔ late campus A replies cannot overwrite campus B data or reuse its read cache (3.8876ms)
✔ switching is blocked while a command is pending and recovery retains its original campus (3.5849ms)
✔ switching schools clears login and list caches but retains uncertain request identifiers (1.756ms)
✔ a disabled saved campus offers valid alternatives, while admins can reopen the final disabled campus (10.7426ms)
✔ late profile configuration cannot replace the next campus location choices (8.0641ms)
✔ opening a subscription resolves its campus before starting order reads (8.9115ms)
✔ leaving a subscription page before directory resolution cannot switch the active campus (4.8048ms)
✔ missing tenant context fails closed for operational collections (1.6195ms)
✔ concurrent asynchronous requests retain separate campus contexts (1.1314ms)
✔ scope survives projections, pagination, OR queries and counts (0.3803ms)
✔ foreign and legacy document IDs cannot disclose or overwrite rows (0.9738ms)
✔ inserts and transactional writes stamp scope and prevent scope reassignment (2.2759ms)
✔ batch updates and deletes affect only the active campus (0.7187ms)
✔ school profiles are shared within a school and hidden from other schools (0.268ms)
✔ aggregate joins constrain both sides and raw nested pipelines are rejected (0.5434ms)
✔ only explicit server system context can inspect the whole project (0.4112ms)
✔ migration fingerprints ignore object key ordering and reject edits after preview (15.2279ms)
✔ ambiguous legacy rows stop their batch, and fresh scoped records are preserved (6.6266ms)
✔ shared request guards journal once and rollback restores every legacy record exactly (10.6164ms)
✔ rollback refuses to overwrite a post-migration business change (11.5739ms)
✔ phone uniqueness conflicts are detected before the conflicting row is changed (10.6323ms)
✔ duplicate phone locks in the same batch reject apply without a partial migration (7.8318ms)
✔ verification requires complete scans, and finalization rebuilds an early empty news manifest (33.5406ms)
✔ orders, configurations, quotas and notifications stay in their server-resolved campus (29.714ms)
✔ publishing and recovering a request in another campus cannot create a second order (12.1058ms)
✔ simultaneous acceptance has one winner and foreign-campus riders cannot participate (23.2602ms)
✔ directory edits require live platform authority, preserve versions, and new campuses stay paused (6.5875ms)
✔ directory metadata excludes location bodies and grants, while details enforce platform access (3.6556ms)
✔ order transactions ignore school grants and still recheck live admin status (18.3287ms)
✔ news manifests and read acknowledgements isolate campuses and survive edits (11.3583ms)
✔ scheduled jobs process all campuses with transactions and skip zero due times (16.8581ms)
✔ failed oldest worker rows do not starve later rows across bounded runs (13.3489ms)
✔ plugin quotes are versioned and explicitly enabled opening hours are enforced by the server (14.6545ms)
✔ business hours controls only affect the active campus without requiring campus grants (3.69ms)
✔ the feed endpoint returns only current-campus opaque revisions (15.2243ms)
✔ super admins can update the shared school registration policy without school grants (19.9038ms)
✔ administrator login limits cannot be reset by changing campuses (4.1158ms)
✔ worker budget stops starting new items and preserves the first unprocessed row (9.9759ms)
✔ subscription links retain the originating campus when users have switched elsewhere (13.0466ms)
✔ home service tabs activate only the selected form (3.0326ms)
✔ home starts independent requests together and coalesces repeated loads (4.924ms)
✔ saved address and contact choices support cancel, explicit confirmation and stable values after returning (6.4558ms)
✔ publishing from the home form leaves a fresh editable parcel ready for the next order (1.8397ms)
✔ publish config failure exits loading and retries without a modal loop or duplicate form fields (2.6843ms)
✔ refresh preserves publish drafts and campus, and blocks submission on failed config refresh (3.6738ms)
✔ invalid config fails closed instead of calling toFixed on malformed prices (14.7315ms)
✔ publish retry coalesces repeated taps while config is pending (6.8491ms)
✔ editing cannot expose a blank save form when original detail failed or is not editable (6.2093ms)
✔ order detail renders even if optional config fails or never resolves (7.7828ms)
✔ missing ids and null/empty order responses show a terminal state, never endless loading (8.6126ms)
✔ legacy invalid history timestamps do not prevent loading the order (3.0124ms)
✔ order refresh ignores stale and hidden responses, preserves displayed data on transient failure (5.4167ms)
✔ public detail retries a failed load and refreshes when returning to a visible page (1.3798ms)
✔ failed collection creation cannot be cached as successful setup; recovery retries in the same instance (3.6792ms)
✔ concurrent collection creation tolerates a false result only when the collection now exists (0.6256ms)
✔ an initialized cold instance performs one schema lookup and shares that result with concurrent calls (0.7907ms)
✔ mail/add/mail_add.js can recover a saved submission without erasing the current draft (1.9833ms)
✔ mail/add/mail_add_logic.js can recover a saved submission without erasing the current draft (1.3128ms)
✔ unavailable private images do not block text details or leak files to public callers (1.0813ms)
✔ empty image upload makes no redundant config or cloud storage request (0.944ms)
✔ personal layout uses a native safe navigation bar, scoped full-width cards and no negative overlap (0.4724ms)
✔ profile entry routes unfinished accounts to login and complete accounts to personal information without legacy routes (2.843ms)
✔ cached account {"phoneVerified":false} cannot pass the business login gate (2.3727ms)
✔ cached account {"profileComplete":false} cannot pass the business login gate (0.7188ms)
✔ cached account {"status":0} cannot pass the business login gate (0.667ms)
✔ cached account {"status":8} cannot pass the business login gate (0.6619ms)
✔ cached account {"status":9} cannot pass the business login gate (0.6162ms)
✔ legacy cached tokens must refresh readiness before being used (1.4597ms)
✔ phone authorization sends only the one-time code and retains the incomplete authenticated session (2.2337ms)
✔ declined authorization makes no cloud call and preserves an existing session (1.0716ms)
✔ native phone failure cancelled has its own explanation without calling the cloud (0.7932ms)
✔ native phone failure privacy has its own explanation without calling the cloud (0.6771ms)
✔ native phone failure permission_denied has its own explanation without calling the cloud (0.7286ms)
✔ native phone failure permission_denied has its own explanation without calling the cloud (0.5917ms)
✔ native phone failure unsupported has its own explanation without calling the cloud (0.5956ms)
✔ native phone failure missing_code has its own explanation without calling the cloud (0.633ms)
✔ cloud phone failure environment_missing survives the generic SDK wrapper message (0.6446ms)
✔ cloud phone failure function_missing survives the generic SDK wrapper message (0.6165ms)
✔ cloud phone failure timeout survives the generic SDK wrapper message (0.5644ms)
✔ phone diagnostics identify the failing boundary without exposing authorization data (0.7966ms)
✔ an earlier silent login reply cannot overwrite a completed phone login (0.6643ms)
✔ partial accounts are sent to the completion page while keeping the original destination (0.7288ms)
✔ server-enabled manual accounts can use features without claiming a verified phone (0.5861ms)
✔ manual account status 0 still blocks business access with the correct explanation (0.5864ms)
✔ manual account status 8 still blocks business access with the correct explanation (0.5502ms)
✔ manual account status 9 still blocks business access with the correct explanation (0.6001ms)
✔ manual sessions revalidate the server policy so strict mode takes effect without clearing storage (0.6188ms)
✔ failed phone exchanges retain only the numeric provider error in diagnostics (23.099ms)
✔ hand-entered registration cannot claim a verified WeChat phone or active account (10.1589ms)
✔ editing a verified profile preserves the verified phone and updates login details (12.1121ms)
✔ a direct profile edit cannot replace the phone with an unverified number (9.0007ms)
✔ server requires the registration field sex even when the page is bypassed (7.7099ms)
✔ server requires the registration field college even when the page is bypassed (10.9311ms)
✔ server requires the registration field sub even when the page is bypassed (15.214ms)
✔ server requires the registration field campus even when the page is bypassed (7.8781ms)
✔ active status alone does not permit business access with an incomplete or unverified profile (9.9394ms)
✔ order transactions recheck profile readiness after the initial user check (13.4386ms)
✔ WeChat phone login creates one incomplete account and only completed registration enables business (12.2083ms)
✔ first profile completion obeys the current school review rule and ignores client status (11.1009ms)
✔ phone ownership is exclusive across campuses of a school and isolated between schools (8.87ms)
✔ failed, expired, mismatched-app and malformed phone authorizations create no account (50.1533ms)
✔ authorization cannot revive a disabled account or bypass rejected registration (8.6125ms)
✔ successful phone rebinding rejects a stale profile save and releases only its own old phone (8.7321ms)
✔ manual registration uses the cloud identity, leaves the phone unverified, and permits publishing (11.8072ms)
✔ public configuration advertises only the server-selected manual registration policy (6.7318ms)
✔ existing unverified profiles can be completed and edited without native authorization (9.7729ms)
✔ manual registration still obeys school review and disabled or rejected account states (11.4658ms)
✔ manual registration retains required fields and cannot create accounts without identity (7.5402ms)
✔ concurrent manual registrations enforce school phone ownership and create one account (11.978ms)
✔ manual registration detects legacy phone owners even before the uniqueness index is seeded (7.4436ms)
✔ enabling manual registration never lets an already verified phone be replaced by typing (7.1221ms)
✔ restoring strict mode blocks manual accounts in login eligibility and in-flight business transactions (9.7763ms)
✔ manual profile saves recheck concurrent account changes {"USER_STATUS":9} (8.5767ms)
✔ manual profile saves recheck concurrent account changes {"USER_MOBILE":"13987654321","USER_MOBILE_VERIFIED":true} (14.2654ms)
✔ order and notification workers reject forged client timers before initialization (5.4012ms)
✔ migration requires explicit enablement and target environment; plan never applies a caller dryRun flag (4.7103ms)
ℹ tests 554
ℹ suites 0
ℹ pass 554
ℹ fail 0
ℹ cancelled 0
ℹ skipped 0
ℹ todo 0
ℹ duration_ms 7463.4374
