✔ internal testing defaults to credentials-only login and can explicitly restore account checks (1.9161ms)
✔ an existing admin without campus grants can log in and retain a session with status 1 (54.6017ms)
✔ an existing admin without campus grants can log in and retain a session with status 0 (51.484ms)
✔ an existing admin without campus grants can log in and retain a session with status undefined (49.4647ms)
✔ incorrect or missing credentials remain rejected, without creating admins or locking out a later correct attempt (307.0722ms)
✔ correct credentials still work when an old login rate-limit bucket is exhausted (49.7788ms)
✔ internal admin sessions still require the latest token, its owner, expiry and the proper role (71.8674ms)
✔ legacy admins can use the dashboard and existing write transactions while rows remain campus isolated (64.6027ms)
✔ the real admin login route accepts a correct existing account shorter than five characters (59.7706ms)
✔ restoring account checks does not restore school grants but still rejects disabled accounts and rate limits (51.0882ms)
✔ real login, dashboard and user routes ignore missing and foreign grants: credentialsOnly=true (61.2227ms)
✔ real login, dashboard and user routes ignore missing and foreign grants: credentialsOnly=false (62.1539ms)
✔ admin client exposes user management without school grants: credentialsOnly=undefined (0.8625ms)
✔ admin client exposes user management without school grants: credentialsOnly=false (0.5236ms)
✔ admin client exposes user management without school grants: credentialsOnly=true (0.4693ms)
✔ empty passwords and incomplete login responses cannot navigate into the admin console (0.5172ms)
✔ missing tenant context fails closed for operational collections (1.4532ms)
✔ concurrent asynchronous requests retain separate campus contexts (1.0373ms)
✔ scope survives projections, pagination, OR queries and counts (0.3489ms)
✔ foreign and legacy document IDs cannot disclose or overwrite rows (0.9418ms)
✔ inserts and transactional writes stamp scope and prevent scope reassignment (1.0808ms)
✔ batch updates and deletes affect only the active campus (0.3386ms)
✔ school profiles are shared within a school and hidden from other schools (0.2781ms)
✔ aggregate joins constrain both sides and raw nested pipelines are rejected (0.3887ms)
✔ only explicit server system context can inspect the whole project (0.1911ms)
✔ orders, configurations, quotas and notifications stay in their server-resolved campus (21.0951ms)
✔ publishing and recovering a request in another campus cannot create a second order (9.7702ms)
✔ simultaneous acceptance has one winner and foreign-campus riders cannot participate (15.5318ms)
✔ directory edits require live platform authority, preserve versions, and new campuses stay paused (5.0454ms)
✔ directory metadata excludes location bodies and grants, while details enforce platform access (3.031ms)
✔ order transactions ignore school grants and still recheck live admin status (8.3661ms)
✔ news manifests and read acknowledgements isolate campuses and survive edits (6.3221ms)
✔ scheduled jobs process all campuses with transactions and skip zero due times (11.9159ms)
✔ failed oldest worker rows do not starve later rows across bounded runs (8.887ms)
✔ plugin quotes are versioned and explicitly enabled opening hours are enforced by the server (8.2178ms)
✔ business hours controls only affect the active campus without requiring campus grants (3.2123ms)
✔ the feed endpoint returns only current-campus opaque revisions (9.4931ms)
✔ super admins can update the shared school registration policy without school grants (10.0767ms)
✔ administrator login limits cannot be reset by changing campuses (2.7018ms)
✔ worker budget stops starting new items and preserves the first unprocessed row (8.4765ms)
✔ subscription links retain the originating campus when users have switched elsewhere (8.9654ms)
ℹ tests 41
ℹ suites 0
ℹ pass 41
ℹ fail 0
ℹ cancelled 0
ℹ skipped 0
ℹ todo 0
ℹ duration_ms 958.7407
