TAP version 13
# Subtest: text audit preserves field boundaries, labels, trusted identity and the profile scene
not ok 1 - text audit preserves field boundaries, labels, trusted identity and the profile scene
  ---
  duration_ms: 2.3809
  type: 'test'
  location: 'B:\\zhumian\\zm\\kaidi\\scripts\\tests\\content-audit.test.js:29:1'
  failureType: 'testCodeFailure'
  error: |-
    Expected values to be strictly deep-equal:
    + actual - expected
    
      [
    +   '小同学计算机学院'
    -   '小同学',
    -   '计算机学院'
      ]
    
  code: 'ERR_ASSERTION'
  name: 'AssertionError'
  expected:
    0: '小同学'
    1: '计算机学院'
  actual:
    0: '小同学计算机学院'
  operator: 'deepStrictEqual'
  stack: |-
    TestContext.<anonymous> (B:\zhumian\zm\kaidi\scripts\tests\content-audit.test.js:32:10)
    async Test.run (node:internal/test_runner/test:1389:7)
    async startSubtestAfterBootstrap (node:internal/test_runner/harness:387:3)
  ...
# Subtest: text audit accepts a documented pass with error-code representation {"errCode":0,"result":{"suggest":"pass"}}
ok 2 - text audit accepts a documented pass with error-code representation {"errCode":0,"result":{"suggest":"pass"}}
  ---
  duration_ms: 0.6083
  type: 'test'
  ...
# Subtest: text audit accepts a documented pass with error-code representation {"errcode":0,"result":{"suggest":"pass"}}
not ok 3 - text audit accepts a documented pass with error-code representation {"errcode":0,"result":{"suggest":"pass"}}
  ---
  duration_ms: 0.6113
  type: 'test'
  location: 'B:\\zhumian\\zm\\kaidi\\scripts\\tests\\content-audit.test.js:39:3'
  failureType: 'testCodeFailure'
  error: '文字内容不合适，请修改或者重试'
  code: 1600
  name: 'AppError'
  stack: |-
    Object.checkText (B:\zhumian\zm\kaidi\cloudfunctions\mcloud\framework\validate\content_check.js:129:9)
    async TestContext.<anonymous> (B:\zhumian\zm\kaidi\scripts\tests\content-audit.test.js:41:5)
    async Test.run (node:internal/test_runner/test:1389:7)
    async Test.processPendingSubtests (node:internal/test_runner/test:960:7)
  ...
# Subtest: text audit accepts a documented pass with error-code representation {"errCode":"0","result":{"suggest":"pass"}}
not ok 4 - text audit accepts a documented pass with error-code representation {"errCode":"0","result":{"suggest":"pass"}}
  ---
  duration_ms: 0.538
  type: 'test'
  location: 'B:\\zhumian\\zm\\kaidi\\scripts\\tests\\content-audit.test.js:39:3'
  failureType: 'testCodeFailure'
  error: '文字内容不合适，请修改或者重试'
  code: 1600
  name: 'AppError'
  stack: |-
    Object.checkText (B:\zhumian\zm\kaidi\cloudfunctions\mcloud\framework\validate\content_check.js:129:9)
    async TestContext.<anonymous> (B:\zhumian\zm\kaidi\scripts\tests\content-audit.test.js:41:5)
    async Test.run (node:internal/test_runner/test:1389:7)
    async Test.processPendingSubtests (node:internal/test_runner/test:960:7)
  ...
# Subtest: provider failure 48001 (exception) is not a content violation
not ok 5 - provider failure 48001 (exception) is not a content violation
  ---
  duration_ms: 1.0868
  type: 'test'
  location: 'B:\\zhumian\\zm\\kaidi\\scripts\\tests\\content-audit.test.js:47:5'
  failureType: 'testCodeFailure'
  error: |-
    The input did not match the regular expression /权限|配置/. Input:
    
    '文字内容不合适，请修改或者重试'
    
  code: 'ERR_ASSERTION'
  name: 'AssertionError'
  expected:
  actual: '文字内容不合适，请修改或者重试'
  operator: 'match'
  stack: |-
    Object.<anonymous> (B:\zhumian\zm\kaidi\scripts\tests\content-audit.test.js:55:16)
    expectedException (node:assert:578:17)
    expectsError (node:assert:703:21)
    strict.rejects (node:assert:769:3)
    async TestContext.<anonymous> (B:\zhumian\zm\kaidi\scripts\tests\content-audit.test.js:54:7)
    async Test.run (node:internal/test_runner/test:1389:7)
    async Test.processPendingSubtests (node:internal/test_runner/test:960:7)
  ...
# Subtest: provider failure 48001 (response) is not a content violation
not ok 6 - provider failure 48001 (response) is not a content violation
  ---
  duration_ms: 0.638
  type: 'test'
  location: 'B:\\zhumian\\zm\\kaidi\\scripts\\tests\\content-audit.test.js:47:5'
  failureType: 'testCodeFailure'
  error: |-
    The input did not match the regular expression /权限|配置/. Input:
    
    '文字内容不合适，请修改或者重试'
    
  code: 'ERR_ASSERTION'
  name: 'AssertionError'
  expected:
  actual: '文字内容不合适，请修改或者重试'
  operator: 'match'
  stack: |-
    Object.<anonymous> (B:\zhumian\zm\kaidi\scripts\tests\content-audit.test.js:55:16)
    expectedException (node:assert:578:17)
    expectsError (node:assert:703:21)
    strict.rejects (node:assert:769:3)
    async TestContext.<anonymous> (B:\zhumian\zm\kaidi\scripts\tests\content-audit.test.js:54:7)
    async Test.run (node:internal/test_runner/test:1389:7)
    async Test.processPendingSubtests (node:internal/test_runner/test:960:7)
  ...
# Subtest: provider failure 40003 (exception) is not a content violation
not ok 7 - provider failure 40003 (exception) is not a content violation
  ---
  duration_ms: 0.639
  type: 'test'
  location: 'B:\\zhumian\\zm\\kaidi\\scripts\\tests\\content-audit.test.js:47:5'
  failureType: 'testCodeFailure'
  error: |-
    The input did not match the regular expression /身份/. Input:
    
    '文字内容不合适，请修改或者重试'
    
  code: 'ERR_ASSERTION'
  name: 'AssertionError'
  expected:
  actual: '文字内容不合适，请修改或者重试'
  operator: 'match'
  stack: |-
    Object.<anonymous> (B:\zhumian\zm\kaidi\scripts\tests\content-audit.test.js:55:16)
    expectedException (node:assert:578:17)
    expectsError (node:assert:703:21)
    strict.rejects (node:assert:769:3)
    async TestContext.<anonymous> (B:\zhumian\zm\kaidi\scripts\tests\content-audit.test.js:54:7)
    async Test.run (node:internal/test_runner/test:1389:7)
    async Test.processPendingSubtests (node:internal/test_runner/test:960:7)
  ...
# Subtest: provider failure 40003 (response) is not a content violation
not ok 8 - provider failure 40003 (response) is not a content violation
  ---
  duration_ms: 0.5984
  type: 'test'
  location: 'B:\\zhumian\\zm\\kaidi\\scripts\\tests\\content-audit.test.js:47:5'
  failureType: 'testCodeFailure'
  error: |-
    The input did not match the regular expression /身份/. Input:
    
    '文字内容不合适，请修改或者重试'
    
  code: 'ERR_ASSERTION'
  name: 'AssertionError'
  expected:
  actual: '文字内容不合适，请修改或者重试'
  operator: 'match'
  stack: |-
    Object.<anonymous> (B:\zhumian\zm\kaidi\scripts\tests\content-audit.test.js:55:16)
    expectedException (node:assert:578:17)
    expectsError (node:assert:703:21)
    strict.rejects (node:assert:769:3)
    async TestContext.<anonymous> (B:\zhumian\zm\kaidi\scripts\tests\content-audit.test.js:54:7)
    async Test.run (node:internal/test_runner/test:1389:7)
    async Test.processPendingSubtests (node:internal/test_runner/test:960:7)
  ...
# Subtest: provider failure 45009 (exception) is not a content violation
not ok 9 - provider failure 45009 (exception) is not a content violation
  ---
  duration_ms: 0.8023
  type: 'test'
  location: 'B:\\zhumian\\zm\\kaidi\\scripts\\tests\\content-audit.test.js:47:5'
  failureType: 'testCodeFailure'
  error: |-
    The input did not match the regular expression /繁忙|频繁/. Input:
    
    '文字内容不合适，请修改或者重试'
    
  code: 'ERR_ASSERTION'
  name: 'AssertionError'
  expected:
  actual: '文字内容不合适，请修改或者重试'
  operator: 'match'
  stack: |-
    Object.<anonymous> (B:\zhumian\zm\kaidi\scripts\tests\content-audit.test.js:55:16)
    expectedException (node:assert:578:17)
    expectsError (node:assert:703:21)
    strict.rejects (node:assert:769:3)
    async TestContext.<anonymous> (B:\zhumian\zm\kaidi\scripts\tests\content-audit.test.js:54:7)
    async Test.run (node:internal/test_runner/test:1389:7)
    async Test.processPendingSubtests (node:internal/test_runner/test:960:7)
  ...
# Subtest: provider failure 45009 (response) is not a content violation
not ok 10 - provider failure 45009 (response) is not a content violation
  ---
  duration_ms: 0.6964
  type: 'test'
  location: 'B:\\zhumian\\zm\\kaidi\\scripts\\tests\\content-audit.test.js:47:5'
  failureType: 'testCodeFailure'
  error: |-
    The input did not match the regular expression /繁忙|频繁/. Input:
    
    '文字内容不合适，请修改或者重试'
    
  code: 'ERR_ASSERTION'
  name: 'AssertionError'
  expected:
  actual: '文字内容不合适，请修改或者重试'
  operator: 'match'
  stack: |-
    Object.<anonymous> (B:\zhumian\zm\kaidi\scripts\tests\content-audit.test.js:55:16)
    expectedException (node:assert:578:17)
    expectsError (node:assert:703:21)
    strict.rejects (node:assert:769:3)
    async TestContext.<anonymous> (B:\zhumian\zm\kaidi\scripts\tests\content-audit.test.js:54:7)
    async Test.run (node:internal/test_runner/test:1389:7)
    async Test.processPendingSubtests (node:internal/test_runner/test:960:7)
  ...
# Subtest: timeouts and missing identity have accurate errors and never report inappropriate text
not ok 11 - timeouts and missing identity have accurate errors and never report inappropriate text
  ---
  duration_ms: 0.7498
  type: 'test'
  location: 'B:\\zhumian\\zm\\kaidi\\scripts\\tests\\content-audit.test.js:66:1'
  failureType: 'testCodeFailure'
  error: |-
    The input did not match the regular expression /超时/. Input:
    
    'AppError: 文字内容不合适，请修改或者重试'
    
  code: 'ERR_ASSERTION'
  name: 'AssertionError'
  expected:
  actual:
  error: '文字内容不合适，请修改或者重试'
  stack: |-
    Object.checkText (B:\zhumian\zm\kaidi\cloudfunctions\mcloud\framework\validate\content_check.js:129:9)
    async waitForActual (node:assert:646:5)
    async strict.rejects (node:assert:769:25)
    async TestContext.<anonymous> (B:\zhumian\zm\kaidi\scripts\tests\content-audit.test.js:69:3)
    async Test.run (node:internal/test_runner/test:1389:7)
    async Test.processPendingSubtests (node:internal/test_runner/test:960:7)
  operator: 'rejects'
  stack: |-
    async TestContext.<anonymous> (B:\zhumian\zm\kaidi\scripts\tests\content-audit.test.js:69:3)
    async Test.run (node:internal/test_runner/test:1389:7)
    async Test.processPendingSubtests (node:internal/test_runner/test:960:7)
  ...
# Subtest: malformed audit response is a service failure: undefined
not ok 12 - malformed audit response is a service failure: undefined
  ---
  duration_ms: 0.7336
  type: 'test'
  location: 'B:\\zhumian\\zm\\kaidi\\scripts\\tests\\content-audit.test.js:76:3'
  failureType: 'testCodeFailure'
  error: |-
    The input did not match the regular expression /审核服务.*(?:异常|不可用)/. Input:
    
    'AppError: 文字内容不合适，请修改或者重试'
    
  code: 'ERR_ASSERTION'
  name: 'AssertionError'
  expected:
  actual:
  error: '文字内容不合适，请修改或者重试'
  stack: |-
    checkText (B:\zhumian\zm\kaidi\cloudfunctions\mcloud\framework\validate\content_check.js:129:9)
    async checkTextMulti (B:\zhumian\zm\kaidi\cloudfunctions\mcloud\framework\validate\content_check.js:91:54)
    async waitForActual (node:assert:646:5)
    async strict.rejects (node:assert:769:25)
    async TestContext.<anonymous> (B:\zhumian\zm\kaidi\scripts\tests\content-audit.test.js:78:5)
    async Test.run (node:internal/test_runner/test:1389:7)
    async Test.processPendingSubtests (node:internal/test_runner/test:960:7)
  operator: 'rejects'
  stack: |-
    async TestContext.<anonymous> (B:\zhumian\zm\kaidi\scripts\tests\content-audit.test.js:78:5)
    async Test.run (node:internal/test_runner/test:1389:7)
    async Test.processPendingSubtests (node:internal/test_runner/test:960:7)
  ...
# Subtest: malformed audit response is a service failure: null
not ok 13 - malformed audit response is a service failure: null
  ---
  duration_ms: 0.6051
  type: 'test'
  location: 'B:\\zhumian\\zm\\kaidi\\scripts\\tests\\content-audit.test.js:76:3'
  failureType: 'testCodeFailure'
  error: |-
    The input did not match the regular expression /审核服务.*(?:异常|不可用)/. Input:
    
    'AppError: 文字内容不合适，请修改或者重试'
    
  code: 'ERR_ASSERTION'
  name: 'AssertionError'
  expected:
  actual:
  error: '文字内容不合适，请修改或者重试'
  stack: |-
    checkText (B:\zhumian\zm\kaidi\cloudfunctions\mcloud\framework\validate\content_check.js:129:9)
    async checkTextMulti (B:\zhumian\zm\kaidi\cloudfunctions\mcloud\framework\validate\content_check.js:91:54)
    async waitForActual (node:assert:646:5)
    async strict.rejects (node:assert:769:25)
    async TestContext.<anonymous> (B:\zhumian\zm\kaidi\scripts\tests\content-audit.test.js:78:5)
    async Test.run (node:internal/test_runner/test:1389:7)
    async Test.processPendingSubtests (node:internal/test_runner/test:960:7)
  operator: 'rejects'
  stack: |-
    async TestContext.<anonymous> (B:\zhumian\zm\kaidi\scripts\tests\content-audit.test.js:78:5)
    async Test.run (node:internal/test_runner/test:1389:7)
    async Test.processPendingSubtests (node:internal/test_runner/test:960:7)
  ...
# Subtest: malformed audit response is a service failure: {}
not ok 14 - malformed audit response is a service failure: {}
  ---
  duration_ms: 0.5999
  type: 'test'
  location: 'B:\\zhumian\\zm\\kaidi\\scripts\\tests\\content-audit.test.js:76:3'
  failureType: 'testCodeFailure'
  error: |-
    The input did not match the regular expression /审核服务.*(?:异常|不可用)/. Input:
    
    'AppError: 文字内容不合适，请修改或者重试'
    
  code: 'ERR_ASSERTION'
  name: 'AssertionError'
  expected:
  actual:
  error: '文字内容不合适，请修改或者重试'
  stack: |-
    checkText (B:\zhumian\zm\kaidi\cloudfunctions\mcloud\framework\validate\content_check.js:129:9)
    async checkTextMulti (B:\zhumian\zm\kaidi\cloudfunctions\mcloud\framework\validate\content_check.js:91:54)
    async waitForActual (node:assert:646:5)
    async strict.rejects (node:assert:769:25)
    async TestContext.<anonymous> (B:\zhumian\zm\kaidi\scripts\tests\content-audit.test.js:78:5)
    async Test.run (node:internal/test_runner/test:1389:7)
    async Test.processPendingSubtests (node:internal/test_runner/test:960:7)
  operator: 'rejects'
  stack: |-
    async TestContext.<anonymous> (B:\zhumian\zm\kaidi\scripts\tests\content-audit.test.js:78:5)
    async Test.run (node:internal/test_runner/test:1389:7)
    async Test.processPendingSubtests (node:internal/test_runner/test:960:7)
  ...
# Subtest: malformed audit response is a service failure: {"errCode":0}
not ok 15 - malformed audit response is a service failure: {"errCode":0}
  ---
  duration_ms: 0.5331
  type: 'test'
  location: 'B:\\zhumian\\zm\\kaidi\\scripts\\tests\\content-audit.test.js:76:3'
  failureType: 'testCodeFailure'
  error: |-
    The input did not match the regular expression /审核服务.*(?:异常|不可用)/. Input:
    
    'AppError: 文字内容不合适，请修改或者重试'
    
  code: 'ERR_ASSERTION'
  name: 'AssertionError'
  expected:
  actual:
  error: '文字内容不合适，请修改或者重试'
  stack: |-
    checkText (B:\zhumian\zm\kaidi\cloudfunctions\mcloud\framework\validate\content_check.js:129:9)
    async checkTextMulti (B:\zhumian\zm\kaidi\cloudfunctions\mcloud\framework\validate\content_check.js:91:54)
    async waitForActual (node:assert:646:5)
    async strict.rejects (node:assert:769:25)
    async TestContext.<anonymous> (B:\zhumian\zm\kaidi\scripts\tests\content-audit.test.js:78:5)
    async Test.run (node:internal/test_runner/test:1389:7)
    async Test.processPendingSubtests (node:internal/test_runner/test:960:7)
  operator: 'rejects'
  stack: |-
    async TestContext.<anonymous> (B:\zhumian\zm\kaidi\scripts\tests\content-audit.test.js:78:5)
    async Test.run (node:internal/test_runner/test:1389:7)
    async Test.processPendingSubtests (node:internal/test_runner/test:960:7)
  ...
# Subtest: malformed audit response is a service failure: {"errCode":0,"result":{"suggest":"unknown"}}
not ok 16 - malformed audit response is a service failure: {"errCode":0,"result":{"suggest":"unknown"}}
  ---
  duration_ms: 0.5468
  type: 'test'
  location: 'B:\\zhumian\\zm\\kaidi\\scripts\\tests\\content-audit.test.js:76:3'
  failureType: 'testCodeFailure'
  error: |-
    The input did not match the regular expression /审核服务.*(?:异常|不可用)/. Input:
    
    'AppError: 文字内容不合适，请修改或者重试'
    
  code: 'ERR_ASSERTION'
  name: 'AssertionError'
  expected:
  actual:
  error: '文字内容不合适，请修改或者重试'
  stack: |-
    checkText (B:\zhumian\zm\kaidi\cloudfunctions\mcloud\framework\validate\content_check.js:129:9)
    async checkTextMulti (B:\zhumian\zm\kaidi\cloudfunctions\mcloud\framework\validate\content_check.js:91:54)
    async waitForActual (node:assert:646:5)
    async strict.rejects (node:assert:769:25)
    async TestContext.<anonymous> (B:\zhumian\zm\kaidi\scripts\tests\content-audit.test.js:78:5)
    async Test.run (node:internal/test_runner/test:1389:7)
    async Test.processPendingSubtests (node:internal/test_runner/test:960:7)
  operator: 'rejects'
  stack: |-
    async TestContext.<anonymous> (B:\zhumian\zm\kaidi\scripts\tests\content-audit.test.js:78:5)
    async Test.run (node:internal/test_runner/test:1389:7)
    async Test.processPendingSubtests (node:internal/test_runner/test:960:7)
  ...
# Subtest: legacy rejection and review responses identify the field without inventing offending words
not ok 17 - legacy rejection and review responses identify the field without inventing offending words
  ---
  duration_ms: 0.6282
  type: 'test'
  location: 'B:\\zhumian\\zm\\kaidi\\scripts\\tests\\content-audit.test.js:82:1'
  failureType: 'testCodeFailure'
  error: |-
    The input did not match the regular expression /结算说明.*未通过/. Input:
    
    'AppError: 文字内容不合适，请修改或者重试'
    
  code: 'ERR_ASSERTION'
  name: 'AssertionError'
  expected:
  actual:
  error: '文字内容不合适，请修改或者重试'
  stack: |-
    checkText (B:\zhumian\zm\kaidi\cloudfunctions\mcloud\framework\validate\content_check.js:129:9)
    async checkTextMulti (B:\zhumian\zm\kaidi\cloudfunctions\mcloud\framework\validate\content_check.js:91:54)
    async waitForActual (node:assert:646:5)
    async strict.rejects (node:assert:769:25)
    async TestContext.<anonymous> (B:\zhumian\zm\kaidi\scripts\tests\content-audit.test.js:85:3)
    async Test.run (node:internal/test_runner/test:1389:7)
    async Test.processPendingSubtests (node:internal/test_runner/test:960:7)
  operator: 'rejects'
  stack: |-
    async TestContext.<anonymous> (B:\zhumian\zm\kaidi\scripts\tests\content-audit.test.js:85:3)
    async Test.run (node:internal/test_runner/test:1389:7)
    async Test.processPendingSubtests (node:internal/test_runner/test:960:7)
  ...
# Subtest: empty and numeric inputs need no audit; all selected text is size checked before requesting
not ok 18 - empty and numeric inputs need no audit; all selected text is size checked before requesting
  ---
  duration_ms: 0.6658
  type: 'test'
  location: 'B:\\zhumian\\zm\\kaidi\\scripts\\tests\\content-audit.test.js:90:1'
  failureType: 'testCodeFailure'
  error: |-
    Expected values to be strictly equal:
    
    1 !== 0
    
  code: 'ERR_ASSERTION'
  name: 'AssertionError'
  expected: 0
  actual: 1
  operator: 'strictEqual'
  stack: |-
    TestContext.<anonymous> (B:\zhumian\zm\kaidi\scripts\tests\content-audit.test.js:93:10)
    async Test.run (node:internal/test_runner/test:1389:7)
    async Test.processPendingSubtests (node:internal/test_runner/test:960:7)
  ...
# Subtest: the existing explicit development switch still controls text checks
ok 19 - the existing explicit development switch still controls text checks
  ---
  duration_ms: 0.6089
  type: 'test'
  ...
# Subtest: real registration audits only human profile text and stores a usable unverified manual account
not ok 20 - real registration audits only human profile text and stores a usable unverified manual account
  ---
  duration_ms: 24.6624
  type: 'test'
  location: 'B:\\zhumian\\zm\\kaidi\\scripts\\tests\\content-audit.test.js:137:1'
  failureType: 'testCodeFailure'
  error: |-
    Expected values to be strictly deep-equal:
    + actual - expected
    
      [
    +   '新同学13912345678cloud://test/avatar.png[{"mark":"sex","title":"性别","type":"select","val":"女"},{"mark":"college","title":"学院","type":"text","val":"计算机学院"},{"mark":"sub","title":"专业","type":"text","val":"软件工程"},{"mark":"campus","title":"所在校区","type":"select","val":"东校区"},{"mark":"payPic","title":"支付凭证","type":"image","val":["cloud://test/payment.png"]}]'
    -   '新同学',
    -   '计算机学院',
    -   '软件工程'
      ]
    
  code: 'ERR_ASSERTION'
  name: 'AssertionError'
  expected:
    0: '新同学'
    1: '计算机学院'
    2: '软件工程'
  actual:
    0: '新同学13912345678cloud://test/avatar.png[{"mark":"sex","title":"性别","type":"select","val":"女"},{"mark":"college","title":"学院","type":"text","val":"计算机学院"},{"mark":"sub","title":"专业","type":"text","val":"软件工程"},{"mark":"campus","title":"所在校区","type":"select","val":"东校区"},{"mark":"payPic","title":"支付凭证","type":"image","val":["cloud://test/payment.png"]}]'
  operator: 'deepStrictEqual'
  stack: |-
    TestContext.<anonymous> (B:\zhumian\zm\kaidi\scripts\tests\content-audit.test.js:140:10)
    async Test.run (node:internal/test_runner/test:1389:7)
    async Test.processPendingSubtests (node:internal/test_runner/test:960:7)
  ...
# Subtest: profile audit selects contact names and address text without their phones or form metadata
not ok 21 - profile audit selects contact names and address text without their phones or form metadata
  ---
  duration_ms: 13.0549
  type: 'test'
  location: 'B:\\zhumian\\zm\\kaidi\\scripts\\tests\\content-audit.test.js:146:1'
  failureType: 'testCodeFailure'
  error: |-
    The input was expected to not match the regular expression /13987654321|13912345678|cloud:\/\/|isDefault|"mark"|"title"|"type"/. Input:
    
    '新同学13912345678cloud://test/avatar.png[{"mark":"sex","title":"性别","type":"select","val":"女"},{"mark":"college","title":"学院","type":"text","val":"计算机学院"},{"mark":"sub","title":"专业","type":"text","val":"软件工程"},{"mark":"campus","title":"所在校区","type":"select","val":"东校区"},{"mark":"payPic","title":"支付凭证","type":"image","val":["cloud://test/payment.png"]},{"mark":"contacts","title":"常用联系人","type":"json","val":[{"name":"张同学","phone":"13987654321","isDefault":true}]},{"mark":"addresses","title":"常用地址","type":"json","val":"[{\\"label\\":\\"宿舍\\",\\"detail\\":\\"一期1栋101\\",\\"isDefault\\":true}]"}]'
    
  code: 'ERR_ASSERTION'
  name: 'AssertionError'
  expected:
  actual: '新同学13912345678cloud://test/avatar.png[{"mark":"sex","title":"性别","type":"select","val":"女"},{"mark":"college","title":"学院","type":"text","val":"计算机学院"},{"mark":"sub","title":"专业","type":"text","val":"软件工程"},{"mark":"campus","title":"所在校区","type":"select","val":"东校区"},{"mark":"payPic","title":"支付凭证","type":"image","val":["cloud://test/payment.png"]},{"mark":"contacts","title":"常用联系人","type":"json","val":[{"name":"张同学","phone":"13987654321","isDefault":true}]},{"mark":"addresses","title":"常用地址","type":"json","val":"[{\\"label\\":\\"宿舍\\",\\"detail\\":\\"一期1栋101\\",\\"isDefault\\":true}]"}]'
  operator: 'doesNotMatch'
  stack: |-
    TestContext.<anonymous> (B:\zhumian\zm\kaidi\scripts\tests\content-audit.test.js:154:10)
    async Test.run (node:internal/test_runner/test:1389:7)
    async Test.processPendingSubtests (node:internal/test_runner/test:960:7)
  ...
# Subtest: a nickname rejection is returned by the real route without creating registration records
not ok 22 - a nickname rejection is returned by the real route without creating registration records
  ---
  duration_ms: 12.3092
  type: 'test'
  location: 'B:\\zhumian\\zm\\kaidi\\scripts\\tests\\content-audit.test.js:157:1'
  failureType: 'testCodeFailure'
  error: |-
    The input did not match the regular expression /昵称.*未通过/. Input:
    
    '文字内容不合适，请修改或者重试'
    
  code: 'ERR_ASSERTION'
  name: 'AssertionError'
  expected:
  actual: '文字内容不合适，请修改或者重试'
  operator: 'match'
  stack: |-
    TestContext.<anonymous> (B:\zhumian\zm\kaidi\scripts\tests\content-audit.test.js:160:43)
    async Test.run (node:internal/test_runner/test:1389:7)
    async Test.processPendingSubtests (node:internal/test_runner/test:960:7)
  ...
# Subtest: editing a profile identifies the rejected field and preserves the prior profile
not ok 23 - editing a profile identifies the rejected field and preserves the prior profile
  ---
  duration_ms: 14.1865
  type: 'test'
  location: 'B:\\zhumian\\zm\\kaidi\\scripts\\tests\\content-audit.test.js:164:1'
  failureType: 'testCodeFailure'
  error: |-
    The input did not match the regular expression /专业.*未通过/. Input:
    
    '文字内容不合适，请修改或者重试'
    
  code: 'ERR_ASSERTION'
  name: 'AssertionError'
  expected:
  actual: '文字内容不合适，请修改或者重试'
  operator: 'match'
  stack: |-
    TestContext.<anonymous> (B:\zhumian\zm\kaidi\scripts\tests\content-audit.test.js:170:43)
    async Test.run (node:internal/test_runner/test:1389:7)
    async Test.processPendingSubtests (node:internal/test_runner/test:960:7)
  ...
# Subtest: profile format errors are shown before calling an unavailable audit service
not ok 24 - profile format errors are shown before calling an unavailable audit service
  ---
  duration_ms: 10.2534
  type: 'test'
  location: 'B:\\zhumian\\zm\\kaidi\\scripts\\tests\\content-audit.test.js:174:1'
  failureType: 'testCodeFailure'
  error: |-
    The input did not match the regular expression /填写所在学院/. Input:
    
    '文字内容不合适，请修改或者重试'
    
  code: 'ERR_ASSERTION'
  name: 'AssertionError'
  expected:
  actual: '文字内容不合适，请修改或者重试'
  operator: 'match'
  stack: |-
    TestContext.<anonymous> (B:\zhumian\zm\kaidi\scripts\tests\content-audit.test.js:178:10)
    async Test.run (node:internal/test_runner/test:1389:7)
    async Test.processPendingSubtests (node:internal/test_runner/test:960:7)
  ...
# Subtest: a profile audit outage leaves no account and reports the service problem
not ok 25 - a profile audit outage leaves no account and reports the service problem
  ---
  duration_ms: 10.6068
  type: 'test'
  location: 'B:\\zhumian\\zm\\kaidi\\scripts\\tests\\content-audit.test.js:181:1'
  failureType: 'testCodeFailure'
  error: |-
    The input did not match the regular expression /审核服务.*(?:权限|配置)/. Input:
    
    '文字内容不合适，请修改或者重试'
    
  code: 'ERR_ASSERTION'
  name: 'AssertionError'
  expected:
  actual: '文字内容不合适，请修改或者重试'
  operator: 'match'
  stack: |-
    TestContext.<anonymous> (B:\zhumian\zm\kaidi\scripts\tests\content-audit.test.js:184:43)
    async Test.run (node:internal/test_runner/test:1389:7)
    async Test.processPendingSubtests (node:internal/test_runner/test:960:7)
  ...
# Subtest: real service settings save without depending on a text service for numbers and switches
not ok 26 - real service settings save without depending on a text service for numbers and switches
  ---
  duration_ms: 13.5578
  type: 'test'
  location: 'B:\\zhumian\\zm\\kaidi\\scripts\\tests\\content-audit.test.js:190:3'
  failureType: 'testCodeFailure'
  error: |-
    文字内容不合适，请修改或者重试
    
    1600 !== 200
    
  code: 'ERR_ASSERTION'
  name: 'AssertionError'
  expected: 200
  actual: 1600
  operator: 'strictEqual'
  stack: |-
    TestContext.<anonymous> (B:\zhumian\zm\kaidi\scripts\tests\content-audit.test.js:193:12)
    async Test.run (node:internal/test_runner/test:1389:7)
    async Test.processPendingSubtests (node:internal/test_runner/test:960:7)
  ...
# Subtest: real rules settings save without depending on a text service for numbers and switches
not ok 27 - real rules settings save without depending on a text service for numbers and switches
  ---
  duration_ms: 14.7644
  type: 'test'
  location: 'B:\\zhumian\\zm\\kaidi\\scripts\\tests\\content-audit.test.js:190:3'
  failureType: 'testCodeFailure'
  error: |-
    文字内容不合适，请修改或者重试
    
    1600 !== 200
    
  code: 'ERR_ASSERTION'
  name: 'AssertionError'
  expected: 200
  actual: 1600
  operator: 'strictEqual'
  stack: |-
    TestContext.<anonymous> (B:\zhumian\zm\kaidi\scripts\tests\content-audit.test.js:193:12)
    async Test.run (node:internal/test_runner/test:1389:7)
    async Test.processPendingSubtests (node:internal/test_runner/test:960:7)
  ...
# Subtest: real pricing settings save without depending on a text service for numbers and switches
not ok 28 - real pricing settings save without depending on a text service for numbers and switches
  ---
  duration_ms: 12.7274
  type: 'test'
  location: 'B:\\zhumian\\zm\\kaidi\\scripts\\tests\\content-audit.test.js:190:3'
  failureType: 'testCodeFailure'
  error: |-
    文字内容不合适，请修改或者重试
    
    1600 !== 200
    
  code: 'ERR_ASSERTION'
  name: 'AssertionError'
  expected: 200
  actual: 1600
  operator: 'strictEqual'
  stack: |-
    TestContext.<anonymous> (B:\zhumian\zm\kaidi\scripts\tests\content-audit.test.js:193:12)
    async Test.run (node:internal/test_runner/test:1389:7)
    async Test.processPendingSubtests (node:internal/test_runner/test:960:7)
  ...
# Subtest: the real pricing page can change a number while submitting its unchanged settlement notice
not ok 29 - the real pricing page can change a number while submitting its unchanged settlement notice
  ---
  duration_ms: 17.7367
  type: 'test'
  location: 'B:\\zhumian\\zm\\kaidi\\scripts\\tests\\content-audit.test.js:201:1'
  failureType: 'testCodeFailure'
  error: |-
    Expected values to be strictly deep-equal:
    + actual - expected
    
    + [
    +   '文字内容不合适，请修改或者重试'
    + ]
    - []
    
  code: 'ERR_ASSERTION'
  name: 'AssertionError'
  expected:
  actual:
    0: '文字内容不合适，请修改或者重试'
  operator: 'deepStrictEqual'
  stack: |-
    TestContext.<anonymous> (B:\zhumian\zm\kaidi\scripts\tests\content-audit.test.js:209:10)
    async Test.run (node:internal/test_runner/test:1389:7)
    async Test.processPendingSubtests (node:internal/test_runner/test:960:7)
  ...
# Subtest: a changed settlement notice is audited alone; failed saves retain the page draft and database
not ok 30 - a changed settlement notice is audited alone; failed saves retain the page draft and database
  ---
  duration_ms: 19.2596
  type: 'test'
  location: 'B:\\zhumian\\zm\\kaidi\\scripts\\tests\\content-audit.test.js:213:1'
  failureType: 'testCodeFailure'
  error: |-
    The input did not match the regular expression /结算说明.*未通过/. Input:
    
    '文字内容不合适，请修改或者重试'
    
  code: 'ERR_ASSERTION'
  name: 'AssertionError'
  expected:
  actual: '文字内容不合适，请修改或者重试'
  operator: 'match'
  stack: |-
    TestContext.<anonymous> (B:\zhumian\zm\kaidi\scripts\tests\content-audit.test.js:222:10)
    async Test.run (node:internal/test_runner/test:1389:7)
    async Test.processPendingSubtests (node:internal/test_runner/test:960:7)
  ...
# Subtest: configuration format and authorization checks still precede external auditing and prevent writes
not ok 31 - configuration format and authorization checks still precede external auditing and prevent writes
  ---
  duration_ms: 12.3115
  type: 'test'
  location: 'B:\\zhumian\\zm\\kaidi\\scripts\\tests\\content-audit.test.js:230:1'
  failureType: 'testCodeFailure'
  error: |-
    The input did not match the regular expression /配置数值|结算说明/. Input:
    
    '文字内容不合适，请修改或者重试'
    
  code: 'ERR_ASSERTION'
  name: 'AssertionError'
  expected:
  actual: '文字内容不合适，请修改或者重试'
  operator: 'match'
  stack: |-
    TestContext.<anonymous> (B:\zhumian\zm\kaidi\scripts\tests\content-audit.test.js:235:45)
    async Test.run (node:internal/test_runner/test:1389:7)
    async Test.processPendingSubtests (node:internal/test_runner/test:960:7)
  ...
1..31
# tests 31
# suites 0
# pass 2
# fail 29
# cancelled 0
# skipped 0
# todo 0
# duration_ms 264.6708
