✔ admin order queries combine filters, escape search expressions, paginate stably and keep private fields out of lists (10.1397ms)
✔ feedback status and literal search filters apply together and user lists remain owner scoped (5ms)
✔ dashboard counts include cancellations, split pickup status, and count today using the Shanghai day boundary (4.9737ms)
✔ section saves merge inside the transaction so concurrent pages cannot overwrite unrelated configuration (7.2756ms)
✔ admin details include both contacts and picked-up orders can enter and resume exception processing (16.362ms)
✔ reports enforce the inclusive date window, protect spreadsheet cells and isolate export keys by admin (10.1245ms)
✔ exports fail explicitly above the row limit and user export filters cannot choose a different project (2.5806ms)
✔ reports include records beyond the database single-read cap and include exactly 5000 records (16.3088ms)
✔ user status changes resolve mini-program user ids instead of confusing them with document ids (2.3772ms)
✔ every console destination is a registered independent page and primary navigation replaces only its current page (5.8007ms)
✔ legacy bookmarks redirect to independent pages, including ids and unknown tab names (20.3862ms)
✔ dashboard loading is independent of optional service configuration and includes actionable destinations (13.8967ms)
✔ orders combine independent search, status, campus, overdue and sort filters with real pagination (6.9664ms)
✔ changing filters invalidates older responses and failures preserve already displayed records (5.7586ms)
✔ opening details retains list state and refreshing after mutation retains loaded pages, filters and scroll (5.5072ms)
✔ closed pages ignore in-flight list and detail data (5.6915ms)
✔ detail deep links without ids and missing records terminate loading and provide a list fallback (6.5809ms)
✔ picked-up orders support admin intervention, duplicate submits coalesce and failed actions retain the draft (11.0412ms)
✔ cancelled confirmations cause no mutations (4.7175ms)
✔ feedback replies carry the displayed version and preserve drafts on a concurrent-update conflict (4.5415ms)
✔ configuration keeps decimal input drafts, blocks blank fields and saves only its own section (6.5321ms)
✔ refresh cannot discard unsaved configuration and discard restores a separate saved snapshot (5.9862ms)
✔ denied admins never read records and ordinary admins cannot mutate settings or run maintenance (31.9515ms)
✔ export page reads without deleting existing reports and failed generation preserves the previous link (3.0913ms)
✔ user lists accept legacy pagination totals and refresh after status changes in their independent detail page (3.4208ms)
✔ all new templates and shared includes bind real handlers (53.1583ms)
✔ export files return signed URLs verbatim and replace old reports only after successful generation (8.3249ms)
✔ upload and URL signing failures preserve the previous report (3.2862ms)
✔ failed report deletion retains its pointer while already missing files can be cleared (3.317ms)
✔ orders default all tab loads, paginates, switches back from a status and resets search (34.2075ms)
✔ orders controller accepts omitted/all filters and every numeric or string status (12.4095ms)
✔ orders rejects invalid filters and pagination without querying records (4.5344ms)
✔ feedback default all tab loads, paginates, switches back from a status and resets search (23.4661ms)
✔ feedback controller accepts omitted/all filters and every numeric or string status (18.0605ms)
✔ feedback rejects invalid filters and pagination without querying records (15.2903ms)
✔ all-status order and feedback queries still require an administrator session (15.3149ms)
✔ user details accept legacy links, normalize mixed registration fields and update the resolved document (14.6848ms)
✔ user detail retry recovers, empty records cannot be managed and rejection requires a reason (5.6549ms)
✔ failed user management preserves reason and coalesces repeated taps (12.2648ms)
✔ catalog search and stopped status combine, pagination survives a void-result mutation and retains scroll (9.4399ms)
✔ secondary management enforces permissions and cancelled actions cause no writes (38.6774ms)
Error: 上传中断
    at B:\zhumian\zm\kaidi\scripts\tests\admin-secondary-pages.test.js:136:69
    at Object.command (B:\zhumian\zm\kaidi\scripts\test-support\admin-console-harness.cjs:24:94)
    at Object.transRichEditorTempPics (B:\zhumian\zm\kaidi\scripts\test-support\admin-console-harness.cjs:36:80)
    at Object.bindFormSubmit (B:\zhumian\zm\kaidi\miniprogram\projects\crun\pages\admin\news\add\admin_news_add.js:128:37)
    at async TestContext.<anonymous> (B:\zhumian\zm\kaidi\scripts\tests\admin-secondary-pages.test.js:140:3)
    at async Test.run (node:internal/test_runner/test:1389:7)
    at async Test.processPendingSubtests (node:internal/test_runner/test:960:7)
✔ manager creation validates real rules, retains failed drafts and blocks duplicate submissions (11.4885ms)
✔ manager edit supports an unchanged password and password mismatch never submits (6.9587ms)
✔ campus service saves zero sort order and rejects blank or invalid numeric input (2.4812ms)
✔ announcement creation accepts no custom fields and uploads cover and content before returning (6.3004ms)
✔ an interrupted announcement upload retries the same draft and publishes only after all uploads succeed (5.6866ms)
✔ About editor validates the configured key, loads empty content and preserves editor state after a failed save (7.7928ms)
✔ article QR links carry their own page and scene; image failures can regenerate successfully (11.7075ms)
✔ user service resolves document, OpenID and legacy ids, preserves project isolation and never edits an unresolved id (4.8169ms)
✔ QR storage separates article scenes, scopes by project and preserves signed URL query parameters (4.916ms)
✔ registered login reaches user details through the real request and model layers and manages the same document (105.0723ms)
✔ an expired administrator session ends user reads and mutations, preserves the draft and redirects to login (37.1547ms)
✔ user chat loads its endpoint and sends the correct identity (7.7256ms)
✔ admin chat loads its endpoint and sends the correct identity (2.354ms)
✔ earlier pages use CSM_ID cursors, prepend once, and preserve viewport position (4.2794ms)
✔ quiet refresh retains history, does not steal scroll, and avoids unchanged message patches (2.2675ms)
✔ refresh catches up multiple cursor pages without dropping intervening messages (1.576ms)
✔ refresh and earlier-page failures preserve messages and reset loading flags (0.9448ms)
✔ hide cancels timers and discards late responses, show starts a fresh request (0.8063ms)
✔ unload ignores in-flight responses without changing detached page data (0.5858ms)
✔ send guards duplicate taps and preserves edits made while the request is pending (0.7294ms)
✔ send preserves a retyped identical draft and keeps failed-send content (0.7956ms)
✔ a lost chat reply reuses its request id after reopening the conversation (1.4298ms)
✔ send completing while hidden does not restart polling or fetch messages (0.6817ms)
✔ client controller passes cursor options and uses trusted identity (1.6973ms)
✔ both controllers reject oversized page limits and preserve defaults (5.9801ms)
✔ admin chat read and reply require authentication before service access (2.0682ms)
✔ list pagination rejects zero and oversized pages before database calls (9.0147ms)
✔ admin session ID length and message lengths are validated (1.6317ms)
✔ inbox aggregation preserves old sessions, counts all unread and paginates after grouping (19.9031ms)
✔ inbox searches literal text and excludes missing or foreign-project services (1.6648ms)
✔ newest page stays current after 1000 messages and cursor traverses timestamp ties (46.823ms)
✔ user/project isolation and read receipts only cover delivered incoming messages (1.5872ms)
✔ admin detail uses the same pagination and does not mark unseen older messages read (0.8647ms)
✔ sending requires identity and active service; trims and validates message (3.8814ms)
✔ three campuses are enforced and zero sort order is preserved (1.5925ms)
✔ deleting a service with conversation history is blocked (1.2526ms)
✔ session list delegates database pagination and retains frontend response fields (1.3059ms)
✔ all campus service pages are registered with complete page files (531.672ms)
✔ campus page event handlers and local style imports exist (186.9899ms)
✔ campus endpoints reference implemented controller methods (149.3246ms)
✔ admin home reaches the conversation inbox and service configuration through management (5.8351ms)
✔ simultaneous reads share one request, isolate identities, and return independent DTOs (6.6212ms)
✔ timeouts, malformed responses and both login redirects settle their promises and release loading state (7.8925ms)
✔ overlapping visible requests do not dismiss each other’s loading indicator (1.4238ms)
✔ repeated command taps and a lost reply retry with the same persistent request id (5.2665ms)
✔ unknown submission results cannot be replaced with changed content, but confirmed business errors allow correction (3.8024ms)
✔ changing filters rejects an older response and a failed refresh preserves the last confirmed list (6.2463ms)
✔ a component hidden during a request emits no stale list and does not cache a failed load (5.2118ms)
✔ live signals refresh the available-order page automatically while preserving its filters (14.2898ms)
✔ signal bursts coalesce, changes during a refresh are not lost, and hidden callbacks cannot restart polling (6.542ms)
✔ watch failures fall back to polling and reconnect; offline/background periods issue no reads (3.4286ms)
✔ image upload failure preserves every original path and a retry only uploads the failed image (1.4519ms)
✔ switching order tabs shows that tab’s recent snapshot immediately without crossing user identities (3.6892ms)
✔ an automatic refresh preserves deep-scroll results and refreshes when the user returns to the top (2.4958ms)
✔ deadline choices stay within the server seven-day window across Shanghai midnight and month boundaries (122.5146ms)
✔ invalid, past and out-of-range deadlines cannot be accepted and stale dates recover to a future choice (1.4441ms)
✔ custom deadline selection changes only a draft until confirmation and rejects a time that expires while open (2.4789ms)
✔ delivery labels combine campus, saved phase and detail consistently without duplicating either prefix (3.9031ms)
✔ the order retains its selected phase after the saved profile changes (18.7979ms)
✔ publishing rejects invalid or conflicting delivery phases (10.1439ms)
✔ available-order location filters the delivery phase even when pickup is in a different phase (15.5677ms)
✔ publishing and editing from older clients save the uniquely matching delivery phase in the order snapshot (7.7039ms)
✔ legacy orders recover the phase from their own saved form before consulting the current profile (6.3266ms)
✔ legacy detail and rider lists recover a unique matching saved address without exposing profile data (14.3692ms)
✔ legacy phase recovery does not guess from ambiguous, unrelated, changed or other-campus addresses (71.8218ms)
✔ legacy recovery batches missing forms and profiles, and performs no extra lookups for complete addresses (5.8285ms)
✔ favorite synchronization batches requests, discards stale results and stops requests on hidden pages (4.5602ms)
✔ available-order favorites use explicit desired state, coalesce taps and refresh without overwriting hidden pages (13.0937ms)
✔ hiding an order list cancels the remaining batches of a favorite refresh (1.4838ms)
✔ cancelled login never creates a favorite and failed requests leave the displayed count unchanged (7.4234ms)
✔ reputation retries failures, paginates records, and ignores an old response after switching record sources (5.3464ms)
✔ review submission requires validated context and a selected star, retains a failed draft and locks a successful review (3.6926ms)
✔ already-reviewed pages display the saved rating read-only, and missing order links never submit (1.49ms)
✔ completed orders expose rating to publishers and riders and reviewed orders open the saved rating (8.1803ms)
✔ order complaints identify either counterpart before submission and block unresolved order information (5.2604ms)
✔ administrator star selection is required, sends the current version, and preserves a rejected decision draft (9.3647ms)
✔ all added page actions resolve to handlers and the reputation entry sits directly above contacts (21.8769ms)
✔ order favorites are durable, idempotent under racing taps, visible to every viewer and removable after acceptance (34.7802ms)
✔ legacy order favorites count immediately, while missing and foreign orders cannot be collected (8.3303ms)
✔ every order participant can rate the other user after completion and only received ratings affect reputation (18.1763ms)
✔ sent and received review lists expose public profiles and ratings without order or account metadata (11.5124ms)
✔ historical reviews remain readable when the order is unavailable or the counterpart has no profile (14.0334ms)
✔ review retries and competing submissions cannot overwrite a rating or count it twice (23.9075ms)
✔ unfinished, self, unrelated and foreign orders, invalid stars and revoked accounts cannot submit reviews (19.3774ms)
✔ review authorization is rechecked inside the transaction after a concurrent account suspension (5.4894ms)
✔ pending complaints do not change reputation; reviewed stars target the counterpart and revisions replace the prior rating (25.211ms)
✔ reopening, rejecting or explicitly revoking an adjudication removes its contribution without losing its audit (25.1161ms)
✔ both roles can submit targeted complaints, but unlinked feedback and unaudited decisions cannot rate a user (8.1517ms)
✔ racing administrator decisions apply once and changed payloads cannot reuse a request id (10.5351ms)
✔ a complaint submitted before acceptance cannot later be assigned to a new rider (5.7985ms)
✔ reputation includes all historical ratings, clamps only the final total and isolates pagination by recipient and project (6.3725ms)
✔ 100 different users submit concurrently into the administrator inbox without a shared write lock (67.9506ms)
✔ concurrent duplicate requests create one record and consume one submission quota (23.5342ms)
✔ lost-response retries reuse archived evidence without repeating audits or consuming quota (17.9924ms)
✔ an interrupted database write rolls back the submission quota and can be retried safely (6.3495ms)
✔ new submissions remain rate limited per user while saved requests always remain retryable (8.7273ms)
✔ image audits have bounded concurrency and a failed image never creates a partial appeal (11.0939ms)
✔ concurrent administrator replies cannot overwrite each other and the user receives the committed result once (13.4271ms)
✔ feedback retries two transient transport failures with one request id and increasing bounded waits (8.2861ms)
✔ exhausted network retries retain the pending id while business rejection is never retried automatically (5.7904ms)
✔ absent operations config opens the default service, but saved false or malformed settings stay paused (13.6923ms)
✔ operations config read errors do not silently enable service or return local defaults (6.2172ms)
✔ saved pause continues to block both server publishing and accepting without stopping existing fulfillment (27.0603ms)
✔ service badge distinguishes loading and administrator pause without business-hour blocking (0.2167ms)
✔ detail presentation calculates fees, package tags and safe Beijing times (1.4928ms)
✔ detail primary actions depend on actual order role and status, never on page entry (0.4307ms)
✔ public presentation never projects contact or event history, even if a malformed DTO includes it (0.2116ms)
✔ order history is visible only to the publisher across order states (0.3431ms)
✔ shared detail template handlers are implemented in both page controllers (2.1369ms)
✔ participant primary button confirms pickup and delivery before advancing, and honors busy/error (1.4009ms)
✔ more menu filters mutations by role/state, and cancellation is never performed without confirmation (6.4544ms)
✔ delivery sheet requires a note and a photo, ignores unsupported actions and caps attachments at six (1.743ms)
✔ participant contact uses the other party and image previews stay in the authorized group (2.4014ms)
✔ public accepting locks before confirmation, avoids repeat requests and exposes reactive button state (1.9382ms)
✔ copying a parcel code uses that parcel and remains unavailable to other viewers (1.5428ms)
✔ publish screenshot selection and hidden form both cap attachments at six (1.7794ms)
✔ order command locks before async login/upload and refuses actions not allowed in the displayed state (1.3118ms)
✔ custom campus selection previews a choice, cancels cleanly, and commits only a valid option (14.1833ms)
✔ saving personal information persists the selected campus and preserves other saved fields (13.0766ms)
✔ editing cached personal information is not overwritten by a background response (10.356ms)
✔ contact editor retains drafts on save failure and preserves the default flag after retry (3.7214ms)
✔ address editor retains drafts on save failure and preserves the default flag after retry (8.2811ms)
✔ collection saves coalesce repeated taps and do not discard an editor before the request completes (3.336ms)
✔ deleting a preceding contact keeps the current edit attached to the same person (14.9458ms)
✔ every personal-center entry reaches its intended destination and private entries respect login cancellation (21.4932ms)
✔ settings clears cached profile data while keeping login, drafts and pending requests (19.6732ms)
✔ clearing caches prevents older requests from restoring stale profile and campus entries (6.2206ms)
✔ registration keeps the returned login token, binds the invitation, and returns to the requesting page (6.3552ms)
✔ registration requiring review does not grant an active login token (5.8744ms)
✔ favorite mutations ignore repeated taps while login or saving is in flight (9.6909ms)
✔ feedback detail can retry a failed request and formats returned timestamps (2.3636ms)
✔ invitation links survive a warm app launch and network failure, then clear after a successful bind (3.1333ms)
✔ invite records paginate without recreating codes and sharing carries the current code (1.1891ms)
✔ favorites can search, open and remove records, and retain data on a failed removal (1.015ms)
✔ sent and received reviews have independent pages, queries and late-response lifecycles (3.6683ms)
✔ address edits require one of the five phases and preserve the existing detail during selection (6.0953ms)
Error: 网络中断
    at TestContext.<anonymous> (B:\zhumian\zm\kaidi\scripts\tests\my-page-features.test.js:313:18)
    at async Test.run (node:internal/test_runner/test:1389:7)
    at async Test.processPendingSubtests (node:internal/test_runner/test:960:7)
✔ feedback prevents duplicate clicks, preserves a failed draft and retries its original content (5.4591ms)
✔ both review lists retain display fields only and offer no completed-order navigation (3.767ms)
✔ review lists preserve legacy names and recover missing avatars without clearing a refreshed image (7.5045ms)
✔ feedback image controls enforce the supported six-image limit and submit functional feedback as a suggestion (1.5042ms)
✔ messages remain available when optional subscription configuration hangs and malformed dates are tolerated (5.3272ms)
✔ shared profile templates and all personal-center pages bind existing event handlers (24.4018ms)
✔ personal lists paginate deterministically and exclude other users and projects (22.2112ms)
✔ favorites persist server-derived metadata, support literal search and remove without toggling (13.1722ms)
✔ favorites reject unknown types, hidden content, and users without active accounts (16.5789ms)
✔ favorite delete route calls deletion with the object id (5.6092ms)
✔ an invite code stays stable and never appears as a fake invitation record (14.5664ms)
✔ concurrent invite acceptance binds each person once and retries preserve the first inviter (7.7113ms)
✔ invite binding validates registration, code ownership and project scope (14.6678ms)
✔ legacy invite codes and accepted relationships survive the new flow (8.9139ms)
✔ all entry badges share one request and one 25 second timer, and backgrounding stops polling (5.7815ms)
✔ failed refresh retains the last confirmed count and a late response cannot leak another identity (2.615ms)
✔ read acknowledgements coalesce and a stale count cannot overwrite the refreshed badge (2.2052ms)
✔ acknowledgements completed in the background refresh only after returning to the app (3.3611ms)
✔ failed reads retain unread state and can be retried (1.1543ms)
✔ announcements are marked read only after successful detail rendering (2.5303ms)
✔ missing, failed and hidden announcement details never clear unread state (3.6453ms)
✔ mail/my_detail/mail_my_detail acknowledges the clicked message after rendering, but not on a failed load (6.5703ms)
✔ feedback/detail/feedback_detail acknowledges the clicked message after rendering, but not on a failed load (8.2134ms)
✔ my/reputation/my_reputation acknowledges the clicked message after rendering, but not on a failed load (6.7179ms)
✔ message list alone and navigation failure do not clear unread; feedback links open the exact reply (7.3391ms)
✔ generic message displays its full content before acknowledgement and repeated taps open once (3.1272ms)
✔ unread filter rejects stale list responses and pagination carries the server cursor (5.3625ms)
✔ mark all waits for the server, coalesces taps and retains failed state (3.3517ms)
✔ home, personal center and custom tab bar receive the same badge and home opens the actual announcement (8.0275ms)
✔ unread summary counts beyond SDK page limits and excludes other users, projects and stopped announcements (72.2904ms)
✔ reading an announcement is persistent, idempotent and independent per user, and edits retain read state (5.2337ms)
✔ message reads and summaries enforce identity, project and active-user permissions (4.9835ms)
✔ cursor pagination merges announcements and private messages without gaps at equal timestamps (15.8328ms)
✔ reading earlier rows and new arrivals do not shift subsequent unread pages (9.2741ms)
✔ mark all reads every page, preserves deliveries, and leaves messages arriving during the write unread (21.1757ms)
✔ public featured announcement is pinned first and never includes private message fields (6.3527ms)
✔ announcement draft returns the document id and becomes visible only after content is uploaded and published (8.1194ms)
✔ evidence accepts only exact owner upload prefix and rejects nested prefix spoofing (3.2513ms)
✔ audited evidence is copied server-side and only authorized archived files can be reused (10.5673ms)
✔ image size, signature and moderation failures do not create evidence (5.8983ms)
✔ development moderation switch does not bypass file validation or evidence archiving (1.4085ms)
✔ text review uses trusted identity, segments long inputs and fails closed (1.5372ms)
✔ weak network retries reuse command id without persisting personal payload (1.835ms)
✔ command cache isolates users, administrator sessions and changed payloads (3.4978ms)
✔ operation controller authenticates first, normalizes absent status and requires mutation ids (6.9847ms)
✔ database wrapper treats only missing documents as absent, never network errors (5.0809ms)
✔ publish page sends selected deadline after successful upload and guards repeated taps (17.692ms)
✔ disabled payment methods return explicit business errors without touching cloud payment (1.5795ms)
✔ administrator sessions require matching identity, active account, unexpired token and correct role (0.8336ms)
✔ server recomputes cents and rejects malformed forms, disabled service and bad deadlines (9.3396ms)
✔ public DTO exposes pickup and delivery locations without contacts or pickup credentials (19.0355ms)
✔ locations stay public while credentials unlock only for the accepting rider and history stays publisher-only (18.1186ms)
✔ anonymous viewers never match unassigned or missing order identities (9.1007ms)
✔ publish retry is idempotent even after closure, and changed payload cannot reuse the key (3.819ms)
✔ two racing riders yield one accept, one quota reservation and no partial loser writes (4.9383ms)
✔ active registered users, order campus, self-accept and deadline are server enforced (22.064ms)
✔ accept versus cancel serializes and accept versus edit never mutates an accepted order (6.7502ms)
✔ only rider can submit required proof; only poster can confirm; quotas released once (6.8295ms)
✔ exception freezes flow and requires active administrator resolution with audit (10.8039ms)
✔ quota counts concurrent publishes and accepted orders; unsafe mutation APIs are disabled (10.3403ms)
✔ feedback is participant scoped and optimistic replies are idempotent and notify once (11.9311ms)
✔ maintenance expires only waiting offline orders, not delivered orders, and is repeat safe (15.7493ms)
✔ notification claim prevents double dispatch and retry budget terminates failures (11.414ms)
✔ scrypt passwords accept the test default and reject legacy hashes (138.8488ms)
✔ admin login verifies password before issuing a token and password changes revoke it (128.4418ms)
✔ registration is unique under racing calls and cannot self-authorize or edit a disabled profile (4.0275ms)
✔ invalid quantity coercions and normalized impossible dates are rejected (3.0818ms)
✔ administrator can freeze and resolve a disabled participant order with preserved audit (5.0298ms)
✔ configuration rechecks current administrator permission inside transaction (3.5008ms)
✔ operational pages are registered, syntactically valid, and template handlers exist (23.2272ms)
✔ all backend and frontend CommonJS files compile and relative module references resolve (123.9574ms)
✔ operation routes resolve to real controller methods and unsafe payment UI is absent (3.187ms)
✔ card pickup advances to delivery; delivery navigates to details and changes state only after text and photos are submitted (42.7835ms)
✔ detail pickup and delivery use separate confirmations, and cancelling either leaves the order unchanged (9.0606ms)
✔ delivery links reload the order and refuse unpicked, changed or unrelated orders (69.2937ms)
✔ a failed photo upload keeps the delivery draft and allows one successful retry (23.9913ms)
✔ hidden, stale or unrelated card actions cannot advance the order, and navigation errors can be retried (20.6412ms)
✔ all card sections and detail roles use the full order address, including an older order form snapshot (18.34ms)
✔ rider replaces a wrong photo from the proof card while retaining the other photo and delivery time (42.791ms)
✔ only the assigned rider can update an existing proof on a pending receipt order (128.5303ms)
✔ proof corrections validate text, photo count and ownership without replacing the saved evidence on failure (14.9076ms)
✔ a note-only correction reuses the current archived photos (5.8637ms)
✔ correction retries replay once, recover their outcome, and reject changed or cancelled requests (9.6915ms)
✔ a receipt confirmed during photo audit prevents the correction from overwriting completed evidence (6.3876ms)
✔ overlapping confirmation and proof correction serialize without reopening a completed order (14.6823ms)
✔ cancelling restores the saved proof on reopening, and an incomplete correction never uploads (9.343ms)
✔ failed correction uploads retain the draft and repeated save taps produce one successful retry (20.9341ms)
✔ stale correction pages close after receipt confirmation and cannot update while hidden or failed (9.2531ms)
✔ both detail entry points allow the rider to update, and stale links or other roles cannot open the editor (12.2836ms)
✔ missing signed previews preserve photo identities so the rider can replace unavailable photos (6.7636ms)
✔ posted receipt entry checks ownership and closed orders, prevents duplicate navigation, and recovers from navigation failure (6.2464ms)
✔ pending posted orders retain the receipt entry and explain availability in their details (14.5173ms)
✔ posted receipt entry retains both confirmations, submits once, clears caches, and refreshes the posted list on return (5.0116ms)
✔ fresh order data blocks receipt confirmation for a changed status or a different viewer (8.8326ms)
✔ cancelling either confirmation or hiding the detail prevents receipt submission (5.2853ms)
✔ failed or background detail loads cannot open a receipt modal, and a visible retry can recover (1.3528ms)
✔ a rejected receipt keeps lists intact and reloads the latest order state (1.3198ms)
✔ ordinary detail visits and existing delivery links do not trigger receipt confirmation (3.2386ms)
[maintenance] item failed { code: 'PROCESS_FAILED' }
✔ 100 overlapping riders can claim an order only once, with one quota and atomic history/notifications (81.0352ms)
✔ 100 duplicate publishes all recover the same result and consume one business rate-limit slot (60.9358ms)
✔ concurrent claims on different orders enforce the rider limit without dropping existing reservations (22.689ms)
✔ a write failure rolls back the order, quota, idempotency record and public refresh signal together (3.9878ms)
✔ accept versus cancel remains exclusive, while an edit can never overwrite a successful claim (55.0065ms)
✔ orders already accepted remain visible after the acceptance deadline passes (9.1399ms)
✔ a legacy quota seed is revalidated after another transaction closes an order (4.1113ms)
✔ cursor pagination survives removed first-page rows, new publications and timestamp ties (9.1918ms)
✔ refresh signals contain no order identifiers, identities, addresses or pickup codes (4.0685ms)
✔ SDK transactions retry only definite conflicts, with rollback-aware SDK retries disabled (1.3565ms)
✔ chat messages and administrator replies keep one record when their responses are lost or requests race (9.9614ms)
✔ favorite refresh uses a bounded number of database queries as the displayed order count grows (8.4735ms)
✔ maintenance isolates a failing item, repairs legacy history and reminds orders already picked up (9.243ms)
✔ mail_add.js: the full selected delivery address reaches the server even if the hidden form is stale (60.3952ms)
✔ mail_add.js: submission keeps the selected phase when the form component returns only the detail (7.053ms)
✔ mail_add_embedded.js: the full selected delivery address reaches the server even if the hidden form is stale (46.6877ms)
✔ mail_add_embedded.js: submission keeps the selected phase when the form component returns only the detail (6.0442ms)
✔ mail_add.js: each parcel selects its own pickup point and cancellation preserves the saved choice (5.8176ms)
✔ mail_add_embedded.js: each parcel selects its own pickup point and cancellation preserves the saved choice (7.5458ms)
✔ adding, removing and refreshing parcels keeps the picker attached to the same parcel (4.3371ms)
✔ editing restores every stored parcel even when database records have no client ids (8.3012ms)
✔ editing restores the saved delivery phase and submits the newly chosen phase with its detail (4.6316ms)
✔ publishing requires each pickup point before any upload and resets the next draft (6.4702ms)
✔ home submission exposes all pickup points but keeps per-package credentials private until acceptance (8.1706ms)
✔ server validates every modern parcel point without trusting an order-wide fallback (3.8882ms)
✔ legacy invalid media and empty parcel entries cannot move a photo to another parcel (2.9976ms)
✔ both form entries use one implementation and no longer bind the old pickup controls (0.3168ms)
✔ all registered pages, components, imports and static navigation resolve after consolidation (81.5073ms)
✔ redundant pages are removed while export and role-specific workflows remain registered (0.734ms)
✔ new-page development settings do not use hot reload or unused-file filtering (0.1909ms)
✔ redesigned page templates bind only existing handlers (3.7265ms)
✔ messages paginate without fetching profile or config again, and stop at the last page (2.7997ms)
✔ unloading ignores pending notification responses (3.8611ms)
✔ linked messages wait for destination acknowledgement and feedback links take priority (3.3578ms)
✔ duplicate message clicks do not submit extra requests (2.4875ms)
✔ unified about page defaults to editable about content and refresh retains the contact key (3.0743ms)
✔ 100 distinct users publish distinct orders concurrently with production retry limits (546.579ms)
ℹ {"users":100,"clients":100,"perUser":1,"imagesPerOrder":0,"syntheticCommitDelayMs":10,"accepted":100,"rejected":0,"stored":100,"succeededWithoutClientRetry":100,"cloudAttempts":100,"clientRetries":0,"lostReplies":0,"failedWrites":0,"textAudits":100,"imageAudits":0,"transactionConflicts":64,"peakTransactions":100,"integrity":{"missing":0,"unexpected":0,"wrongOwner":0,"wrongContent":0,"incomplete":0,"quotaErrors":0,"events":100,"requests":100,"notifications":100,"visible":100,"uniqueVisible":100,"visibleMismatch":0},"errors":[]}
✔ 300 distinct users publish distinct orders concurrently with production retry limits (952.6528ms)
ℹ {"users":300,"clients":300,"perUser":1,"imagesPerOrder":0,"syntheticCommitDelayMs":10,"accepted":300,"rejected":0,"stored":300,"succeededWithoutClientRetry":300,"cloudAttempts":300,"clientRetries":0,"lostReplies":0,"failedWrites":0,"textAudits":300,"imageAudits":0,"transactionConflicts":408,"peakTransactions":300,"integrity":{"missing":0,"unexpected":0,"wrongOwner":0,"wrongContent":0,"incomplete":0,"quotaErrors":0,"events":300,"requests":300,"notifications":300,"visible":300,"uniqueVisible":300,"visibleMismatch":0},"errors":[]}
✔ 1000 distinct users publish distinct orders concurrently with production retry limits (2289.8048ms)
ℹ {"users":1000,"clients":1000,"perUser":1,"imagesPerOrder":0,"syntheticCommitDelayMs":10,"accepted":1000,"rejected":0,"stored":1000,"succeededWithoutClientRetry":908,"cloudAttempts":1092,"clientRetries":92,"lostReplies":0,"failedWrites":0,"textAudits":1092,"imageAudits":0,"transactionConflicts":2699,"peakTransactions":1000,"integrity":{"missing":0,"unexpected":0,"wrongOwner":0,"wrongContent":0,"incomplete":0,"quotaErrors":0,"events":1000,"requests":1000,"notifications":1000,"visible":1000,"uniqueVisible":1000,"visibleMismatch":0},"errors":[]}
✔ 100 identities publish five distinct orders each through 500 simultaneous clients without losing quota entries (943.0854ms)
ℹ {"users":100,"clients":500,"perUser":5,"imagesPerOrder":0,"syntheticCommitDelayMs":10,"accepted":500,"rejected":0,"stored":500,"succeededWithoutClientRetry":500,"cloudAttempts":500,"clientRetries":0,"lostReplies":0,"failedWrites":0,"textAudits":500,"imageAudits":0,"transactionConflicts":956,"peakTransactions":500,"integrity":{"missing":0,"unexpected":0,"wrongOwner":0,"wrongContent":0,"incomplete":0,"quotaErrors":0,"events":500,"requests":500,"notifications":500,"visible":500,"uniqueVisible":500,"visibleMismatch":0},"errors":[]}
✔ 200 distinct image orders survive injected write failures and lost post-commit responses without duplication (1685.8685ms)
ℹ {"users":200,"clients":200,"perUser":1,"imagesPerOrder":6,"syntheticCommitDelayMs":10,"accepted":200,"rejected":0,"stored":200,"succeededWithoutClientRetry":140,"cloudAttempts":270,"clientRetries":70,"lostReplies":50,"failedWrites":20,"textAudits":220,"imageAudits":1320,"transactionConflicts":173,"peakTransactions":200,"integrity":{"missing":0,"unexpected":0,"wrongOwner":0,"wrongContent":0,"incomplete":0,"quotaErrors":0,"events":200,"requests":200,"notifications":200,"visible":200,"uniqueVisible":200,"visibleMismatch":0},"errors":[]}
✔ recovery returns a committed publication and refuses other actions or identities (17.0999ms)
✔ closing an unknown publication races safely with its in-flight transaction (91.8268ms)
✔ request closure also prevents late order changes, feedback, reviews and administrator replies (10.9832ms)
✔ committed image publications replay through the real controller before audit and deadline checks (13.4392ms)
✔ command signatures and requests keep the original payload when a caller mutates its form (6.2396ms)
✔ a restarted client reconciles only request identifiers and can safely submit changed content afterward (7.3947ms)
✔ a business rejection after a lost reply cannot erase the still-unknown original request (3.0151ms)
✔ home express entry opens the embedded take form and upcoming services keep its draft mounted (3.1943ms)
✔ home starts independent requests together and coalesces repeated loads (7.4164ms)
✔ saved address and contact choices support cancel, explicit confirmation and stable values after returning (6.7189ms)
✔ publishing from the home form leaves a fresh editable parcel ready for the next order (1.2941ms)
✔ publish config failure exits loading and retries without a modal loop or duplicate form fields (1.6116ms)
✔ refresh preserves publish drafts and campus, and blocks submission on failed config refresh (1.9382ms)
✔ invalid config fails closed instead of calling toFixed on malformed prices (11.8526ms)
✔ publish retry coalesces repeated taps while config is pending (3.502ms)
✔ editing cannot expose a blank save form when original detail failed or is not editable (3.0548ms)
✔ order detail renders even if optional config fails or never resolves (6.625ms)
✔ missing ids and null/empty order responses show a terminal state, never endless loading (3.7587ms)
✔ legacy invalid history timestamps do not prevent loading the order (1.4294ms)
✔ order refresh ignores stale and hidden responses, preserves displayed data on transient failure (2.9357ms)
✔ public detail retries a failed load and refreshes when returning to a visible page (1.3866ms)
✔ failed collection creation cannot be cached as successful setup; recovery retries in the same instance (1.3709ms)
✔ concurrent collection creation tolerates a false result only when the collection now exists (0.627ms)
✔ an initialized cold instance performs one schema lookup and shares that result with concurrent calls (0.5799ms)
✔ mail/add/mail_add.js can recover a saved submission without erasing the current draft (2.2796ms)
✔ mail/add/mail_add_logic.js can recover a saved submission without erasing the current draft (0.8201ms)
✔ unavailable private images do not block text details or leak files to public callers (0.9708ms)
✔ empty image upload makes no redundant config or cloud storage request (0.7696ms)
✔ personal layout uses a native safe navigation bar, scoped full-width cards and no negative overlap (0.3795ms)
✔ profile entry opens personal information directly and legacy profile routes are removed (0.4769ms)
ℹ tests 346
ℹ suites 0
ℹ pass 346
ℹ fail 0
ℹ cancelled 0
ℹ skipped 0
ℹ todo 0
ℹ duration_ms 7023.3374
