TAP version 13
# [wechat-phone-login] { stage: 'native_callback', reason: 'permission_denied', errCode: 102 }
# Subtest: a native capability failure waits for delayed server policy: manual allowed=true
not ok 1 - a native capability failure waits for delayed server policy: manual allowed=true
  ---
  duration_ms: 11.2064
  type: 'test'
  location: 'B:\\zhumian\\zm\\kaidi\\scripts\\tests\\my-page-features.test.js:338:3'
  failureType: 'testCodeFailure'
  error: |-
    Expected values to be strictly equal:
    
    false !== true
    
  code: 'ERR_ASSERTION'
  name: 'AssertionError'
  expected: true
  actual: false
  operator: 'strictEqual'
  stack: |-
    TestContext.<anonymous> (B:\zhumian\zm\kaidi\scripts\tests\my-page-features.test.js:348:12)
    async Test.run (node:internal/test_runner/test:1389:7)
    async startSubtestAfterBootstrap (node:internal/test_runner/harness:387:3)
  ...
# [wechat-phone-login] { stage: 'native_callback', reason: 'permission_denied', errCode: 102 }
# Subtest: a native capability failure waits for delayed server policy: manual allowed=false
ok 2 - a native capability failure waits for delayed server policy: manual allowed=false
  ---
  duration_ms: 6.05
  type: 'test'
  ...
1..2
# tests 2
# suites 0
# pass 1
# fail 1
# cancelled 0
# skipped 0
# todo 0
# duration_ms 68.2593
