✔ admin order queries combine filters, escape search expressions, paginate stably and keep private fields out of lists (12.2169ms)
✔ feedback status and literal search filters apply together and user lists remain owner scoped (7.8883ms)
✔ dashboard counts include cancellations, split pickup status, and count today using the Shanghai day boundary (6.1463ms)
✔ section saves merge inside the transaction so concurrent pages cannot overwrite unrelated configuration (8.3235ms)
✔ admin details include both contacts and picked-up orders can enter and resume exception processing (12.2971ms)
✔ reports enforce the inclusive date window, protect spreadsheet cells and isolate export keys by admin (7.3505ms)
✔ exports fail explicitly above the row limit and user export filters cannot choose a different project (1.6308ms)
✔ reports include records beyond the database single-read cap and include exactly 5000 records (9.6421ms)
✔ user status changes resolve mini-program user ids instead of confusing them with document ids (0.9822ms)
✔ every console destination is a registered independent page and primary navigation replaces only its current page (3.9452ms)
✔ legacy bookmarks redirect to independent pages, including ids and unknown tab names (17.7371ms)
✔ dashboard loading is independent of optional service configuration and includes actionable destinations (12.1354ms)
✔ orders combine independent search, status, campus, overdue and sort filters with real pagination (7.9232ms)
✔ changing filters invalidates older responses and failures preserve already displayed records (4.8074ms)
✔ opening details retains list state and refreshing after mutation retains loaded pages, filters and scroll (3.3951ms)
✔ closed pages ignore in-flight list and detail data (4.956ms)
✔ detail deep links without ids and missing records terminate loading and provide a list fallback (9.6486ms)
✔ picked-up orders support admin intervention, duplicate submits coalesce and failed actions retain the draft (4.7708ms)
✔ cancelled confirmations cause no mutations (1.8035ms)
✔ feedback replies carry the displayed version and preserve drafts on a concurrent-update conflict (1.881ms)
✔ configuration keeps decimal input drafts, blocks blank fields and saves only its own section (2.6755ms)
✔ refresh cannot discard unsaved configuration and discard restores a separate saved snapshot (2.0819ms)
✔ denied admins never read records and ordinary admins cannot mutate settings or run maintenance (15.9692ms)
✔ export page reads without deleting existing reports and failed generation preserves the previous link (2.8799ms)
✔ user lists accept legacy pagination totals and refresh after status changes in their independent detail page (4.1676ms)
✔ all new templates and shared includes bind real handlers (56.9075ms)
✔ export files return signed URLs verbatim and replace old reports only after successful generation (8.1681ms)
✔ upload and URL signing failures preserve the previous report (1.7251ms)
✔ failed report deletion retains its pointer while already missing files can be cleared (2.0975ms)
✔ user details accept legacy links, normalize mixed registration fields and update the resolved document (5.1975ms)
✔ user detail retry recovers, empty records cannot be managed and rejection requires a reason (4.3638ms)
✔ failed user management preserves reason and coalesces repeated taps (7.684ms)
✔ catalog search and stopped status combine, pagination survives a void-result mutation and retains scroll (6.3526ms)
✔ secondary management enforces permissions and cancelled actions cause no writes (25.6507ms)
Error: 上传中断
    at B:\zhumian\zm\kaidi\scripts\tests\admin-secondary-pages.test.js:136:69
    at Object.command (B:\zhumian\zm\kaidi\scripts\test-support\admin-console-harness.cjs:24:94)
    at Object.transRichEditorTempPics (B:\zhumian\zm\kaidi\scripts\test-support\admin-console-harness.cjs:36:80)
    at Object.bindFormSubmit (B:\zhumian\zm\kaidi\miniprogram\projects\crun\pages\admin\news\add\admin_news_add.js:128:37)
    at async TestContext.<anonymous> (B:\zhumian\zm\kaidi\scripts\tests\admin-secondary-pages.test.js:140:3)
    at async Test.run (node:internal/test_runner/test:1389:7)
    at async Test.processPendingSubtests (node:internal/test_runner/test:960:7)
✔ manager creation validates real rules, retains failed drafts and blocks duplicate submissions (6.9017ms)
✔ manager edit supports an unchanged password and password mismatch never submits (7.1201ms)
✔ campus service saves zero sort order and rejects blank or invalid numeric input (5.9045ms)
✔ announcement creation accepts no custom fields and uploads cover and content before returning (11.0441ms)
✔ an interrupted announcement upload retries the same draft and publishes only after all uploads succeed (7.1074ms)
✔ About editor validates the configured key, loads empty content and preserves editor state after a failed save (8.4631ms)
✔ article QR links carry their own page and scene; image failures can regenerate successfully (6.1768ms)
✔ user service resolves document, OpenID and legacy ids, preserves project isolation and never edits an unresolved id (1.4017ms)
✔ QR storage separates article scenes, scopes by project and preserves signed URL query parameters (5.9646ms)
✔ registered login reaches user details through the real request and model layers and manages the same document (72.1499ms)
✔ an expired administrator session ends user reads and mutations, preserves the draft and redirects to login (37.6333ms)
✔ user chat loads its endpoint and sends the correct identity (5.0878ms)
✔ admin chat loads its endpoint and sends the correct identity (2.4425ms)
✔ earlier pages use CSM_ID cursors, prepend once, and preserve viewport position (2.2323ms)
✔ quiet refresh retains history, does not steal scroll, and avoids unchanged message patches (4.9652ms)
✔ refresh catches up multiple cursor pages without dropping intervening messages (1.1043ms)
✔ refresh and earlier-page failures preserve messages and reset loading flags (1.6812ms)
✔ hide cancels timers and discards late responses, show starts a fresh request (3.095ms)
✔ unload ignores in-flight responses without changing detached page data (1.3222ms)
✔ send guards duplicate taps and preserves edits made while the request is pending (0.8168ms)
✔ send preserves a retyped identical draft and keeps failed-send content (1.6662ms)
✔ send completing while hidden does not restart polling or fetch messages (0.8062ms)
✔ client controller passes cursor options and uses trusted identity (5.9909ms)
✔ both controllers reject oversized page limits and preserve defaults (6.8945ms)
✔ admin chat read and reply require authentication before service access (3.0104ms)
✔ list pagination rejects zero and oversized pages before database calls (9.1325ms)
✔ admin session ID length and message lengths are validated (1.7927ms)
✔ inbox aggregation preserves old sessions, counts all unread and paginates after grouping (18.1088ms)
✔ inbox searches literal text and excludes missing or foreign-project services (1.4907ms)
✔ newest page stays current after 1000 messages and cursor traverses timestamp ties (41.4619ms)
✔ user/project isolation and read receipts only cover delivered incoming messages (1.3059ms)
✔ admin detail uses the same pagination and does not mark unseen older messages read (1.8215ms)
✔ sending requires identity and active service; trims and validates message (1.1025ms)
✔ three campuses are enforced and zero sort order is preserved (0.852ms)
✔ deleting a service with conversation history is blocked (0.6561ms)
✔ session list delegates database pagination and retains frontend response fields (0.6984ms)
✔ all campus service pages are registered with complete page files (475.1108ms)
✔ campus page event handlers and local style imports exist (166.8099ms)
✔ campus endpoints reference implemented controller methods (168.1421ms)
✔ admin home reaches the conversation inbox and service configuration through management (5.4882ms)
✔ deadline choices stay within the server seven-day window across Shanghai midnight and month boundaries (91.3885ms)
✔ invalid, past and out-of-range deadlines cannot be accepted and stale dates recover to a future choice (1.4579ms)
✔ custom deadline selection changes only a draft until confirmation and rejects a time that expires while open (8.5751ms)
✔ available-order location filters the delivery phase even when pickup is in a different phase (20.1785ms)
✔ favorite synchronization batches requests, discards stale results and stops requests on hidden pages (4.9181ms)
✔ available-order favorites use explicit desired state, coalesce taps and refresh without overwriting hidden pages (8.5882ms)
✔ hiding an order list cancels the remaining batches of a favorite refresh (0.8899ms)
✔ cancelled login never creates a favorite and failed requests leave the displayed count unchanged (2.6049ms)
✔ reputation retries failures, paginates records, and ignores an old response after switching record sources (6.7ms)
✔ review submission requires validated context and a selected star, retains a failed draft and locks a successful review (2.9372ms)
✔ already-reviewed pages display the saved rating read-only, and missing order links never submit (1.6085ms)
✔ completed orders expose rating to publishers and riders and reviewed orders open the saved rating (4.6739ms)
✔ order complaints identify either counterpart before submission and block unresolved order information (5.3217ms)
✔ administrator star selection is required, sends the current version, and preserves a rejected decision draft (7.5127ms)
✔ all added page actions resolve to handlers and the reputation entry sits directly above contacts (12.5964ms)
✔ order favorites are durable, idempotent under racing taps, visible to every viewer and removable after acceptance (30.1669ms)
✔ legacy order favorites count immediately, while missing and foreign orders cannot be collected (9.0303ms)
✔ every order participant can rate the other user after completion and only received ratings affect reputation (17.9769ms)
✔ review retries and competing submissions cannot overwrite a rating or count it twice (19.3567ms)
✔ unfinished, self, unrelated and foreign orders, invalid stars and revoked accounts cannot submit reviews (6.8934ms)
✔ review authorization is rechecked inside the transaction after a concurrent account suspension (5.2969ms)
✔ pending complaints do not change reputation; reviewed stars target the counterpart and revisions replace the prior rating (18.196ms)
✔ reopening, rejecting or explicitly revoking an adjudication removes its contribution without losing its audit (24.0522ms)
✔ both roles can submit targeted complaints, but unlinked feedback and unaudited decisions cannot rate a user (14.1228ms)
✔ racing administrator decisions apply once and changed payloads cannot reuse a request id (15.9204ms)
✔ a complaint submitted before acceptance cannot later be assigned to a new rider (6.0067ms)
✔ reputation includes all historical ratings, clamps only the final total and isolates pagination by recipient and project (9.6584ms)
✔ 100 different users submit concurrently into the administrator inbox without a shared write lock (52.1226ms)
✔ concurrent duplicate requests create one record and consume one submission quota (14.6699ms)
✔ lost-response retries reuse archived evidence without repeating audits or consuming quota (11.1652ms)
✔ an interrupted database write rolls back the submission quota and can be retried safely (14.577ms)
✔ new submissions remain rate limited per user while saved requests always remain retryable (5.8551ms)
✔ image audits have bounded concurrency and a failed image never creates a partial appeal (16.1986ms)
✔ concurrent administrator replies cannot overwrite each other and the user receives the committed result once (4.9281ms)
✔ feedback retries two transient transport failures with one request id and increasing bounded waits (3.0062ms)
✔ exhausted network retries retain the pending id while business rejection is never retried automatically (1.8755ms)
✔ absent operations config opens the default service, but saved false or malformed settings stay paused (10.2514ms)
✔ operations config read errors do not silently enable service or return local defaults (3.0507ms)
✔ saved pause continues to block both server publishing and accepting without stopping existing fulfillment (17.5884ms)
✔ service badge distinguishes loading and administrator pause without business-hour blocking (0.227ms)
✔ detail presentation calculates fees, package tags and safe Beijing times (1.2437ms)
✔ detail primary actions depend on actual order role and status, never on page entry (0.8216ms)
✔ public presentation never projects contact or event history, even if a malformed DTO includes it (0.2169ms)
✔ shared detail template handlers are implemented in both page controllers (6.3112ms)
✔ participant primary button delegates to edit, delivery sheet or explicit confirmation, and honors busy/error (1.2558ms)
✔ more menu filters mutations by role/state, and cancellation is never performed without confirmation (8.7896ms)
✔ delivery sheet requires a note and a photo, ignores unsupported actions and caps attachments at six (0.9273ms)
✔ participant contact uses the other party and image previews stay in the authorized group (1.3482ms)
✔ public accepting locks before confirmation, avoids repeat requests and exposes reactive button state (1.8309ms)
✔ publish screenshot selection and hidden form both cap attachments at six (1.2386ms)
✔ order command locks before async login/upload and refuses actions not allowed in the displayed state (2.1456ms)
✔ custom campus selection previews a choice, cancels cleanly, and commits only a valid option (5.7005ms)
✔ saving personal information persists the selected campus and preserves other saved fields (12.8252ms)
✔ editing cached personal information is not overwritten by a background response (2.8183ms)
✔ contact editor retains drafts on save failure and preserves the default flag after retry (3.331ms)
✔ address editor retains drafts on save failure and preserves the default flag after retry (3.3353ms)
✔ collection saves coalesce repeated taps and do not discard an editor before the request completes (7.9892ms)
✔ deleting a preceding contact keeps the current edit attached to the same person (12.3744ms)
✔ every personal-center entry reaches its intended destination and private entries respect login cancellation (19.346ms)
✔ settings clears cached profile data while keeping login, drafts and pending requests (11.9241ms)
✔ clearing caches prevents older requests from restoring stale profile and campus entries (5.1472ms)
✔ registration keeps the returned login token, binds the invitation, and returns to the requesting page (8.0895ms)
✔ registration requiring review does not grant an active login token (5.9967ms)
✔ favorite mutations ignore repeated taps while login or saving is in flight (7.0178ms)
✔ feedback detail can retry a failed request and formats returned timestamps (5.0362ms)
✔ invitation links survive a warm app launch and network failure, then clear after a successful bind (4.4816ms)
✔ invite records paginate without recreating codes and sharing carries the current code (2.867ms)
✔ favorites can search, open and remove records, and retain data on a failed removal (2.3645ms)
✔ sent and received reviews have independent pages, queries and late-response lifecycles (4.3681ms)
✔ address edits require one of the five phases and preserve the existing detail during selection (6.6613ms)
Error: 网络中断
    at TestContext.<anonymous> (B:\zhumian\zm\kaidi\scripts\tests\my-page-features.test.js:313:18)
    at async Test.run (node:internal/test_runner/test:1389:7)
    at async Test.processPendingSubtests (node:internal/test_runner/test:960:7)
✔ feedback prevents duplicate clicks, preserves a failed draft and retries its original content (5.4043ms)
✔ review records link to the order and the empty-state action opens completed orders (1.1511ms)
✔ feedback image controls enforce the supported six-image limit and submit functional feedback as a suggestion (0.7434ms)
✔ messages remain available when optional subscription configuration hangs and malformed dates are tolerated (2.1141ms)
✔ shared profile templates and all personal-center pages bind existing event handlers (13.0404ms)
✔ personal lists paginate deterministically and exclude other users and projects (17.8029ms)
✔ favorites persist server-derived metadata, support literal search and remove without toggling (25.1703ms)
✔ favorites reject unknown types, hidden content, and users without active accounts (12.7066ms)
✔ favorite delete route calls deletion with the object id (2.0177ms)
✔ an invite code stays stable and never appears as a fake invitation record (13.3831ms)
✔ concurrent invite acceptance binds each person once and retries preserve the first inviter (3.9134ms)
✔ invite binding validates registration, code ownership and project scope (4.4297ms)
✔ legacy invite codes and accepted relationships survive the new flow (8.5666ms)
✔ all entry badges share one request and one 25 second timer, and backgrounding stops polling (4.2856ms)
✔ failed refresh retains the last confirmed count and a late response cannot leak another identity (1.0305ms)
✔ read acknowledgements coalesce and a stale count cannot overwrite the refreshed badge (0.9213ms)
✔ acknowledgements completed in the background refresh only after returning to the app (5.1818ms)
✔ failed reads retain unread state and can be retried (1.6282ms)
✔ announcements are marked read only after successful detail rendering (2.5766ms)
✔ missing, failed and hidden announcement details never clear unread state (3.484ms)
✔ mail/my_detail/mail_my_detail acknowledges the clicked message after rendering, but not on a failed load (3.148ms)
✔ feedback/detail/feedback_detail acknowledges the clicked message after rendering, but not on a failed load (6.4326ms)
✔ my/reputation/my_reputation acknowledges the clicked message after rendering, but not on a failed load (5.0601ms)
✔ message list alone and navigation failure do not clear unread; feedback links open the exact reply (2.1002ms)
✔ generic message displays its full content before acknowledgement and repeated taps open once (1.2531ms)
✔ unread filter rejects stale list responses and pagination carries the server cursor (1.836ms)
✔ mark all waits for the server, coalesces taps and retains failed state (1.5287ms)
✔ home, personal center and custom tab bar receive the same badge and home opens the actual announcement (9.7765ms)
✔ unread summary counts beyond SDK page limits and excludes other users, projects and stopped announcements (64.9249ms)
✔ reading an announcement is persistent, idempotent and independent per user, and edits retain read state (8.5302ms)
✔ message reads and summaries enforce identity, project and active-user permissions (3.6719ms)
✔ cursor pagination merges announcements and private messages without gaps at equal timestamps (13.4239ms)
✔ reading earlier rows and new arrivals do not shift subsequent unread pages (3.8201ms)
✔ mark all reads every page, preserves deliveries, and leaves messages arriving during the write unread (14.9473ms)
✔ public featured announcement is pinned first and never includes private message fields (3.026ms)
✔ announcement draft returns the document id and becomes visible only after content is uploaded and published (12.3701ms)
✔ evidence accepts only exact owner upload prefix and rejects nested prefix spoofing (1.8533ms)
✔ audited evidence is copied server-side and only authorized archived files can be reused (5.3058ms)
✔ image size, signature and moderation failures do not create evidence (7.5592ms)
✔ development moderation switch does not bypass file validation or evidence archiving (1.8586ms)
✔ text review uses trusted identity, segments long inputs and fails closed (1.7558ms)
✔ weak network retries reuse command id without persisting personal payload (2.3625ms)
✔ command cache isolates users, administrator sessions and changed payloads (2.2872ms)
✔ operation controller authenticates first, accepts absent status and requires mutation ids (6.223ms)
✔ database wrapper treats only missing documents as absent, never network errors (0.946ms)
✔ publish page sends selected deadline after successful upload and guards repeated taps (6.1757ms)
✔ disabled payment methods return explicit business errors without touching cloud payment (1.6935ms)
✔ administrator sessions require matching identity, active account, unexpired token and correct role (0.8491ms)
✔ server recomputes cents and rejects malformed forms, disabled service and bad deadlines (12.4133ms)
✔ public DTO never contains forms, pickup codes, contact details or file identifiers (8.2111ms)
✔ publish retry is idempotent even after closure, and changed payload cannot reuse the key (4.619ms)
✔ two racing riders yield one accept, one quota reservation and no partial loser writes (4.8582ms)
✔ active registered users, order campus, self-accept and deadline are server enforced (10.9722ms)
✔ accept versus cancel serializes and accept versus edit never mutates an accepted order (7.6828ms)
✔ only rider can submit required proof; only poster can confirm; quotas released once (8.1501ms)
✔ exception freezes flow and requires active administrator resolution with audit (9.9322ms)
✔ quota counts concurrent publishes and accepted orders; unsafe mutation APIs are disabled (7.8812ms)
✔ feedback is participant scoped and optimistic replies are idempotent and notify once (11.5285ms)
✔ maintenance expires only waiting offline orders, not delivered orders, and is repeat safe (18.1513ms)
✔ notification claim prevents double dispatch and retry budget terminates failures (4.2506ms)
✔ scrypt passwords accept the test default and reject legacy hashes (96.2554ms)
✔ admin login verifies password before issuing a token and password changes revoke it (121.5191ms)
✔ registration is unique under racing calls and cannot self-authorize or edit a disabled profile (3.994ms)
✔ invalid quantity coercions and normalized impossible dates are rejected (2.8115ms)
✔ administrator can freeze and resolve a disabled participant order with preserved audit (6.1352ms)
✔ configuration rechecks current administrator permission inside transaction (3.3163ms)
✔ operational pages are registered, syntactically valid, and template handlers exist (10.9187ms)
✔ all backend and frontend CommonJS files compile and relative module references resolve (82.9664ms)
✔ operation routes resolve to real controller methods and unsafe payment UI is absent (3.0925ms)
✔ all registered pages, components, imports and static navigation resolve after consolidation (74.1945ms)
✔ redundant pages are removed while export and role-specific workflows remain registered (1.4447ms)
✔ new-page development settings do not use hot reload or unused-file filtering (0.2099ms)
✔ redesigned page templates bind only existing handlers (4.3385ms)
✔ messages paginate without fetching profile or config again, and stop at the last page (4.5984ms)
✔ unloading ignores pending notification responses (4.2086ms)
✔ linked messages wait for destination acknowledgement and feedback links take priority (1.7301ms)
✔ duplicate message clicks do not submit extra requests (1.1716ms)
✔ unified about page defaults to editable about content and refresh retains the contact key (1.3926ms)
✔ home express entry opens the embedded take form and upcoming services keep its draft mounted (5.8552ms)
✔ home starts independent requests together and coalesces repeated loads (7.4902ms)
✔ saved address and contact choices support cancel, explicit confirmation and stable values after returning (6.698ms)
✔ publishing from the home form leaves a fresh editable parcel ready for the next order (2.1934ms)
✔ publish config failure exits loading and retries without a modal loop or duplicate form fields (1.7716ms)
✔ refresh preserves publish drafts and campus, and blocks submission on failed config refresh (2.8311ms)
✔ invalid config fails closed instead of calling toFixed on malformed prices (6.1665ms)
✔ publish retry coalesces repeated taps while config is pending (2.2881ms)
✔ editing cannot expose a blank save form when original detail failed or is not editable (1.3758ms)
✔ order detail renders even if optional config fails or never resolves (3.3951ms)
✔ missing ids and null/empty order responses show a terminal state, never endless loading (4.7115ms)
✔ legacy invalid history timestamps do not prevent loading the order (2.7688ms)
✔ order refresh ignores stale and hidden responses, preserves displayed data on transient failure (5.4799ms)
✔ public detail retries a failed load and refreshes when returning to a visible page (1.3153ms)
✔ failed collection creation cannot be cached as successful setup; recovery retries in the same instance (1.3014ms)
✔ concurrent collection creation tolerates a false result only when the collection now exists (0.6397ms)
✔ unavailable private images do not block text details or leak files to public callers (0.9277ms)
✔ empty image upload makes no redundant config or cloud storage request (0.7331ms)
✔ personal layout uses a native safe navigation bar, scoped full-width cards and no negative overlap (0.4051ms)
✔ profile entry opens personal information directly and legacy profile routes are removed (0.4552ms)
ℹ tests 242
ℹ suites 0
ℹ pass 242
ℹ fail 0
ℹ cancelled 0
ℹ skipped 0
ℹ todo 0
ℹ duration_ms 1006.6096
