
> cloud@1.0.0 test
> node --test ../../scripts/tests/*.test.js

✔ admin order queries combine filters, escape search expressions, paginate stably and keep private fields out of lists (12.8048ms)
✔ feedback status and literal search filters apply together and user lists remain owner scoped (8.473ms)
✔ dashboard counts include cancellations, split pickup status, and count today using the Shanghai day boundary (5.8008ms)
✔ section saves merge inside the transaction so concurrent pages cannot overwrite unrelated configuration (4.0285ms)
✔ admin details include both contacts and picked-up orders can enter and resume exception processing (18.1709ms)
✔ reports enforce the inclusive date window, protect spreadsheet cells and isolate export keys by admin (8.1763ms)
✔ exports fail explicitly above the row limit and user export filters cannot choose a different project (2.5115ms)
✔ reports include records beyond the database single-read cap and include exactly 5000 records (19.7948ms)
✔ user status changes resolve mini-program user ids instead of confusing them with document ids (1.0522ms)
✔ every console destination is a registered independent page and primary navigation replaces only its current page (4.5805ms)
✔ legacy bookmarks redirect to independent pages, including ids and unknown tab names (17.6659ms)
✔ dashboard loading is independent of optional service configuration and includes actionable destinations (11.0077ms)
✔ orders combine independent search, status, campus, overdue and sort filters with real pagination (3.5897ms)
✔ changing filters invalidates older responses and failures preserve already displayed records (2.6805ms)
✔ opening details retains list state and refreshing after mutation retains loaded pages, filters and scroll (2.6205ms)
✔ closed pages ignore in-flight list and detail data (7.2479ms)
✔ detail deep links without ids and missing records terminate loading and provide a list fallback (11.2549ms)
✔ picked-up orders support admin intervention, duplicate submits coalesce and failed actions retain the draft (2.6675ms)
✔ cancelled confirmations cause no mutations (6.9ms)
✔ feedback replies carry the displayed version and preserve drafts on a concurrent-update conflict (2.5663ms)
✔ configuration keeps decimal input drafts, blocks blank fields and saves only its own section (6.6968ms)
✔ refresh cannot discard unsaved configuration and discard restores a separate saved snapshot (4.3576ms)
✔ denied admins never read records and ordinary admins cannot mutate settings or run maintenance (38.7551ms)
✔ export page reads without deleting existing reports and failed generation preserves the previous link (7.1979ms)
✔ user lists accept legacy pagination totals and refresh after status changes in their independent detail page (6.1687ms)
✔ all new templates and shared includes bind real handlers (47.1145ms)
✔ export files return signed URLs verbatim and replace old reports only after successful generation (7.5175ms)
✔ upload and URL signing failures preserve the previous report (3.0478ms)
✔ failed report deletion retains its pointer while already missing files can be cleared (5.8502ms)
✔ orders default all tab loads, paginates, switches back from a status and resets search (36.1122ms)
✔ orders controller accepts omitted/all filters and every numeric or string status (22.2222ms)
✔ orders rejects invalid filters and pagination without querying records (5.9053ms)
✔ feedback default all tab loads, paginates, switches back from a status and resets search (9.8059ms)
✔ feedback controller accepts omitted/all filters and every numeric or string status (9.3383ms)
✔ feedback rejects invalid filters and pagination without querying records (5.2161ms)
✔ all-status order and feedback queries still require an administrator session (12.3678ms)
✔ user details accept legacy links, normalize mixed registration fields and update the resolved document (10.895ms)
✔ user detail retry recovers, empty records cannot be managed and rejection requires a reason (6.3707ms)
✔ failed user management preserves reason and coalesces repeated taps (15.6234ms)
✔ catalog search and stopped status combine, pagination survives a void-result mutation and retains scroll (13.178ms)
✔ secondary management enforces permissions and cancelled actions cause no writes (46.529ms)
Error: 上传中断
    at B:\zhumian\zm\kaidi\scripts\tests\admin-secondary-pages.test.js:136:69
    at Object.command (B:\zhumian\zm\kaidi\scripts\test-support\admin-console-harness.cjs:24:94)
    at Object.transRichEditorTempPics (B:\zhumian\zm\kaidi\scripts\test-support\admin-console-harness.cjs:36:80)
    at Object.bindFormSubmit (B:\zhumian\zm\kaidi\miniprogram\projects\crun\pages\admin\news\add\admin_news_add.js:128:37)
    at async TestContext.<anonymous> (B:\zhumian\zm\kaidi\scripts\tests\admin-secondary-pages.test.js:140:3)
    at async Test.run (node:internal/test_runner/test:1389:7)
    at async Test.processPendingSubtests (node:internal/test_runner/test:960:7)
✔ manager creation validates real rules, retains failed drafts and blocks duplicate submissions (15.6205ms)
✔ manager edit supports an unchanged password and password mismatch never submits (15.7347ms)
✔ campus service saves zero sort order and rejects blank or invalid numeric input (4.7511ms)
✔ announcement creation accepts no custom fields and uploads cover and content before returning (7.4266ms)
✔ an interrupted announcement upload retries the same draft and publishes only after all uploads succeed (5.687ms)
✔ About editor validates the configured key, loads empty content and preserves editor state after a failed save (21.0311ms)
✔ article QR links carry their own page and scene; image failures can regenerate successfully (11.5022ms)
✔ user service resolves document, OpenID and legacy ids, preserves project isolation and never edits an unresolved id (4.1336ms)
✔ QR storage separates article scenes, scopes by project and preserves signed URL query parameters (2.4346ms)
✔ registered login reaches user details through the real request and model layers and manages the same document (103.2738ms)
✔ an expired administrator session ends user reads and mutations, preserves the draft and redirects to login (53.3493ms)
✔ user chat loads its endpoint and sends the correct identity (6.1131ms)
✔ admin chat loads its endpoint and sends the correct identity (1.3647ms)
✔ earlier pages use CSM_ID cursors, prepend once, and preserve viewport position (1.6034ms)
✔ quiet refresh retains history, does not steal scroll, and avoids unchanged message patches (1.6062ms)
✔ refresh catches up multiple cursor pages without dropping intervening messages (1.4709ms)
✔ refresh and earlier-page failures preserve messages and reset loading flags (1.8982ms)
✔ hide cancels timers and discards late responses, show starts a fresh request (0.7498ms)
✔ unload ignores in-flight responses without changing detached page data (0.5763ms)
✔ send guards duplicate taps and preserves edits made while the request is pending (0.728ms)
✔ send preserves a retyped identical draft and keeps failed-send content (0.7505ms)
✔ a lost chat reply reuses its request id after reopening the conversation (3.0709ms)
✔ send completing while hidden does not restart polling or fetch messages (1.6264ms)
✔ client controller passes cursor options and uses trusted identity (2.1857ms)
✔ both controllers reject oversized page limits and preserve defaults (4.7047ms)
✔ admin chat read and reply require authentication before service access (2.1141ms)
✔ list pagination rejects zero and oversized pages before database calls (12.9056ms)
✔ admin session ID length and message lengths are validated (2.3389ms)
✔ inbox aggregation preserves old sessions, counts all unread and paginates after grouping (28.4785ms)
✔ inbox searches literal text and excludes missing or foreign-project services (1.674ms)
✔ newest page stays current after 1000 messages and cursor traverses timestamp ties (59.3695ms)
✔ user/project isolation and read receipts only cover delivered incoming messages (1.6823ms)
✔ admin detail uses the same pagination and does not mark unseen older messages read (0.8709ms)
✔ sending requires identity and active service; trims and validates message (3.8596ms)
✔ three campuses are enforced and zero sort order is preserved (1.3682ms)
✔ deleting a service with conversation history is blocked (0.7367ms)
✔ session list delegates database pagination and retains frontend response fields (1.1176ms)
✔ all campus service pages are registered with complete page files (572.0464ms)
✔ campus page event handlers and local style imports exist (183.938ms)
✔ campus endpoints reference implemented controller methods (175.7089ms)
✔ admin home reaches the conversation inbox and service configuration through management (5.5083ms)
✔ simultaneous reads share one request, isolate identities, and return independent DTOs (6.2903ms)
✔ timeouts, malformed responses and both login redirects settle their promises and release loading state (11.6383ms)
✔ overlapping visible requests do not dismiss each other’s loading indicator (1.4911ms)
✔ repeated command taps and a lost reply retry with the same persistent request id (3.6828ms)
✔ unknown submission results cannot be replaced with changed content, but confirmed business errors allow correction (10.9348ms)
✔ changing filters rejects an older response and a failed refresh preserves the last confirmed list (6.1386ms)
✔ a component hidden during a request emits no stale list and does not cache a failed load (3.6338ms)
✔ live signals refresh the available-order page automatically while preserving its filters (14.7961ms)
✔ signal bursts coalesce, changes during a refresh are not lost, and hidden callbacks cannot restart polling (6.2514ms)
✔ watch failures fall back to polling and reconnect; offline/background periods issue no reads (6.0184ms)
✔ image upload failure preserves every original path and a retry only uploads the failed image (1.5189ms)
✔ switching order tabs shows that tab’s recent snapshot immediately without crossing user identities (3.6265ms)
✔ an automatic refresh preserves deep-scroll results and refreshes when the user returns to the top (2.3169ms)
✔ deadline choices stay within the server seven-day window across Shanghai midnight and month boundaries (114.5951ms)
✔ invalid, past and out-of-range deadlines cannot be accepted and stale dates recover to a future choice (1.6509ms)
✔ custom deadline selection changes only a draft until confirmation and rejects a time that expires while open (2.5106ms)
✔ available-order location filters the delivery phase even when pickup is in a different phase (24.2343ms)
✔ publishing and editing from older clients save the uniquely matching delivery phase in the order snapshot (14.3183ms)
✔ legacy orders recover the phase from their own saved form before consulting the current profile (10.7203ms)
✔ legacy detail and rider lists recover a unique matching saved address without exposing profile data (19.6092ms)
✔ legacy phase recovery does not guess from ambiguous, unrelated, changed or other-campus addresses (45.7553ms)
✔ legacy recovery batches missing forms and profiles, and performs no extra lookups for complete addresses (6.7155ms)
✔ favorite synchronization batches requests, discards stale results and stops requests on hidden pages (9.3638ms)
✔ available-order favorites use explicit desired state, coalesce taps and refresh without overwriting hidden pages (15.7698ms)
✔ hiding an order list cancels the remaining batches of a favorite refresh (2.6361ms)
✔ cancelled login never creates a favorite and failed requests leave the displayed count unchanged (11.236ms)
✔ reputation retries failures, paginates records, and ignores an old response after switching record sources (6.1821ms)
✔ review submission requires validated context and a selected star, retains a failed draft and locks a successful review (2.5868ms)
✔ already-reviewed pages display the saved rating read-only, and missing order links never submit (1.4944ms)
✔ completed orders expose rating to publishers and riders and reviewed orders open the saved rating (5.2319ms)
✔ order complaints identify either counterpart before submission and block unresolved order information (7.6646ms)
✔ administrator star selection is required, sends the current version, and preserves a rejected decision draft (7.4024ms)
✔ all added page actions resolve to handlers and the reputation entry sits directly above contacts (7.2354ms)
✔ order favorites are durable, idempotent under racing taps, visible to every viewer and removable after acceptance (26.3609ms)
✔ legacy order favorites count immediately, while missing and foreign orders cannot be collected (6.4981ms)
✔ every order participant can rate the other user after completion and only received ratings affect reputation (16.1262ms)
✔ sent and received review lists expose public profiles and ratings without order or account metadata (11.8705ms)
✔ historical reviews remain readable when the order is unavailable or the counterpart has no profile (7.1451ms)
✔ review retries and competing submissions cannot overwrite a rating or count it twice (17.2271ms)
✔ unfinished, self, unrelated and foreign orders, invalid stars and revoked accounts cannot submit reviews (15.932ms)
✔ review authorization is rechecked inside the transaction after a concurrent account suspension (13.2628ms)
✔ pending complaints do not change reputation; reviewed stars target the counterpart and revisions replace the prior rating (11.298ms)
✔ reopening, rejecting or explicitly revoking an adjudication removes its contribution without losing its audit (12.5671ms)
✔ both roles can submit targeted complaints, but unlinked feedback and unaudited decisions cannot rate a user (7.4283ms)
✔ racing administrator decisions apply once and changed payloads cannot reuse a request id (10.1188ms)
✔ a complaint submitted before acceptance cannot later be assigned to a new rider (6.1722ms)
✔ reputation includes all historical ratings, clamps only the final total and isolates pagination by recipient and project (6.4863ms)
✔ 100 different users submit concurrently into the administrator inbox without a shared write lock (68.2944ms)
✔ concurrent duplicate requests create one record and consume one submission quota (17.7406ms)
✔ lost-response retries reuse archived evidence without repeating audits or consuming quota (23.4929ms)
✔ an interrupted database write rolls back the submission quota and can be retried safely (10.1016ms)
✔ new submissions remain rate limited per user while saved requests always remain retryable (6.7127ms)
✔ image audits have bounded concurrency and a failed image never creates a partial appeal (16.9682ms)
✔ concurrent administrator replies cannot overwrite each other and the user receives the committed result once (5.4706ms)
✔ feedback retries two transient transport failures with one request id and increasing bounded waits (8.9302ms)
✔ exhausted network retries retain the pending id while business rejection is never retried automatically (6.3368ms)
✔ absent operations config opens the default service, but saved false or malformed settings stay paused (8.1976ms)
✔ operations config read errors do not silently enable service or return local defaults (5.3842ms)
✔ saved pause continues to block both server publishing and accepting without stopping existing fulfillment (23.4414ms)
✔ service badge distinguishes loading and administrator pause without business-hour blocking (0.2307ms)
✔ detail presentation calculates fees, package tags and safe Beijing times (1.3821ms)
✔ detail primary actions depend on actual order role and status, never on page entry (0.3765ms)
✔ public presentation never projects contact or event history, even if a malformed DTO includes it (0.1794ms)
✔ order history is visible only to the publisher across order states (0.3091ms)
✔ shared detail template handlers are implemented in both page controllers (2.0736ms)
✔ participant primary button confirms pickup and delivery before advancing, and honors busy/error (1.3547ms)
✔ more menu filters mutations by role/state, and cancellation is never performed without confirmation (4.3139ms)
✔ delivery sheet requires a note and a photo, ignores unsupported actions and caps attachments at six (5.0093ms)
✔ participant contact uses the other party and image previews stay in the authorized group (3.7355ms)
✔ public accepting locks before confirmation, avoids repeat requests and exposes reactive button state (2.4485ms)
✔ copying a parcel code uses that parcel and remains unavailable to other viewers (2.6121ms)
✔ publish screenshot selection and hidden form both cap attachments at six (2.6949ms)
✔ order command locks before async login/upload and refuses actions not allowed in the displayed state (2.5675ms)
✔ custom campus selection previews a choice, cancels cleanly, and commits only a valid option (7.7242ms)
✔ saving personal information persists the selected campus and preserves other saved fields (5.4375ms)
✔ editing cached personal information is not overwritten by a background response (4.7289ms)
✔ contact editor retains drafts on save failure and preserves the default flag after retry (7.218ms)
✔ address editor retains drafts on save failure and preserves the default flag after retry (6.1889ms)
✔ collection saves coalesce repeated taps and do not discard an editor before the request completes (8.2843ms)
✔ deleting a preceding contact keeps the current edit attached to the same person (6.0309ms)
✔ every personal-center entry reaches its intended destination and private entries respect login cancellation (7.8932ms)
✔ settings clears cached profile data while keeping login, drafts and pending requests (11.266ms)
✔ clearing caches prevents older requests from restoring stale profile and campus entries (3.0491ms)
✔ registration keeps the returned login token, binds the invitation, and returns to the requesting page (3.5127ms)
✔ registration requiring review does not grant an active login token (3.1215ms)
✔ favorite mutations ignore repeated taps while login or saving is in flight (8.9039ms)
✔ feedback detail can retry a failed request and formats returned timestamps (7.4387ms)
✔ invitation links survive a warm app launch and network failure, then clear after a successful bind (5.3805ms)
✔ invite records paginate without recreating codes and sharing carries the current code (2.0596ms)
✔ favorites can search, open and remove records, and retain data on a failed removal (1.8566ms)
✔ sent and received reviews have independent pages, queries and late-response lifecycles (5.1225ms)
✔ address edits require one of the five phases and preserve the existing detail during selection (3.314ms)
✔ feedback prevents duplicate clicks, preserves a failed draft and retries its original content (2.9867ms)
✔ both review lists retain display fields only and offer no completed-order navigation (2.2507ms)
✔ review lists preserve legacy names and recover missing avatars without clearing a refreshed image (2.68ms)
✔ feedback image controls enforce the supported six-image limit and submit functional feedback as a suggestion (1.5097ms)
Error: 网络中断
    at TestContext.<anonymous> (B:\zhumian\zm\kaidi\scripts\tests\my-page-features.test.js:313:18)
    at async Test.run (node:internal/test_runner/test:1389:7)
    at async Test.processPendingSubtests (node:internal/test_runner/test:960:7)
✔ messages remain available when optional subscription configuration hangs and malformed dates are tolerated (4.9465ms)
✔ shared profile templates and all personal-center pages bind existing event handlers (15.4284ms)
✔ personal lists paginate deterministically and exclude other users and projects (14.3921ms)
✔ favorites persist server-derived metadata, support literal search and remove without toggling (5.8809ms)
✔ favorites reject unknown types, hidden content, and users without active accounts (6.6678ms)
✔ favorite delete route calls deletion with the object id (1.255ms)
✔ an invite code stays stable and never appears as a fake invitation record (6.0728ms)
✔ concurrent invite acceptance binds each person once and retries preserve the first inviter (5.149ms)
✔ invite binding validates registration, code ownership and project scope (13.471ms)
✔ legacy invite codes and accepted relationships survive the new flow (5.7998ms)
✔ all entry badges share one request and one 25 second timer, and backgrounding stops polling (6.7077ms)
✔ failed refresh retains the last confirmed count and a late response cannot leak another identity (0.9875ms)
✔ read acknowledgements coalesce and a stale count cannot overwrite the refreshed badge (0.9072ms)
✔ acknowledgements completed in the background refresh only after returning to the app (3.8921ms)
✔ failed reads retain unread state and can be retried (1.12ms)
✔ announcements are marked read only after successful detail rendering (2.1996ms)
✔ missing, failed and hidden announcement details never clear unread state (3.3876ms)
✔ mail/my_detail/mail_my_detail acknowledges the clicked message after rendering, but not on a failed load (4.5747ms)
✔ feedback/detail/feedback_detail acknowledges the clicked message after rendering, but not on a failed load (5.9074ms)
✔ my/reputation/my_reputation acknowledges the clicked message after rendering, but not on a failed load (8.8555ms)
✔ message list alone and navigation failure do not clear unread; feedback links open the exact reply (3.9323ms)
✔ generic message displays its full content before acknowledgement and repeated taps open once (2.74ms)
✔ unread filter rejects stale list responses and pagination carries the server cursor (2.759ms)
✔ mark all waits for the server, coalesces taps and retains failed state (5.7317ms)
✔ home, personal center and custom tab bar receive the same badge and home opens the actual announcement (7.3006ms)
✔ unread summary counts beyond SDK page limits and excludes other users, projects and stopped announcements (98.6267ms)
✔ reading an announcement is persistent, idempotent and independent per user, and edits retain read state (6.5362ms)
✔ message reads and summaries enforce identity, project and active-user permissions (7.3031ms)
✔ cursor pagination merges announcements and private messages without gaps at equal timestamps (16.7726ms)
✔ reading earlier rows and new arrivals do not shift subsequent unread pages (4.4976ms)
✔ mark all reads every page, preserves deliveries, and leaves messages arriving during the write unread (21.9588ms)
✔ public featured announcement is pinned first and never includes private message fields (12.063ms)
✔ announcement draft returns the document id and becomes visible only after content is uploaded and published (6.9959ms)
✔ evidence accepts only exact owner upload prefix and rejects nested prefix spoofing (5.4406ms)
✔ audited evidence is copied server-side and only authorized archived files can be reused (6.3543ms)
✔ image size, signature and moderation failures do not create evidence (2.0959ms)
✔ development moderation switch does not bypass file validation or evidence archiving (0.7346ms)
✔ text review uses trusted identity, segments long inputs and fails closed (0.8429ms)
✔ weak network retries reuse command id without persisting personal payload (3.9666ms)
✔ command cache isolates users, administrator sessions and changed payloads (2.6674ms)
✔ operation controller authenticates first, normalizes absent status and requires mutation ids (9.8396ms)
✔ database wrapper treats only missing documents as absent, never network errors (1.7692ms)
✔ publish page sends selected deadline after successful upload and guards repeated taps (14.6529ms)
✔ disabled payment methods return explicit business errors without touching cloud payment (1.642ms)
✔ administrator sessions require matching identity, active account, unexpired token and correct role (0.8464ms)
✔ server recomputes cents and rejects malformed forms, disabled service and bad deadlines (13.1548ms)
✔ public DTO exposes pickup and delivery locations without contacts or pickup credentials (13.8781ms)
✔ locations stay public while credentials unlock only for the accepting rider and history stays publisher-only (14.5982ms)
✔ anonymous viewers never match unassigned or missing order identities (9.6392ms)
✔ publish retry is idempotent even after closure, and changed payload cannot reuse the key (3.7662ms)
✔ two racing riders yield one accept, one quota reservation and no partial loser writes (4.5073ms)
✔ active registered users, order campus, self-accept and deadline are server enforced (26.2934ms)
✔ accept versus cancel serializes and accept versus edit never mutates an accepted order (12.4668ms)
✔ only rider can submit required proof; only poster can confirm; quotas released once (16.3385ms)
✔ exception freezes flow and requires active administrator resolution with audit (10.3369ms)
✔ quota counts concurrent publishes and accepted orders; unsafe mutation APIs are disabled (13.8524ms)
✔ feedback is participant scoped and optimistic replies are idempotent and notify once (13.268ms)
✔ maintenance expires only waiting offline orders, not delivered orders, and is repeat safe (21.7751ms)
✔ notification claim prevents double dispatch and retry budget terminates failures (8.0519ms)
✔ scrypt passwords accept the test default and reject legacy hashes (112.7594ms)
✔ admin login verifies password before issuing a token and password changes revoke it (118.8588ms)
✔ registration is unique under racing calls and cannot self-authorize or edit a disabled profile (4.1436ms)
✔ invalid quantity coercions and normalized impossible dates are rejected (3.477ms)
✔ administrator can freeze and resolve a disabled participant order with preserved audit (4.3284ms)
✔ configuration rechecks current administrator permission inside transaction (3.3565ms)
✔ operational pages are registered, syntactically valid, and template handlers exist (17.428ms)
✔ all backend and frontend CommonJS files compile and relative module references resolve (138.4477ms)
✔ operation routes resolve to real controller methods and unsafe payment UI is absent (3.3869ms)
✔ card pickup advances to delivery; delivery navigates to details and changes state only after text and photos are submitted (33.8942ms)
✔ detail pickup and delivery use separate confirmations, and cancelling either leaves the order unchanged (9.5339ms)
✔ delivery links reload the order and refuse unpicked, changed or unrelated orders (46.3294ms)
✔ a failed photo upload keeps the delivery draft and allows one successful retry (16.9474ms)
✔ hidden, stale or unrelated card actions cannot advance the order, and navigation errors can be retried (13.0182ms)
✔ all card sections and detail roles use the full order address, including an older order form snapshot (13.4619ms)
✔ posted receipt entry checks ownership and closed orders, prevents duplicate navigation, and recovers from navigation failure (4.8361ms)
✔ pending posted orders retain the receipt entry and explain availability in their details (7.8944ms)
✔ posted receipt entry retains both confirmations, submits once, clears caches, and refreshes the posted list on return (4.1371ms)
✔ fresh order data blocks receipt confirmation for a changed status or a different viewer (9.3449ms)
✔ cancelling either confirmation or hiding the detail prevents receipt submission (5.1089ms)
✔ failed or background detail loads cannot open a receipt modal, and a visible retry can recover (1.1161ms)
✔ a rejected receipt keeps lists intact and reloads the latest order state (1.471ms)
✔ ordinary detail visits and existing delivery links do not trigger receipt confirmation (5.2474ms)
[maintenance] item failed { code: 'PROCESS_FAILED' }
✔ 100 overlapping riders can claim an order only once, with one quota and atomic history/notifications (78.0885ms)
✔ 100 duplicate publishes all recover the same result and consume one business rate-limit slot (73.9474ms)
✔ concurrent claims on different orders enforce the rider limit without dropping existing reservations (21.6294ms)
✔ a write failure rolls back the order, quota, idempotency record and public refresh signal together (4.3493ms)
✔ accept versus cancel remains exclusive, while an edit can never overwrite a successful claim (55.0688ms)
✔ orders already accepted remain visible after the acceptance deadline passes (7.7071ms)
✔ a legacy quota seed is revalidated after another transaction closes an order (5.2334ms)
✔ cursor pagination survives removed first-page rows, new publications and timestamp ties (6.984ms)
✔ refresh signals contain no order identifiers, identities, addresses or pickup codes (3.4497ms)
✔ SDK transactions retry only definite conflicts, with rollback-aware SDK retries disabled (1.811ms)
✔ chat messages and administrator replies keep one record when their responses are lost or requests race (9.3239ms)
✔ favorite refresh uses a bounded number of database queries as the displayed order count grows (9.4665ms)
✔ maintenance isolates a failing item, repairs legacy history and reminds orders already picked up (8.6779ms)
✔ mail_add.js: the full selected delivery address reaches the server even if the hidden form is stale (97.451ms)
✔ mail_add_embedded.js: the full selected delivery address reaches the server even if the hidden form is stale (66.8654ms)
✔ mail_add.js: each parcel selects its own pickup point and cancellation preserves the saved choice (6.2739ms)
✔ mail_add_embedded.js: each parcel selects its own pickup point and cancellation preserves the saved choice (4.9557ms)
✔ adding, removing and refreshing parcels keeps the picker attached to the same parcel (3.9643ms)
✔ editing restores every stored parcel even when database records have no client ids (7.8105ms)
✔ publishing requires each pickup point before any upload and resets the next draft (4.7803ms)
✔ home submission exposes all pickup points but keeps per-package credentials private until acceptance (9.2074ms)
✔ server validates every modern parcel point without trusting an order-wide fallback (3.3901ms)
✔ legacy invalid media and empty parcel entries cannot move a photo to another parcel (3.4739ms)
✔ both form entries use one implementation and no longer bind the old pickup controls (0.5498ms)
✔ all registered pages, components, imports and static navigation resolve after consolidation (80.1373ms)
✔ redundant pages are removed while export and role-specific workflows remain registered (1.5157ms)
✔ new-page development settings do not use hot reload or unused-file filtering (0.3133ms)
✔ redesigned page templates bind only existing handlers (4.0216ms)
✔ messages paginate without fetching profile or config again, and stop at the last page (2.9971ms)
✔ unloading ignores pending notification responses (3.8196ms)
✔ linked messages wait for destination acknowledgement and feedback links take priority (1.8815ms)
✔ duplicate message clicks do not submit extra requests (1.6267ms)
✔ unified about page defaults to editable about content and refresh retains the contact key (9.2224ms)
✔ 100 distinct users publish distinct orders concurrently with production retry limits (362.8351ms)
ℹ {"users":100,"clients":100,"perUser":1,"imagesPerOrder":0,"syntheticCommitDelayMs":10,"accepted":100,"rejected":0,"stored":100,"succeededWithoutClientRetry":100,"cloudAttempts":100,"clientRetries":0,"lostReplies":0,"failedWrites":0,"textAudits":100,"imageAudits":0,"transactionConflicts":67,"peakTransactions":100,"integrity":{"missing":0,"unexpected":0,"wrongOwner":0,"wrongContent":0,"incomplete":0,"quotaErrors":0,"events":100,"requests":100,"notifications":100,"visible":100,"uniqueVisible":100,"visibleMismatch":0},"errors":[]}
✔ 300 distinct users publish distinct orders concurrently with production retry limits (1484.9161ms)
ℹ {"users":300,"clients":300,"perUser":1,"imagesPerOrder":0,"syntheticCommitDelayMs":10,"accepted":300,"rejected":0,"stored":300,"succeededWithoutClientRetry":299,"cloudAttempts":301,"clientRetries":1,"lostReplies":0,"failedWrites":0,"textAudits":301,"imageAudits":0,"transactionConflicts":387,"peakTransactions":300,"integrity":{"missing":0,"unexpected":0,"wrongOwner":0,"wrongContent":0,"incomplete":0,"quotaErrors":0,"events":300,"requests":300,"notifications":300,"visible":300,"uniqueVisible":300,"visibleMismatch":0},"errors":[]}
✔ 1000 distinct users publish distinct orders concurrently with production retry limits (2213.0487ms)
ℹ {"users":1000,"clients":1000,"perUser":1,"imagesPerOrder":0,"syntheticCommitDelayMs":10,"accepted":1000,"rejected":0,"stored":1000,"succeededWithoutClientRetry":912,"cloudAttempts":1088,"clientRetries":88,"lostReplies":0,"failedWrites":0,"textAudits":1088,"imageAudits":0,"transactionConflicts":2550,"peakTransactions":1000,"integrity":{"missing":0,"unexpected":0,"wrongOwner":0,"wrongContent":0,"incomplete":0,"quotaErrors":0,"events":1000,"requests":1000,"notifications":1000,"visible":1000,"uniqueVisible":1000,"visibleMismatch":0},"errors":[]}
✔ 100 identities publish five distinct orders each through 500 simultaneous clients without losing quota entries (1572.6914ms)
ℹ {"users":100,"clients":500,"perUser":5,"imagesPerOrder":0,"syntheticCommitDelayMs":10,"accepted":500,"rejected":0,"stored":500,"succeededWithoutClientRetry":498,"cloudAttempts":502,"clientRetries":2,"lostReplies":0,"failedWrites":0,"textAudits":502,"imageAudits":0,"transactionConflicts":1015,"peakTransactions":500,"integrity":{"missing":0,"unexpected":0,"wrongOwner":0,"wrongContent":0,"incomplete":0,"quotaErrors":0,"events":500,"requests":500,"notifications":500,"visible":500,"uniqueVisible":500,"visibleMismatch":0},"errors":[]}
✔ 200 distinct image orders survive injected write failures and lost post-commit responses without duplication (1728.8918ms)
ℹ {"users":200,"clients":200,"perUser":1,"imagesPerOrder":6,"syntheticCommitDelayMs":10,"accepted":200,"rejected":0,"stored":200,"succeededWithoutClientRetry":140,"cloudAttempts":270,"clientRetries":70,"lostReplies":50,"failedWrites":20,"textAudits":220,"imageAudits":1320,"transactionConflicts":168,"peakTransactions":200,"integrity":{"missing":0,"unexpected":0,"wrongOwner":0,"wrongContent":0,"incomplete":0,"quotaErrors":0,"events":200,"requests":200,"notifications":200,"visible":200,"uniqueVisible":200,"visibleMismatch":0},"errors":[]}
✔ recovery returns a committed publication and refuses other actions or identities (13.163ms)
✔ closing an unknown publication races safely with its in-flight transaction (111.3183ms)
✔ request closure also prevents late order changes, feedback, reviews and administrator replies (11.8683ms)
✔ committed image publications replay through the real controller before audit and deadline checks (14.5694ms)
✔ command signatures and requests keep the original payload when a caller mutates its form (5.7545ms)
✔ a restarted client reconciles only request identifiers and can safely submit changed content afterward (8.0907ms)
✔ a business rejection after a lost reply cannot erase the still-unknown original request (1.8702ms)
✔ home express entry opens the embedded take form and upcoming services keep its draft mounted (4.0795ms)
✔ home starts independent requests together and coalesces repeated loads (5.1822ms)
✔ saved address and contact choices support cancel, explicit confirmation and stable values after returning (7.8529ms)
✔ publishing from the home form leaves a fresh editable parcel ready for the next order (1.384ms)
✔ publish config failure exits loading and retries without a modal loop or duplicate form fields (1.6ms)
✔ refresh preserves publish drafts and campus, and blocks submission on failed config refresh (1.8615ms)
✔ invalid config fails closed instead of calling toFixed on malformed prices (12.5728ms)
✔ publish retry coalesces repeated taps while config is pending (3.9095ms)
✔ editing cannot expose a blank save form when original detail failed or is not editable (3.0088ms)
✔ order detail renders even if optional config fails or never resolves (6.1035ms)
✔ missing ids and null/empty order responses show a terminal state, never endless loading (5.066ms)
✔ legacy invalid history timestamps do not prevent loading the order (1.9719ms)
✔ order refresh ignores stale and hidden responses, preserves displayed data on transient failure (3.5909ms)
✔ public detail retries a failed load and refreshes when returning to a visible page (1.5841ms)
✔ failed collection creation cannot be cached as successful setup; recovery retries in the same instance (1.2137ms)
✔ concurrent collection creation tolerates a false result only when the collection now exists (0.6066ms)
✔ an initialized cold instance performs one schema lookup and shares that result with concurrent calls (0.9125ms)
✔ mail/add/mail_add.js can recover a saved submission without erasing the current draft (2.9533ms)
✔ mail/add/mail_add_logic.js can recover a saved submission without erasing the current draft (1.2704ms)
✔ unavailable private images do not block text details or leak files to public callers (0.9708ms)
✔ empty image upload makes no redundant config or cloud storage request (0.7406ms)
✔ personal layout uses a native safe navigation bar, scoped full-width cards and no negative overlap (0.3982ms)
✔ profile entry opens personal information directly and legacy profile routes are removed (0.4385ms)
ℹ tests 328
ℹ suites 0
ℹ pass 328
ℹ fail 0
ℹ cancelled 0
ℹ skipped 0
ℹ todo 0
ℹ duration_ms 7962.6308
