✔ available-order location filters the delivery phase even when pickup is in a different phase (20.7134ms)
✔ publishing and editing from older clients save the uniquely matching delivery phase in the order snapshot (8.4124ms)
✔ legacy orders recover the phase from their own saved form before consulting the current profile (5.5816ms)
✔ legacy detail and rider lists recover a unique matching saved address without exposing profile data (22.4389ms)
✔ legacy phase recovery does not guess from ambiguous, unrelated, changed or other-campus addresses (26.374ms)
✔ legacy recovery batches missing forms and profiles, and performs no extra lookups for complete addresses (2.105ms)
✔ absent operations config opens the default service, but saved false or malformed settings stay paused (6.5946ms)
✔ operations config read errors do not silently enable service or return local defaults (3.2689ms)
✔ saved pause continues to block both server publishing and accepting without stopping existing fulfillment (11.4914ms)
✔ service badge distinguishes loading and administrator pause without business-hour blocking (0.2284ms)
✔ detail presentation calculates fees, package tags and safe Beijing times (1.6113ms)
✔ detail primary actions depend on actual order role and status, never on page entry (0.5424ms)
✔ public presentation never projects contact or event history, even if a malformed DTO includes it (0.3619ms)
✔ order history is visible only to the publisher across order states (0.5873ms)
✔ shared detail template handlers are implemented in both page controllers (2.3413ms)
✔ participant primary button delegates to edit, delivery sheet or explicit confirmation, and honors busy/error (1.3913ms)
✔ more menu filters mutations by role/state, and cancellation is never performed without confirmation (4.6644ms)
✔ delivery sheet requires a note and a photo, ignores unsupported actions and caps attachments at six (0.9852ms)
✔ participant contact uses the other party and image previews stay in the authorized group (1.3805ms)
✔ public accepting locks before confirmation, avoids repeat requests and exposes reactive button state (1.3483ms)
✔ copying a parcel code uses that parcel and remains unavailable to other viewers (1.847ms)
✔ publish screenshot selection and hidden form both cap attachments at six (1.7837ms)
✔ order command locks before async login/upload and refuses actions not allowed in the displayed state (1.3559ms)
✔ posted receipt entry checks ownership and closed orders, prevents duplicate navigation, and recovers from navigation failure (2.9134ms)
✔ pending posted orders retain the receipt entry and explain availability in their details (6.5287ms)
✔ posted receipt entry retains both confirmations, submits once, clears caches, and refreshes the posted list on return (4.4422ms)
✔ fresh order data blocks receipt confirmation for a changed status or a different viewer (4.9894ms)
✔ cancelling either confirmation or hiding the detail prevents receipt submission (3.9463ms)
✔ failed or background detail loads cannot open a receipt modal, and a visible retry can recover (1.1058ms)
✔ a rejected receipt keeps lists intact and reloads the latest order state (1.1792ms)
✔ ordinary detail visits and existing delivery links do not trigger receipt confirmation (3.4729ms)
✔ mail_add.js: the full selected delivery address reaches the server even if the hidden form is stale (54.5907ms)
✔ mail_add_embedded.js: the full selected delivery address reaches the server even if the hidden form is stale (37.4034ms)
✔ mail_add.js: each parcel selects its own pickup point and cancellation preserves the saved choice (4.0223ms)
✔ mail_add_embedded.js: each parcel selects its own pickup point and cancellation preserves the saved choice (4.1835ms)
✔ adding, removing and refreshing parcels keeps the picker attached to the same parcel (3.6228ms)
✔ editing restores every stored parcel even when database records have no client ids (7.5391ms)
✔ publishing requires each pickup point before any upload and resets the next draft (4.6478ms)
✔ home submission exposes all pickup points but keeps per-package credentials private until acceptance (8.0108ms)
✔ server validates every modern parcel point without trusting an order-wide fallback (4.5456ms)
✔ legacy invalid media and empty parcel entries cannot move a photo to another parcel (2.7018ms)
✔ both form entries use one implementation and no longer bind the old pickup controls (0.3801ms)
ℹ tests 42
ℹ suites 0
ℹ pass 42
ℹ fail 0
ℹ cancelled 0
ℹ skipped 0
ℹ todo 0
ℹ duration_ms 238.2655
