✔ absent operations config opens the default service, but saved false or malformed settings stay paused (5.9042ms)
✔ operations config read errors do not silently enable service or return local defaults (3.9132ms)
✔ saved pause continues to block both server publishing and accepting without stopping existing fulfillment (11.7139ms)
✔ service badge distinguishes loading and administrator pause without business-hour blocking (0.206ms)
✔ detail presentation calculates fees, package tags and safe Beijing times (1.4503ms)
✔ detail primary actions depend on actual order role and status, never on page entry (0.4175ms)
✔ public presentation never projects contact or event history, even if a malformed DTO includes it (0.1769ms)
✔ order history is visible only to the publisher across order states (0.3595ms)
✔ shared detail template handlers are implemented in both page controllers (2.0965ms)
✔ participant primary button confirms pickup and delivery before advancing, and honors busy/error (1.4728ms)
✔ more menu filters mutations by role/state, and cancellation is never performed without confirmation (4.0642ms)
✖ delivery sheet requires a note and a photo, ignores unsupported actions and caps attachments at six (0.9853ms)
✔ participant contact uses the other party and image previews stay in the authorized group (1.372ms)
✔ public accepting locks before confirmation, avoids repeat requests and exposes reactive button state (2.4285ms)
✔ copying a parcel code uses that parcel and remains unavailable to other viewers (1.426ms)
✔ publish screenshot selection and hidden form both cap attachments at six (1.5211ms)
✔ order command locks before async login/upload and refuses actions not allowed in the displayed state (1.1578ms)
✔ evidence accepts only exact owner upload prefix and rejects nested prefix spoofing (2.4699ms)
✔ audited evidence is copied server-side and only authorized archived files can be reused (3.5746ms)
✔ image size, signature and moderation failures do not create evidence (2.5902ms)
✔ development moderation switch does not bypass file validation or evidence archiving (0.6902ms)
✔ text review uses trusted identity, segments long inputs and fails closed (0.8058ms)
✔ weak network retries reuse command id without persisting personal payload (1.6174ms)
✔ command cache isolates users, administrator sessions and changed payloads (1.132ms)
✔ operation controller authenticates first, normalizes absent status and requires mutation ids (2.8182ms)
✔ database wrapper treats only missing documents as absent, never network errors (0.8768ms)
✔ publish page sends selected deadline after successful upload and guards repeated taps (6.8717ms)
✔ disabled payment methods return explicit business errors without touching cloud payment (1.5625ms)
✔ administrator sessions require matching identity, active account, unexpired token and correct role (0.7969ms)
✔ server recomputes cents and rejects malformed forms, disabled service and bad deadlines (12.7462ms)
✔ public DTO exposes pickup and delivery locations without contacts or pickup credentials (9.3201ms)
✔ locations stay public while credentials unlock only for the accepting rider and history stays publisher-only (9.3116ms)
✔ anonymous viewers never match unassigned or missing order identities (5.7151ms)
✔ publish retry is idempotent even after closure, and changed payload cannot reuse the key (3.7612ms)
✔ two racing riders yield one accept, one quota reservation and no partial loser writes (3.6332ms)
✔ active registered users, order campus, self-accept and deadline are server enforced (10.4347ms)
✔ accept versus cancel serializes and accept versus edit never mutates an accepted order (3.5696ms)
✔ only rider can submit required proof; only poster can confirm; quotas released once (5.6196ms)
✔ exception freezes flow and requires active administrator resolution with audit (5.3961ms)
✔ quota counts concurrent publishes and accepted orders; unsafe mutation APIs are disabled (3.7768ms)
✔ feedback is participant scoped and optimistic replies are idempotent and notify once (8.8671ms)
✔ maintenance expires only waiting offline orders, not delivered orders, and is repeat safe (8.4532ms)
✔ notification claim prevents double dispatch and retry budget terminates failures (4.2033ms)
✔ scrypt passwords accept the test default and reject legacy hashes (91.4195ms)
✔ admin login verifies password before issuing a token and password changes revoke it (118.8136ms)
✔ registration is unique under racing calls and cannot self-authorize or edit a disabled profile (4.0533ms)
✔ invalid quantity coercions and normalized impossible dates are rejected (2.6225ms)
✔ administrator can freeze and resolve a disabled participant order with preserved audit (3.9333ms)
✔ configuration rechecks current administrator permission inside transaction (3.226ms)
✔ card pickup advances to delivery; delivery navigates to details and changes state only after text and photos are submitted (20.5295ms)
✔ detail pickup and delivery use separate confirmations, and cancelling either leaves the order unchanged (7.7445ms)
✔ delivery links reload the order and refuse unpicked, changed or unrelated orders (28.6061ms)
✔ a failed photo upload keeps the delivery draft and allows one successful retry (7.2015ms)
✔ hidden, stale or unrelated card actions cannot advance the order, and navigation errors can be retried (7.9252ms)
✔ all card sections and detail roles use the full order address, including an older order form snapshot (9.3982ms)
✔ posted receipt entry checks ownership and closed orders, prevents duplicate navigation, and recovers from navigation failure (2.6124ms)
✔ pending posted orders retain the receipt entry and explain availability in their details (7.0959ms)
✔ posted receipt entry retains both confirmations, submits once, clears caches, and refreshes the posted list on return (4.1526ms)
✔ fresh order data blocks receipt confirmation for a changed status or a different viewer (5.0849ms)
✔ cancelling either confirmation or hiding the detail prevents receipt submission (3.4966ms)
✔ failed or background detail loads cannot open a receipt modal, and a visible retry can recover (1.0534ms)
✔ a rejected receipt keeps lists intact and reloads the latest order state (1.1051ms)
✔ ordinary detail visits and existing delivery links do not trigger receipt confirmation (2.5901ms)
✔ recovery returns a committed publication and refuses other actions or identities (9.3205ms)
✔ closing an unknown publication races safely with its in-flight transaction (56.4651ms)
✔ request closure also prevents late order changes, feedback, reviews and administrator replies (9.9218ms)
✔ committed image publications replay through the real controller before audit and deadline checks (11.9381ms)
✔ command signatures and requests keep the original payload when a caller mutates its form (5.4528ms)
✔ a restarted client reconciles only request identifiers and can safely submit changed content afterward (6.1081ms)
✔ a business rejection after a lost reply cannot erase the still-unknown original request (1.7263ms)
ℹ tests 70
ℹ suites 0
ℹ pass 69
ℹ fail 1
ℹ cancelled 0
ℹ skipped 0
ℹ todo 0
ℹ duration_ms 408.9741

✖ failing tests:

test at scripts\tests\mail-ui-redesign.test.js:118:1
✖ delivery sheet requires a note and a photo, ignores unsupported actions and caps attachments at six (0.9853ms)
  TypeError: Cannot read properties of null (reading 'MAIL_MEDIA')
      at Object.bindPanel (B:\zhumian\zm\kaidi\miniprogram\projects\crun\pages\mail\my_detail\mail_my_detail.js:151:35)
      at TestContext.<anonymous> (B:\zhumian\zm\kaidi\scripts\tests\mail-ui-redesign.test.js:122:4)
      at Test.runInAsyncScope (node:async_hooks:227:14)
      at Test.run (node:internal/test_runner/test:1382:25)
      at Test.processPendingSubtests (node:internal/test_runner/test:960:18)
      at Test.postRun (node:internal/test_runner/test:1522:19)
      at Test.run (node:internal/test_runner/test:1447:12)
      at async Test.processPendingSubtests (node:internal/test_runner/test:960:7)
