✔ absent operations config opens the default service, but saved false or malformed settings stay paused (8.0865ms)
✔ operations config read errors do not silently enable service or return local defaults (3.1163ms)
✔ saved pause continues to block both server publishing and accepting without stopping existing fulfillment (12.9896ms)
✔ service badge distinguishes loading and administrator pause without business-hour blocking (0.3459ms)
✔ detail presentation calculates fees, package tags and safe Beijing times (1.5326ms)
✔ detail primary actions depend on actual order role and status, never on page entry (0.3453ms)
✔ public presentation never projects contact or event history, even if a malformed DTO includes it (0.1777ms)
✔ order history is visible only to the publisher across order states (0.2981ms)
✔ shared detail template handlers are implemented in both page controllers (2.2379ms)
✔ participant primary button confirms pickup and delivery before advancing, and honors busy/error (1.2993ms)
✔ more menu filters mutations by role/state, and cancellation is never performed without confirmation (6.3024ms)
✔ delivery sheet requires a note and a photo, ignores unsupported actions and caps attachments at six (0.9104ms)
✔ participant contact uses the other party and image previews stay in the authorized group (1.2481ms)
✔ public accepting locks before confirmation, avoids repeat requests and exposes reactive button state (1.1787ms)
✔ copying a parcel code uses that parcel and remains unavailable to other viewers (1.3766ms)
✔ publish screenshot selection and hidden form both cap attachments at six (1.5137ms)
✔ order command locks before async login/upload and refuses actions not allowed in the displayed state (1.1407ms)
✔ evidence accepts only exact owner upload prefix and rejects nested prefix spoofing (2.3045ms)
✔ audited evidence is copied server-side and only authorized archived files can be reused (3.3926ms)
✔ image size, signature and moderation failures do not create evidence (2.4295ms)
✔ development moderation switch does not bypass file validation or evidence archiving (0.6788ms)
✔ text review uses trusted identity, segments long inputs and fails closed (0.7812ms)
✔ weak network retries reuse command id without persisting personal payload (1.5672ms)
✔ command cache isolates users, administrator sessions and changed payloads (1.0699ms)
✔ operation controller authenticates first, normalizes absent status and requires mutation ids (2.8438ms)
✔ database wrapper treats only missing documents as absent, never network errors (0.8515ms)
✔ publish page sends selected deadline after successful upload and guards repeated taps (7.6194ms)
✔ disabled payment methods return explicit business errors without touching cloud payment (1.4588ms)
✔ administrator sessions require matching identity, active account, unexpired token and correct role (1.2744ms)
✔ server recomputes cents and rejects malformed forms, disabled service and bad deadlines (8.9605ms)
✔ public DTO exposes pickup and delivery locations without contacts or pickup credentials (8.3376ms)
✔ locations stay public while credentials unlock only for the accepting rider and history stays publisher-only (9.609ms)
✔ anonymous viewers never match unassigned or missing order identities (5.7692ms)
✔ publish retry is idempotent even after closure, and changed payload cannot reuse the key (3.8114ms)
✔ two racing riders yield one accept, one quota reservation and no partial loser writes (3.6564ms)
✔ active registered users, order campus, self-accept and deadline are server enforced (10.2481ms)
✔ accept versus cancel serializes and accept versus edit never mutates an accepted order (3.6299ms)
✔ only rider can submit required proof; only poster can confirm; quotas released once (5.6297ms)
✔ exception freezes flow and requires active administrator resolution with audit (5.18ms)
✔ quota counts concurrent publishes and accepted orders; unsafe mutation APIs are disabled (3.4979ms)
✔ feedback is participant scoped and optimistic replies are idempotent and notify once (7.4394ms)
✔ maintenance expires only waiting offline orders, not delivered orders, and is repeat safe (8.0714ms)
✔ notification claim prevents double dispatch and retry budget terminates failures (3.9717ms)
✔ scrypt passwords accept the test default and reject legacy hashes (88.9416ms)
✔ admin login verifies password before issuing a token and password changes revoke it (114.6761ms)
✔ registration is unique under racing calls and cannot self-authorize or edit a disabled profile (4.5669ms)
✔ invalid quantity coercions and normalized impossible dates are rejected (2.7943ms)
✔ administrator can freeze and resolve a disabled participant order with preserved audit (3.9009ms)
✔ configuration rechecks current administrator permission inside transaction (3.206ms)
✔ card pickup advances to delivery; delivery navigates to details and changes state only after text and photos are submitted (20.5551ms)
✔ detail pickup and delivery use separate confirmations, and cancelling either leaves the order unchanged (8.4333ms)
✔ delivery links reload the order and refuse unpicked, changed or unrelated orders (28.0513ms)
✔ a failed photo upload keeps the delivery draft and allows one successful retry (6.9224ms)
✔ hidden, stale or unrelated card actions cannot advance the order, and navigation errors can be retried (8.0509ms)
✔ all card sections and detail roles use the full order address, including an older order form snapshot (8.9668ms)
✔ posted receipt entry checks ownership and closed orders, prevents duplicate navigation, and recovers from navigation failure (2.7905ms)
✔ pending posted orders retain the receipt entry and explain availability in their details (8.5885ms)
✔ posted receipt entry retains both confirmations, submits once, clears caches, and refreshes the posted list on return (4.0103ms)
✔ fresh order data blocks receipt confirmation for a changed status or a different viewer (5.5421ms)
✔ cancelling either confirmation or hiding the detail prevents receipt submission (3.6041ms)
✔ failed or background detail loads cannot open a receipt modal, and a visible retry can recover (1.0423ms)
✔ a rejected receipt keeps lists intact and reloads the latest order state (1.0539ms)
✔ ordinary detail visits and existing delivery links do not trigger receipt confirmation (2.5084ms)
✔ recovery returns a committed publication and refuses other actions or identities (9.6463ms)
✔ closing an unknown publication races safely with its in-flight transaction (55.5073ms)
✔ request closure also prevents late order changes, feedback, reviews and administrator replies (14.1451ms)
✔ committed image publications replay through the real controller before audit and deadline checks (12.1707ms)
✔ command signatures and requests keep the original payload when a caller mutates its form (6.0359ms)
✔ a restarted client reconciles only request identifiers and can safely submit changed content afterward (6.4702ms)
✔ a business rejection after a lost reply cannot erase the still-unknown original request (1.8832ms)
ℹ tests 70
ℹ suites 0
ℹ pass 70
ℹ fail 0
ℹ cancelled 0
ℹ skipped 0
ℹ todo 0
ℹ duration_ms 399.6129
