✔ admin order queries combine filters, escape search expressions, paginate stably and keep private fields out of lists (40.3454ms)
✔ feedback status and literal search filters apply together and user lists remain owner scoped (22.1283ms)
✔ dashboard counts include cancellations, split pickup status, and count today using the Shanghai day boundary (6.3128ms)
✔ section saves merge inside the transaction so concurrent pages cannot overwrite unrelated configuration (5.5856ms)
✔ admin details include both contacts and picked-up orders can enter and resume exception processing (10.4912ms)
✔ reports enforce the inclusive date window, protect spreadsheet cells and isolate export keys by admin (11.6679ms)
✔ exports fail explicitly above the row limit and user export filters cannot choose a different project (5.2179ms)
✔ reports include records beyond the database single-read cap and include exactly 5000 records (8.3808ms)
✔ user status changes resolve mini-program user ids instead of confusing them with document ids (10.5127ms)
✔ every console destination is a registered independent page and primary navigation replaces only its current page (22.2915ms)
✔ legacy bookmarks redirect to independent pages, including ids and unknown tab names (26.5862ms)
✔ dashboard loading is independent of optional service configuration and includes actionable destinations (14.3317ms)
✔ orders combine independent search, status, campus, overdue and sort filters with real pagination (11.938ms)
✔ changing filters invalidates older responses and failures preserve already displayed records (5.4761ms)
✔ opening details retains list state and refreshing after mutation retains loaded pages, filters and scroll (6.7399ms)
✔ closed pages ignore in-flight list and detail data (13.1081ms)
✔ detail deep links without ids and missing records terminate loading and provide a list fallback (15.1227ms)
✔ picked-up orders support admin intervention, duplicate submits coalesce and failed actions retain the draft (6.6828ms)
✔ cancelled confirmations cause no mutations (3.3427ms)
✔ feedback replies carry the displayed version and preserve drafts on a concurrent-update conflict (5.7613ms)
✔ configuration keeps decimal input drafts, blocks blank fields and saves only its own section (16.0042ms)
✔ refresh cannot discard unsaved configuration and discard restores a separate saved snapshot (4.0009ms)
✔ denied admins never read records and ordinary admins cannot mutate settings or run maintenance (32.7302ms)
✔ export page reads without deleting existing reports and failed generation preserves the previous link (20.1853ms)
✔ user lists accept legacy pagination totals and refresh after status changes in their independent detail page (4.5309ms)
✔ all new templates and shared includes bind real handlers (113.1387ms)
✔ export files return signed URLs verbatim and replace old reports only after successful generation (12.1786ms)
✔ upload and URL signing failures preserve the previous report (1.8045ms)
✔ failed report deletion retains its pointer while already missing files can be cleared (3.069ms)
✔ user details accept legacy links, normalize mixed registration fields and update the resolved document (11.69ms)
✔ user detail retry recovers, empty records cannot be managed and rejection requires a reason (2.0958ms)
✔ failed user management preserves reason and coalesces repeated taps (3.8584ms)
✔ catalog search and stopped status combine, pagination survives a void-result mutation and retains scroll (13.9498ms)
✔ secondary management enforces permissions and cancelled actions cause no writes (34.7154ms)
Error: 上传中断
    at B:\zhumian\zm\kaidi\scripts\tests\admin-secondary-pages.test.js:136:69
    at Object.command (B:\zhumian\zm\kaidi\scripts\test-support\admin-console-harness.cjs:24:94)
    at Object.transRichEditorTempPics (B:\zhumian\zm\kaidi\scripts\test-support\admin-console-harness.cjs:36:80)
    at Object.bindFormSubmit (B:\zhumian\zm\kaidi\miniprogram\projects\crun\pages\admin\news\add\admin_news_add.js:128:37)
    at async TestContext.<anonymous> (B:\zhumian\zm\kaidi\scripts\tests\admin-secondary-pages.test.js:140:3)
    at async Test.run (node:internal/test_runner/test:1389:7)
    at async Test.processPendingSubtests (node:internal/test_runner/test:960:7)
✔ manager creation validates real rules, retains failed drafts and blocks duplicate submissions (3.7572ms)
✔ manager edit supports an unchanged password and password mismatch never submits (18.093ms)
✔ campus service saves zero sort order and rejects blank or invalid numeric input (10.7545ms)
✔ announcement creation accepts no custom fields and uploads cover and content before returning (15.8801ms)
✔ an interrupted announcement upload retries the same draft and publishes only after all uploads succeed (6.1662ms)
✔ About editor validates the configured key, loads empty content and preserves editor state after a failed save (18.9169ms)
✔ article QR links carry their own page and scene; image failures can regenerate successfully (24.8082ms)
✔ user service resolves document, OpenID and legacy ids, preserves project isolation and never edits an unresolved id (1.9791ms)
✔ QR storage separates article scenes, scopes by project and preserves signed URL query parameters (8.8066ms)
✔ registered login reaches user details through the real request and model layers and manages the same document (134.0197ms)
✔ an expired administrator session ends user reads and mutations, preserves the draft and redirects to login (32.5988ms)
✔ user chat loads its endpoint and sends the correct identity (5.0651ms)
✔ admin chat loads its endpoint and sends the correct identity (1.3024ms)
✔ earlier pages use CSM_ID cursors, prepend once, and preserve viewport position (1.4845ms)
✔ quiet refresh retains history, does not steal scroll, and avoids unchanged message patches (1.6344ms)
✔ refresh catches up multiple cursor pages without dropping intervening messages (0.8561ms)
✔ refresh and earlier-page failures preserve messages and reset loading flags (1.5089ms)
✔ hide cancels timers and discards late responses, show starts a fresh request (0.7201ms)
✔ unload ignores in-flight responses without changing detached page data (0.5564ms)
✔ send guards duplicate taps and preserves edits made while the request is pending (0.6672ms)
✔ send preserves a retyped identical draft and keeps failed-send content (1.0219ms)
✔ send completing while hidden does not restart polling or fetch messages (1.1117ms)
✔ client controller passes cursor options and uses trusted identity (9.3228ms)
✔ both controllers reject oversized page limits and preserve defaults (8.5485ms)
✔ admin chat read and reply require authentication before service access (1.7202ms)
✔ list pagination rejects zero and oversized pages before database calls (3.955ms)
✔ admin session ID length and message lengths are validated (1.1027ms)
✔ inbox aggregation preserves old sessions, counts all unread and paginates after grouping (18.0211ms)
✔ inbox searches literal text and excludes missing or foreign-project services (2.3856ms)
✔ newest page stays current after 1000 messages and cursor traverses timestamp ties (51.1866ms)
✔ user/project isolation and read receipts only cover delivered incoming messages (1.2436ms)
✔ admin detail uses the same pagination and does not mark unseen older messages read (0.8356ms)
✔ sending requires identity and active service; trims and validates message (3.9035ms)
✔ three campuses are enforced and zero sort order is preserved (1.0664ms)
✔ deleting a service with conversation history is blocked (0.701ms)
✔ session list delegates database pagination and retains frontend response fields (0.8108ms)
✔ all campus service pages are registered with complete page files (448.872ms)
✔ campus page event handlers and local style imports exist (180.0135ms)
✔ campus endpoints reference implemented controller methods (149.4074ms)
✔ admin home reaches the conversation inbox and service configuration through management (4.9733ms)
✔ simultaneous reads share one request, isolate identities, and return independent DTOs (5.9045ms)
✔ timeouts, malformed responses and both login redirects settle their promises and release loading state (5.1691ms)
✔ overlapping visible requests do not dismiss each other’s loading indicator (1.5746ms)
✔ repeated command taps and a lost reply retry with the same persistent request id (3.4325ms)
✔ unknown submission results cannot be replaced with changed content, but confirmed business errors allow correction (2.6849ms)
✔ changing filters rejects an older response and a failed refresh preserves the last confirmed list (15.332ms)
✔ a component hidden during a request emits no stale list and does not cache a failed load (5.3789ms)
✔ live signals refresh the available-order page automatically while preserving its filters (25.8019ms)
✔ signal bursts coalesce, changes during a refresh are not lost, and hidden callbacks cannot restart polling (5.3889ms)
✔ watch failures fall back to polling and reconnect; offline/background periods issue no reads (5.8062ms)
✔ image upload failure preserves every original path and a retry only uploads the failed image (2.3919ms)
✔ switching order tabs shows that tab’s recent snapshot immediately without crossing user identities (6.2377ms)
✔ an automatic refresh preserves deep-scroll results and refreshes when the user returns to the top (4.1317ms)
✔ deadline choices stay within the server seven-day window across Shanghai midnight and month boundaries (88.3557ms)
✔ invalid, past and out-of-range deadlines cannot be accepted and stale dates recover to a future choice (1.3684ms)
✔ custom deadline selection changes only a draft until confirmation and rejects a time that expires while open (13.2861ms)
✔ available-order location filters the delivery phase even when pickup is in a different phase (23.1742ms)
✔ favorite synchronization batches requests, discards stale results and stops requests on hidden pages (10.4782ms)
✔ available-order favorites use explicit desired state, coalesce taps and refresh without overwriting hidden pages (12.083ms)
✔ hiding an order list cancels the remaining batches of a favorite refresh (0.8825ms)
✔ cancelled login never creates a favorite and failed requests leave the displayed count unchanged (2.2914ms)
✔ reputation retries failures, paginates records, and ignores an old response after switching record sources (17.1005ms)
✔ review submission requires validated context and a selected star, retains a failed draft and locks a successful review (8.6767ms)
✔ already-reviewed pages display the saved rating read-only, and missing order links never submit (0.8668ms)
✔ completed orders expose rating to publishers and riders and reviewed orders open the saved rating (11.3474ms)
✔ order complaints identify either counterpart before submission and block unresolved order information (15.5291ms)
✔ administrator star selection is required, sends the current version, and preserves a rejected decision draft (6.8398ms)
✔ all added page actions resolve to handlers and the reputation entry sits directly above contacts (44.1761ms)
✔ order favorites are durable, idempotent under racing taps, visible to every viewer and removable after acceptance (20.8874ms)
✔ legacy order favorites count immediately, while missing and foreign orders cannot be collected (13.7347ms)
✔ every order participant can rate the other user after completion and only received ratings affect reputation (28.2279ms)
✔ review retries and competing submissions cannot overwrite a rating or count it twice (18.2804ms)
✔ unfinished, self, unrelated and foreign orders, invalid stars and revoked accounts cannot submit reviews (8.2244ms)
✔ review authorization is rechecked inside the transaction after a concurrent account suspension (12.5932ms)
✔ pending complaints do not change reputation; reviewed stars target the counterpart and revisions replace the prior rating (15.5413ms)
✔ reopening, rejecting or explicitly revoking an adjudication removes its contribution without losing its audit (11.9167ms)
✔ both roles can submit targeted complaints, but unlinked feedback and unaudited decisions cannot rate a user (22.6325ms)
✔ racing administrator decisions apply once and changed payloads cannot reuse a request id (14.7304ms)
✔ a complaint submitted before acceptance cannot later be assigned to a new rider (6.703ms)
✔ reputation includes all historical ratings, clamps only the final total and isolates pagination by recipient and project (5.0563ms)
✔ 100 different users submit concurrently into the administrator inbox without a shared write lock (54.748ms)
✔ concurrent duplicate requests create one record and consume one submission quota (11.0586ms)
✔ lost-response retries reuse archived evidence without repeating audits or consuming quota (18.9201ms)
✔ an interrupted database write rolls back the submission quota and can be retried safely (6.2001ms)
✔ new submissions remain rate limited per user while saved requests always remain retryable (6.3632ms)
✔ image audits have bounded concurrency and a failed image never creates a partial appeal (12.5053ms)
✔ concurrent administrator replies cannot overwrite each other and the user receives the committed result once (5.1283ms)
✔ feedback retries two transient transport failures with one request id and increasing bounded waits (5.944ms)
✔ exhausted network retries retain the pending id while business rejection is never retried automatically (2.918ms)
✔ absent operations config opens the default service, but saved false or malformed settings stay paused (9.8929ms)
✔ operations config read errors do not silently enable service or return local defaults (5.4763ms)
✔ saved pause continues to block both server publishing and accepting without stopping existing fulfillment (19.7628ms)
✔ service badge distinguishes loading and administrator pause without business-hour blocking (0.4113ms)
✔ detail presentation calculates fees, package tags and safe Beijing times (2.0096ms)
✔ detail primary actions depend on actual order role and status, never on page entry (0.5055ms)
✔ public presentation never projects contact or event history, even if a malformed DTO includes it (0.3237ms)
✔ shared detail template handlers are implemented in both page controllers (8.9937ms)
✔ participant primary button delegates to edit, delivery sheet or explicit confirmation, and honors busy/error (1.269ms)
✔ more menu filters mutations by role/state, and cancellation is never performed without confirmation (4.9592ms)
✔ delivery sheet requires a note and a photo, ignores unsupported actions and caps attachments at six (1.1813ms)
✔ participant contact uses the other party and image previews stay in the authorized group (3.0804ms)
✔ public accepting locks before confirmation, avoids repeat requests and exposes reactive button state (3.4626ms)
✔ publish screenshot selection and hidden form both cap attachments at six (1.5516ms)
✔ order command locks before async login/upload and refuses actions not allowed in the displayed state (5.856ms)
✔ custom campus selection previews a choice, cancels cleanly, and commits only a valid option (39.6593ms)
✔ saving personal information persists the selected campus and preserves other saved fields (4.8825ms)
✔ editing cached personal information is not overwritten by a background response (2.8492ms)
✔ contact editor retains drafts on save failure and preserves the default flag after retry (12.9703ms)
✔ address editor retains drafts on save failure and preserves the default flag after retry (10.0459ms)
✔ collection saves coalesce repeated taps and do not discard an editor before the request completes (4.3816ms)
✔ deleting a preceding contact keeps the current edit attached to the same person (5.5193ms)
✔ every personal-center entry reaches its intended destination and private entries respect login cancellation (14.3182ms)
✔ settings clears cached profile data while keeping login, drafts and pending requests (14.0377ms)
✔ clearing caches prevents older requests from restoring stale profile and campus entries (4.495ms)
✔ registration keeps the returned login token, binds the invitation, and returns to the requesting page (8.0275ms)
✔ registration requiring review does not grant an active login token (3.076ms)
✔ favorite mutations ignore repeated taps while login or saving is in flight (15.8219ms)
✔ feedback detail can retry a failed request and formats returned timestamps (3.521ms)
✔ invitation links survive a warm app launch and network failure, then clear after a successful bind (3.7672ms)
✔ invite records paginate without recreating codes and sharing carries the current code (8.562ms)
✔ favorites can search, open and remove records, and retain data on a failed removal (1.571ms)
✔ sent and received reviews have independent pages, queries and late-response lifecycles (8.4631ms)
✔ address edits require one of the five phases and preserve the existing detail during selection (3.2219ms)
Error: 网络中断
    at TestContext.<anonymous> (B:\zhumian\zm\kaidi\scripts\tests\my-page-features.test.js:313:18)
    at async Test.run (node:internal/test_runner/test:1389:7)
    at async Test.processPendingSubtests (node:internal/test_runner/test:960:7)
✔ feedback prevents duplicate clicks, preserves a failed draft and retries its original content (2.9875ms)
✔ review records link to the order and the empty-state action opens completed orders (1.2006ms)
✔ feedback image controls enforce the supported six-image limit and submit functional feedback as a suggestion (0.7341ms)
✔ messages remain available when optional subscription configuration hangs and malformed dates are tolerated (2.0868ms)
✔ shared profile templates and all personal-center pages bind existing event handlers (19.6313ms)
✔ personal lists paginate deterministically and exclude other users and projects (23.3149ms)
✔ favorites persist server-derived metadata, support literal search and remove without toggling (12.4065ms)
✔ favorites reject unknown types, hidden content, and users without active accounts (8.7379ms)
✔ favorite delete route calls deletion with the object id (8.934ms)
✔ an invite code stays stable and never appears as a fake invitation record (14.4808ms)
✔ concurrent invite acceptance binds each person once and retries preserve the first inviter (6.2266ms)
✔ invite binding validates registration, code ownership and project scope (8.2112ms)
✔ legacy invite codes and accepted relationships survive the new flow (6.306ms)
✔ all entry badges share one request and one 25 second timer, and backgrounding stops polling (4.3335ms)
✔ failed refresh retains the last confirmed count and a late response cannot leak another identity (0.9981ms)
✔ read acknowledgements coalesce and a stale count cannot overwrite the refreshed badge (0.9146ms)
✔ acknowledgements completed in the background refresh only after returning to the app (2.7525ms)
✔ failed reads retain unread state and can be retried (1.1078ms)
✔ announcements are marked read only after successful detail rendering (6.8459ms)
✔ missing, failed and hidden announcement details never clear unread state (8.9163ms)
✔ mail/my_detail/mail_my_detail acknowledges the clicked message after rendering, but not on a failed load (8.7173ms)
✔ feedback/detail/feedback_detail acknowledges the clicked message after rendering, but not on a failed load (9.6962ms)
✔ my/reputation/my_reputation acknowledges the clicked message after rendering, but not on a failed load (3.8136ms)
✔ message list alone and navigation failure do not clear unread; feedback links open the exact reply (2.1132ms)
✔ generic message displays its full content before acknowledgement and repeated taps open once (1.2647ms)
✔ unread filter rejects stale list responses and pagination carries the server cursor (1.7486ms)
✔ mark all waits for the server, coalesces taps and retains failed state (1.5782ms)
✔ home, personal center and custom tab bar receive the same badge and home opens the actual announcement (12.9571ms)
✔ unread summary counts beyond SDK page limits and excludes other users, projects and stopped announcements (71.1966ms)
✔ reading an announcement is persistent, idempotent and independent per user, and edits retain read state (4.2235ms)
✔ message reads and summaries enforce identity, project and active-user permissions (3.5441ms)
✔ cursor pagination merges announcements and private messages without gaps at equal timestamps (8.9362ms)
✔ reading earlier rows and new arrivals do not shift subsequent unread pages (3.8341ms)
✔ mark all reads every page, preserves deliveries, and leaves messages arriving during the write unread (11.6278ms)
✔ public featured announcement is pinned first and never includes private message fields (3.6693ms)
✔ announcement draft returns the document id and becomes visible only after content is uploaded and published (13.8875ms)
✔ evidence accepts only exact owner upload prefix and rejects nested prefix spoofing (4.9554ms)
✔ audited evidence is copied server-side and only authorized archived files can be reused (3.4753ms)
✔ image size, signature and moderation failures do not create evidence (2.5757ms)
✔ development moderation switch does not bypass file validation or evidence archiving (0.763ms)
✔ text review uses trusted identity, segments long inputs and fails closed (0.8302ms)
✔ weak network retries reuse command id without persisting personal payload (1.6771ms)
✔ command cache isolates users, administrator sessions and changed payloads (1.0685ms)
✔ operation controller authenticates first, accepts absent status and requires mutation ids (8.6945ms)
✔ database wrapper treats only missing documents as absent, never network errors (1.3999ms)
✔ publish page sends selected deadline after successful upload and guards repeated taps (15.3163ms)
✔ disabled payment methods return explicit business errors without touching cloud payment (4.3198ms)
✔ administrator sessions require matching identity, active account, unexpired token and correct role (1.6002ms)
✔ server recomputes cents and rejects malformed forms, disabled service and bad deadlines (12.7355ms)
✔ public DTO never contains forms, pickup codes, contact details or file identifiers (8.8263ms)
✔ publish retry is idempotent even after closure, and changed payload cannot reuse the key (3.5067ms)
✔ two racing riders yield one accept, one quota reservation and no partial loser writes (5.7771ms)
✔ active registered users, order campus, self-accept and deadline are server enforced (19.5866ms)
✔ accept versus cancel serializes and accept versus edit never mutates an accepted order (6.0853ms)
✔ only rider can submit required proof; only poster can confirm; quotas released once (6.2551ms)
✔ exception freezes flow and requires active administrator resolution with audit (4.1532ms)
✔ quota counts concurrent publishes and accepted orders; unsafe mutation APIs are disabled (8.5312ms)
✔ feedback is participant scoped and optimistic replies are idempotent and notify once (6.4942ms)
✔ maintenance expires only waiting offline orders, not delivered orders, and is repeat safe (15.5865ms)
✔ notification claim prevents double dispatch and retry budget terminates failures (4.2232ms)
✔ scrypt passwords accept the test default and reject legacy hashes (98.2687ms)
✔ admin login verifies password before issuing a token and password changes revoke it (124.3213ms)
✔ registration is unique under racing calls and cannot self-authorize or edit a disabled profile (3.9951ms)
✔ invalid quantity coercions and normalized impossible dates are rejected (4.5304ms)
✔ administrator can freeze and resolve a disabled participant order with preserved audit (3.7927ms)
✔ configuration rechecks current administrator permission inside transaction (3.0167ms)
✔ operational pages are registered, syntactically valid, and template handlers exist (50.4947ms)
✔ all backend and frontend CommonJS files compile and relative module references resolve (239.1374ms)
✔ operation routes resolve to real controller methods and unsafe payment UI is absent (3.7262ms)
✔ 100 overlapping riders can claim an order only once, with one quota and atomic history/notifications (58.9769ms)
✔ 100 duplicate publishes all recover the same result and consume one business rate-limit slot (38.3162ms)
✔ concurrent claims on different orders enforce the rider limit without dropping existing reservations (20.2273ms)
✔ a write failure rolls back the order, quota, idempotency record and public refresh signal together (4.2416ms)
✔ accept versus cancel remains exclusive, while an edit can never overwrite a successful claim (48.0491ms)
✔ orders already accepted remain visible after the acceptance deadline passes (7.0716ms)
✔ a legacy quota seed is revalidated after another transaction closes an order (4.6272ms)
✔ cursor pagination survives removed first-page rows, new publications and timestamp ties (7.3275ms)
✔ refresh signals contain no order identifiers, identities, addresses or pickup codes (3.321ms)
✔ SDK transactions retry only definite conflicts, with rollback-aware SDK retries disabled (1.1899ms)
✔ chat messages and administrator replies keep one record when their responses are lost or requests race (14.3018ms)
✔ favorite refresh uses a bounded number of database queries as the displayed order count grows (5.8627ms)
✔ all registered pages, components, imports and static navigation resolve after consolidation (328.134ms)
✔ redundant pages are removed while export and role-specific workflows remain registered (0.624ms)
✔ new-page development settings do not use hot reload or unused-file filtering (0.7349ms)
✔ redesigned page templates bind only existing handlers (3.6793ms)
✔ messages paginate without fetching profile or config again, and stop at the last page (2.5713ms)
✔ unloading ignores pending notification responses (3.3031ms)
✔ linked messages wait for destination acknowledgement and feedback links take priority (1.3135ms)
✔ duplicate message clicks do not submit extra requests (1.0289ms)
✔ unified about page defaults to editable about content and refresh retains the contact key (1.1428ms)
✔ home express entry opens the embedded take form and upcoming services keep its draft mounted (3.0543ms)
✔ home starts independent requests together and coalesces repeated loads (4.7654ms)
✔ saved address and contact choices support cancel, explicit confirmation and stable values after returning (5.9555ms)
✔ publishing from the home form leaves a fresh editable parcel ready for the next order (1.8864ms)
✔ publish config failure exits loading and retries without a modal loop or duplicate form fields (1.0611ms)
✔ refresh preserves publish drafts and campus, and blocks submission on failed config refresh (1.6008ms)
✔ invalid config fails closed instead of calling toFixed on malformed prices (7.4023ms)
✔ publish retry coalesces repeated taps while config is pending (2.0933ms)
✔ editing cannot expose a blank save form when original detail failed or is not editable (1.347ms)
✔ order detail renders even if optional config fails or never resolves (3.3766ms)
✔ missing ids and null/empty order responses show a terminal state, never endless loading (3.2703ms)
✔ legacy invalid history timestamps do not prevent loading the order (1.3151ms)
✔ order refresh ignores stale and hidden responses, preserves displayed data on transient failure (3.5232ms)
✔ public detail retries a failed load and refreshes when returning to a visible page (1.2563ms)
✔ failed collection creation cannot be cached as successful setup; recovery retries in the same instance (1.2991ms)
✔ concurrent collection creation tolerates a false result only when the collection now exists (0.6274ms)
✔ unavailable private images do not block text details or leak files to public callers (0.9029ms)
✔ empty image upload makes no redundant config or cloud storage request (0.7942ms)
✔ personal layout uses a native safe navigation bar, scoped full-width cards and no negative overlap (2.1651ms)
✔ profile entry opens personal information directly and legacy profile routes are removed (0.4941ms)
ℹ tests 267
ℹ suites 0
ℹ pass 267
ℹ fail 0
ℹ cancelled 0
ℹ skipped 0
ℹ todo 0
ℹ duration_ms 953.3147
