✔ admin order queries combine filters, escape search expressions, paginate stably and keep private fields out of lists (10.7348ms)
✔ feedback status and literal search filters apply together and user lists remain owner scoped (6.8256ms)
✔ dashboard counts include cancellations, split pickup status, and count today using the Shanghai day boundary (5.469ms)
✔ section saves merge inside the transaction so concurrent pages cannot overwrite unrelated configuration (6.809ms)
✔ admin details include both contacts and picked-up orders can enter and resume exception processing (12.2588ms)
✔ reports enforce the inclusive date window, protect spreadsheet cells and isolate export keys by admin (5.6861ms)
✔ exports fail explicitly above the row limit and user export filters cannot choose a different project (1.9819ms)
✔ reports include records beyond the database single-read cap and include exactly 5000 records (11.6901ms)
✔ user status changes resolve mini-program user ids instead of confusing them with document ids (2.3489ms)
✔ every console destination is a registered independent page and primary navigation replaces only its current page (4.9267ms)
✔ legacy bookmarks redirect to independent pages, including ids and unknown tab names (16.0292ms)
✔ dashboard loading is independent of optional service configuration and includes actionable destinations (8.173ms)
✔ orders combine independent search, status, campus, overdue and sort filters with real pagination (3.9479ms)
✔ changing filters invalidates older responses and failures preserve already displayed records (2.2836ms)
✔ opening details retains list state and refreshing after mutation retains loaded pages, filters and scroll (4.5958ms)
✔ closed pages ignore in-flight list and detail data (11.2366ms)
✔ detail deep links without ids and missing records terminate loading and provide a list fallback (7.2529ms)
✔ picked-up orders support admin intervention, duplicate submits coalesce and failed actions retain the draft (3.3734ms)
✔ cancelled confirmations cause no mutations (1.8947ms)
✔ feedback replies carry the displayed version and preserve drafts on a concurrent-update conflict (6.0722ms)
✔ configuration keeps decimal input drafts, blocks blank fields and saves only its own section (5.0993ms)
✔ refresh cannot discard unsaved configuration and discard restores a separate saved snapshot (5.8002ms)
✔ denied admins never read records and ordinary admins cannot mutate settings or run maintenance (27.3838ms)
✔ export page reads without deleting existing reports and failed generation preserves the previous link (4.5921ms)
✔ user lists accept legacy pagination totals and refresh after status changes in their independent detail page (3.3876ms)
✔ all new templates and shared includes bind real handlers (55.8174ms)
✔ export files return signed URLs verbatim and replace old reports only after successful generation (8.9335ms)
✔ upload and URL signing failures preserve the previous report (2.9057ms)
✔ failed report deletion retains its pointer while already missing files can be cleared (2.8344ms)
✔ user details accept legacy links, normalize mixed registration fields and update the resolved document (5.2466ms)
✔ user detail retry recovers, empty records cannot be managed and rejection requires a reason (2.3304ms)
✔ failed user management preserves reason and coalesces repeated taps (7.0945ms)
✔ catalog search and stopped status combine, pagination survives a void-result mutation and retains scroll (7.7941ms)
✔ secondary management enforces permissions and cancelled actions cause no writes (32.8506ms)
Error: 上传中断
    at B:\zhumian\zm\kaidi\scripts\tests\admin-secondary-pages.test.js:136:69
    at Object.command (B:\zhumian\zm\kaidi\scripts\test-support\admin-console-harness.cjs:24:94)
    at Object.transRichEditorTempPics (B:\zhumian\zm\kaidi\scripts\test-support\admin-console-harness.cjs:36:80)
    at Object.bindFormSubmit (B:\zhumian\zm\kaidi\miniprogram\projects\crun\pages\admin\news\add\admin_news_add.js:128:37)
    at async TestContext.<anonymous> (B:\zhumian\zm\kaidi\scripts\tests\admin-secondary-pages.test.js:140:3)
    at async Test.run (node:internal/test_runner/test:1389:7)
    at async Test.processPendingSubtests (node:internal/test_runner/test:960:7)
✔ manager creation validates real rules, retains failed drafts and blocks duplicate submissions (10.6458ms)
✔ manager edit supports an unchanged password and password mismatch never submits (9.8243ms)
✔ campus service saves zero sort order and rejects blank or invalid numeric input (3.2019ms)
✔ announcement creation accepts no custom fields and uploads cover and content before returning (6.11ms)
✔ an interrupted announcement upload retries the same draft and publishes only after all uploads succeed (7.0467ms)
✔ About editor validates the configured key, loads empty content and preserves editor state after a failed save (11.7792ms)
✔ article QR links carry their own page and scene; image failures can regenerate successfully (15.132ms)
✔ user service resolves document, OpenID and legacy ids, preserves project isolation and never edits an unresolved id (4.3964ms)
✔ QR storage separates article scenes, scopes by project and preserves signed URL query parameters (2.7291ms)
✔ registered login reaches user details through the real request and model layers and manages the same document (50.6654ms)
✔ an expired administrator session ends user reads and mutations, preserves the draft and redirects to login (45.7605ms)
✔ user chat loads its endpoint and sends the correct identity (6.263ms)
✔ admin chat loads its endpoint and sends the correct identity (1.7087ms)
✔ earlier pages use CSM_ID cursors, prepend once, and preserve viewport position (1.5168ms)
✔ quiet refresh retains history, does not steal scroll, and avoids unchanged message patches (3.5768ms)
✔ refresh catches up multiple cursor pages without dropping intervening messages (3.0939ms)
✔ refresh and earlier-page failures preserve messages and reset loading flags (1.6815ms)
✔ hide cancels timers and discards late responses, show starts a fresh request (0.7855ms)
✔ unload ignores in-flight responses without changing detached page data (0.5911ms)
✔ send guards duplicate taps and preserves edits made while the request is pending (0.6968ms)
✔ send preserves a retyped identical draft and keeps failed-send content (0.7576ms)
✔ send completing while hidden does not restart polling or fetch messages (0.8061ms)
✔ client controller passes cursor options and uses trusted identity (4.5558ms)
✔ both controllers reject oversized page limits and preserve defaults (4.8996ms)
✔ admin chat read and reply require authentication before service access (1.7514ms)
✔ list pagination rejects zero and oversized pages before database calls (10.7497ms)
✔ admin session ID length and message lengths are validated (1.3616ms)
✔ inbox aggregation preserves old sessions, counts all unread and paginates after grouping (20.125ms)
✔ inbox searches literal text and excludes missing or foreign-project services (7.4153ms)
✔ newest page stays current after 1000 messages and cursor traverses timestamp ties (45.4789ms)
✔ user/project isolation and read receipts only cover delivered incoming messages (2.3669ms)
✔ admin detail uses the same pagination and does not mark unseen older messages read (1.4165ms)
✔ sending requires identity and active service; trims and validates message (1.8843ms)
✔ three campuses are enforced and zero sort order is preserved (1.4014ms)
✔ deleting a service with conversation history is blocked (1.0586ms)
✔ session list delegates database pagination and retains frontend response fields (1.173ms)
✔ all campus service pages are registered with complete page files (458.1874ms)
✔ campus page event handlers and local style imports exist (244.3872ms)
✔ campus endpoints reference implemented controller methods (272.0207ms)
✔ admin home reaches the conversation inbox and service configuration through management (8.1945ms)
✔ deadline choices stay within the server seven-day window across Shanghai midnight and month boundaries (93.5824ms)
✔ invalid, past and out-of-range deadlines cannot be accepted and stale dates recover to a future choice (1.691ms)
✔ custom deadline selection changes only a draft until confirmation and rejects a time that expires while open (3.9817ms)
✔ available-order location filters the delivery phase even when pickup is in a different phase (14.7314ms)
✔ favorite synchronization batches requests, discards stale results and stops requests on hidden pages (7.2788ms)
✔ available-order favorites use explicit desired state, coalesce taps and refresh without overwriting hidden pages (9.1023ms)
✔ hiding an order list cancels the remaining batches of a favorite refresh (1.0798ms)
✔ cancelled login never creates a favorite and failed requests leave the displayed count unchanged (2.8606ms)
✔ reputation retries failures, paginates records, and ignores an old response after switching record sources (2.9514ms)
✔ review submission requires validated context and a selected star, retains a failed draft and locks a successful review (1.3059ms)
✔ already-reviewed pages display the saved rating read-only, and missing order links never submit (0.8423ms)
✔ completed orders expose rating to publishers and riders and reviewed orders open the saved rating (2.9548ms)
✔ order complaints identify either counterpart before submission and block unresolved order information (4.2986ms)
✔ administrator star selection is required, sends the current version, and preserves a rejected decision draft (6.2328ms)
✔ all added page actions resolve to handlers and the reputation entry sits directly above contacts (10.9753ms)
✔ order favorites are durable, idempotent under racing taps, visible to every viewer and removable after acceptance (27.2743ms)
✔ legacy order favorites count immediately, while missing and foreign orders cannot be collected (5.9749ms)
✔ every order participant can rate the other user after completion and only received ratings affect reputation (19.9219ms)
✔ review retries and competing submissions cannot overwrite a rating or count it twice (26.8526ms)
✔ unfinished, self, unrelated and foreign orders, invalid stars and revoked accounts cannot submit reviews (8.5146ms)
✔ review authorization is rechecked inside the transaction after a concurrent account suspension (8.011ms)
✔ pending complaints do not change reputation; reviewed stars target the counterpart and revisions replace the prior rating (26.6198ms)
✔ reopening, rejecting or explicitly revoking an adjudication removes its contribution without losing its audit (18.7565ms)
✔ both roles can submit targeted complaints, but unlinked feedback and unaudited decisions cannot rate a user (8.093ms)
✔ racing administrator decisions apply once and changed payloads cannot reuse a request id (21.943ms)
✔ a complaint submitted before acceptance cannot later be assigned to a new rider (6.1894ms)
✔ reputation includes all historical ratings, clamps only the final total and isolates pagination by recipient and project (5.3753ms)
✔ 100 different users submit concurrently into the administrator inbox without a shared write lock (79.1641ms)
✔ concurrent duplicate requests create one record and consume one submission quota (15.3621ms)
✔ lost-response retries reuse archived evidence without repeating audits or consuming quota (15.7817ms)
✔ an interrupted database write rolls back the submission quota and can be retried safely (5.5516ms)
✔ new submissions remain rate limited per user while saved requests always remain retryable (14.498ms)
✔ image audits have bounded concurrency and a failed image never creates a partial appeal (10.3562ms)
✔ concurrent administrator replies cannot overwrite each other and the user receives the committed result once (5.1108ms)
✔ feedback retries two transient transport failures with one request id and increasing bounded waits (3.2945ms)
✔ exhausted network retries retain the pending id while business rejection is never retried automatically (1.9401ms)
✔ absent operations config opens the default service, but saved false or malformed settings stay paused (10.1509ms)
✔ operations config read errors do not silently enable service or return local defaults (5.9995ms)
✔ saved pause continues to block both server publishing and accepting without stopping existing fulfillment (14.8561ms)
✔ service badge distinguishes loading and administrator pause without business-hour blocking (0.2715ms)
✔ detail presentation calculates fees, package tags and safe Beijing times (1.2647ms)
✔ detail primary actions depend on actual order role and status, never on page entry (1.2228ms)
✔ public presentation never projects contact or event history, even if a malformed DTO includes it (0.3832ms)
✔ shared detail template handlers are implemented in both page controllers (2.4634ms)
✔ participant primary button delegates to edit, delivery sheet or explicit confirmation, and honors busy/error (2.4168ms)
✔ more menu filters mutations by role/state, and cancellation is never performed without confirmation (6.0974ms)
✔ delivery sheet requires a note and a photo, ignores unsupported actions and caps attachments at six (1.2271ms)
✔ participant contact uses the other party and image previews stay in the authorized group (1.7255ms)
✔ public accepting locks before confirmation, avoids repeat requests and exposes reactive button state (8.6395ms)
✔ publish screenshot selection and hidden form both cap attachments at six (3.9239ms)
✔ order command locks before async login/upload and refuses actions not allowed in the displayed state (2.3463ms)
✔ custom campus selection previews a choice, cancels cleanly, and commits only a valid option (6.6001ms)
✔ saving personal information persists the selected campus and preserves other saved fields (7.608ms)
✔ editing cached personal information is not overwritten by a background response (7.7275ms)
✔ contact editor retains drafts on save failure and preserves the default flag after retry (11.8117ms)
✔ address editor retains drafts on save failure and preserves the default flag after retry (8.1784ms)
✔ collection saves coalesce repeated taps and do not discard an editor before the request completes (6.4941ms)
✔ deleting a preceding contact keeps the current edit attached to the same person (9.0157ms)
✔ every personal-center entry reaches its intended destination and private entries respect login cancellation (17.7782ms)
✔ settings clears cached profile data while keeping login, drafts and pending requests (15.5735ms)
✔ clearing caches prevents older requests from restoring stale profile and campus entries (6.1003ms)
✔ registration keeps the returned login token, binds the invitation, and returns to the requesting page (9.1028ms)
✔ registration requiring review does not grant an active login token (7.004ms)
✔ favorite mutations ignore repeated taps while login or saving is in flight (7.0684ms)
✔ feedback detail can retry a failed request and formats returned timestamps (2.45ms)
✔ invitation links survive a warm app launch and network failure, then clear after a successful bind (2.6002ms)
✔ invite records paginate without recreating codes and sharing carries the current code (1.0599ms)
✔ favorites can search, open and remove records, and retain data on a failed removal (1.0498ms)
✔ sent and received reviews have independent pages, queries and late-response lifecycles (2.6354ms)
✔ address edits require one of the five phases and preserve the existing detail during selection (4.067ms)
Error: 网络中断
    at TestContext.<anonymous> (B:\zhumian\zm\kaidi\scripts\tests\my-page-features.test.js:313:18)
    at async Test.run (node:internal/test_runner/test:1389:7)
    at async Test.processPendingSubtests (node:internal/test_runner/test:960:7)
✔ feedback prevents duplicate clicks, preserves a failed draft and retries its original content (5.0206ms)
✔ review records link to the order and the empty-state action opens completed orders (1.2404ms)
✔ feedback image controls enforce the supported six-image limit and submit functional feedback as a suggestion (0.7766ms)
✔ messages remain available when optional subscription configuration hangs and malformed dates are tolerated (2.1302ms)
✔ shared profile templates and all personal-center pages bind existing event handlers (9.7305ms)
✔ personal lists paginate deterministically and exclude other users and projects (14.2375ms)
✔ favorites persist server-derived metadata, support literal search and remove without toggling (12.6115ms)
✔ favorites reject unknown types, hidden content, and users without active accounts (8.4287ms)
✔ favorite delete route calls deletion with the object id (2.0484ms)
✔ an invite code stays stable and never appears as a fake invitation record (11.0208ms)
✔ concurrent invite acceptance binds each person once and retries preserve the first inviter (10.0488ms)
✔ invite binding validates registration, code ownership and project scope (12.2869ms)
✔ legacy invite codes and accepted relationships survive the new flow (7.9314ms)
✔ all entry badges share one request and one 25 second timer, and backgrounding stops polling (11.6116ms)
✔ failed refresh retains the last confirmed count and a late response cannot leak another identity (2.0553ms)
✔ read acknowledgements coalesce and a stale count cannot overwrite the refreshed badge (2.1592ms)
✔ acknowledgements completed in the background refresh only after returning to the app (6.4333ms)
✔ failed reads retain unread state and can be retried (1.9091ms)
✔ announcements are marked read only after successful detail rendering (4.7354ms)
✔ missing, failed and hidden announcement details never clear unread state (7.4057ms)
✔ mail/my_detail/mail_my_detail acknowledges the clicked message after rendering, but not on a failed load (7.1834ms)
✔ feedback/detail/feedback_detail acknowledges the clicked message after rendering, but not on a failed load (5.3518ms)
✔ my/reputation/my_reputation acknowledges the clicked message after rendering, but not on a failed load (4.4293ms)
✔ message list alone and navigation failure do not clear unread; feedback links open the exact reply (2.3869ms)
✔ generic message displays its full content before acknowledgement and repeated taps open once (2.5316ms)
✔ unread filter rejects stale list responses and pagination carries the server cursor (3.415ms)
✔ mark all waits for the server, coalesces taps and retains failed state (3.7062ms)
✔ home, personal center and custom tab bar receive the same badge and home opens the actual announcement (7.8655ms)
✔ unread summary counts beyond SDK page limits and excludes other users, projects and stopped announcements (78.4694ms)
✔ reading an announcement is persistent, idempotent and independent per user, and edits retain read state (6.2994ms)
✔ message reads and summaries enforce identity, project and active-user permissions (7.1545ms)
✔ cursor pagination merges announcements and private messages without gaps at equal timestamps (12.4866ms)
✔ reading earlier rows and new arrivals do not shift subsequent unread pages (4.0087ms)
✔ mark all reads every page, preserves deliveries, and leaves messages arriving during the write unread (12.5169ms)
✔ public featured announcement is pinned first and never includes private message fields (4.1128ms)
✔ announcement draft returns the document id and becomes visible only after content is uploaded and published (4.9739ms)
✔ evidence accepts only exact owner upload prefix and rejects nested prefix spoofing (1.8533ms)
✔ audited evidence is copied server-side and only authorized archived files can be reused (3.6517ms)
✔ image size, signature and moderation failures do not create evidence (6.0919ms)
✔ development moderation switch does not bypass file validation or evidence archiving (2.4676ms)
✔ text review uses trusted identity, segments long inputs and fails closed (3.2013ms)
✔ weak network retries reuse command id without persisting personal payload (2.664ms)
✔ command cache isolates users, administrator sessions and changed payloads (9.3498ms)
✔ operation controller authenticates first, accepts absent status and requires mutation ids (2.9406ms)
✔ database wrapper treats only missing documents as absent, never network errors (1.0243ms)
✔ publish page sends selected deadline after successful upload and guards repeated taps (14.6903ms)
✔ disabled payment methods return explicit business errors without touching cloud payment (1.7625ms)
✔ administrator sessions require matching identity, active account, unexpired token and correct role (0.8601ms)
✔ server recomputes cents and rejects malformed forms, disabled service and bad deadlines (8.1265ms)
✔ public DTO never contains forms, pickup codes, contact details or file identifiers (11.599ms)
✔ publish retry is idempotent even after closure, and changed payload cannot reuse the key (3.5833ms)
✔ two racing riders yield one accept, one quota reservation and no partial loser writes (8.9105ms)
✔ active registered users, order campus, self-accept and deadline are server enforced (17.9477ms)
✔ accept versus cancel serializes and accept versus edit never mutates an accepted order (6.7937ms)
✔ only rider can submit required proof; only poster can confirm; quotas released once (9.3198ms)
✔ exception freezes flow and requires active administrator resolution with audit (6.8955ms)
✔ quota counts concurrent publishes and accepted orders; unsafe mutation APIs are disabled (4.7157ms)
✔ feedback is participant scoped and optimistic replies are idempotent and notify once (7.408ms)
✔ maintenance expires only waiting offline orders, not delivered orders, and is repeat safe (10.1814ms)
✔ notification claim prevents double dispatch and retry budget terminates failures (4.1172ms)
✔ scrypt passwords accept the test default and reject legacy hashes (103.3462ms)
✔ admin login verifies password before issuing a token and password changes revoke it (152.4189ms)
✔ registration is unique under racing calls and cannot self-authorize or edit a disabled profile (6.3237ms)
✔ invalid quantity coercions and normalized impossible dates are rejected (4.1929ms)
✔ administrator can freeze and resolve a disabled participant order with preserved audit (10.1423ms)
✔ configuration rechecks current administrator permission inside transaction (5.4272ms)
✔ operational pages are registered, syntactically valid, and template handlers exist (15.2809ms)
✔ all backend and frontend CommonJS files compile and relative module references resolve (78.1192ms)
✔ operation routes resolve to real controller methods and unsafe payment UI is absent (2.778ms)
✔ all registered pages, components, imports and static navigation resolve after consolidation (66.1012ms)
✔ redundant pages are removed while export and role-specific workflows remain registered (0.6822ms)
✔ new-page development settings do not use hot reload or unused-file filtering (0.1741ms)
✔ redesigned page templates bind only existing handlers (3.4877ms)
✔ messages paginate without fetching profile or config again, and stop at the last page (2.6487ms)
✔ unloading ignores pending notification responses (3.6059ms)
✔ linked messages wait for destination acknowledgement and feedback links take priority (1.3967ms)
✔ duplicate message clicks do not submit extra requests (1.1251ms)
✔ unified about page defaults to editable about content and refresh retains the contact key (2.1974ms)
✔ home express entry opens the embedded take form and upcoming services keep its draft mounted (6.0677ms)
✔ home starts independent requests together and coalesces repeated loads (7.7546ms)
✔ saved address and contact choices support cancel, explicit confirmation and stable values after returning (5.4511ms)
✔ publishing from the home form leaves a fresh editable parcel ready for the next order (1.9571ms)
✔ publish config failure exits loading and retries without a modal loop or duplicate form fields (1.1143ms)
✔ refresh preserves publish drafts and campus, and blocks submission on failed config refresh (1.6297ms)
✔ invalid config fails closed instead of calling toFixed on malformed prices (4.5741ms)
✔ publish retry coalesces repeated taps while config is pending (2.3133ms)
✔ editing cannot expose a blank save form when original detail failed or is not editable (3.4356ms)
✔ order detail renders even if optional config fails or never resolves (5.8396ms)
✔ missing ids and null/empty order responses show a terminal state, never endless loading (3.9972ms)
✔ legacy invalid history timestamps do not prevent loading the order (1.2643ms)
✔ order refresh ignores stale and hidden responses, preserves displayed data on transient failure (5.2377ms)
✔ public detail retries a failed load and refreshes when returning to a visible page (1.1897ms)
✔ failed collection creation cannot be cached as successful setup; recovery retries in the same instance (1.2063ms)
✔ concurrent collection creation tolerates a false result only when the collection now exists (0.5985ms)
✔ unavailable private images do not block text details or leak files to public callers (0.8661ms)
✔ empty image upload makes no redundant config or cloud storage request (0.6929ms)
✔ personal layout uses a native safe navigation bar, scoped full-width cards and no negative overlap (0.3405ms)
✔ profile entry opens personal information directly and legacy profile routes are removed (0.4255ms)
ℹ tests 242
ℹ suites 0
ℹ pass 242
ℹ fail 0
ℹ cancelled 0
ℹ skipped 0
ℹ todo 0
ℹ duration_ms 1178.8692
