✔ admin order queries combine filters, escape search expressions, paginate stably and keep private fields out of lists (16.2934ms)
✔ feedback status and literal search filters apply together and user lists remain owner scoped (8.6538ms)
✔ dashboard counts include cancellations, split pickup status, and count today using the Shanghai day boundary (6.0306ms)
✔ section saves merge inside the transaction so concurrent pages cannot overwrite unrelated configuration (7.1432ms)
✔ admin details include both contacts and picked-up orders can enter and resume exception processing (13.6306ms)
✔ reports enforce the inclusive date window, protect spreadsheet cells and isolate export keys by admin (9.7325ms)
✔ exports fail explicitly above the row limit and user export filters cannot choose a different project (2.8601ms)
✔ reports include records beyond the database single-read cap and include exactly 5000 records (17.7285ms)
✔ user status changes resolve mini-program user ids instead of confusing them with document ids (1.7794ms)
✔ every console destination is a registered independent page and primary navigation replaces only its current page (7.16ms)
✔ legacy bookmarks redirect to independent pages, including ids and unknown tab names (21.8356ms)
✔ dashboard loading is independent of optional service configuration and includes actionable destinations (17.473ms)
✔ orders combine independent search, status, campus, overdue and sort filters with real pagination (11.6731ms)
✔ changing filters invalidates older responses and failures preserve already displayed records (4.149ms)
✔ opening details retains list state and refreshing after mutation retains loaded pages, filters and scroll (4.713ms)
✔ closed pages ignore in-flight list and detail data (9.2321ms)
✔ detail deep links without ids and missing records terminate loading and provide a list fallback (9.8918ms)
✔ picked-up orders support admin intervention, duplicate submits coalesce and failed actions retain the draft (6.489ms)
✔ cancelled confirmations cause no mutations (3.1711ms)
✔ feedback replies carry the displayed version and preserve drafts on a concurrent-update conflict (3.2494ms)
✔ configuration keeps decimal input drafts, blocks blank fields and saves only its own section (5.0081ms)
✔ refresh cannot discard unsaved configuration and discard restores a separate saved snapshot (5.0717ms)
✔ denied admins never read records and ordinary admins cannot mutate settings or run maintenance (23.8492ms)
✔ export page reads without deleting existing reports and failed generation preserves the previous link (4.6115ms)
✔ user lists accept legacy pagination totals and refresh after status changes in their independent detail page (3.683ms)
✔ all new templates and shared includes bind real handlers (82.1948ms)
✔ export files return signed URLs verbatim and replace old reports only after successful generation (13.0556ms)
✔ upload and URL signing failures preserve the previous report (3.3947ms)
✔ failed report deletion retains its pointer while already missing files can be cleared (3.3166ms)
✔ user details accept legacy links, normalize mixed registration fields and update the resolved document (9.3689ms)
✔ user detail retry recovers, empty records cannot be managed and rejection requires a reason (3.7945ms)
✔ failed user management preserves reason and coalesces repeated taps (13.4117ms)
✔ catalog search and stopped status combine, pagination survives a void-result mutation and retains scroll (10.8618ms)
✔ secondary management enforces permissions and cancelled actions cause no writes (24.5333ms)
Error: 上传中断
    at B:\zhumian\zm\kaidi\scripts\tests\admin-secondary-pages.test.js:136:69
    at Object.command (B:\zhumian\zm\kaidi\scripts\test-support\admin-console-harness.cjs:24:94)
    at Object.transRichEditorTempPics (B:\zhumian\zm\kaidi\scripts\test-support\admin-console-harness.cjs:36:80)
    at Object.bindFormSubmit (B:\zhumian\zm\kaidi\miniprogram\projects\crun\pages\admin\news\add\admin_news_add.js:128:37)
    at async TestContext.<anonymous> (B:\zhumian\zm\kaidi\scripts\tests\admin-secondary-pages.test.js:140:3)
    at async Test.run (node:internal/test_runner/test:1389:7)
    at async Test.processPendingSubtests (node:internal/test_runner/test:960:7)
✔ manager creation validates real rules, retains failed drafts and blocks duplicate submissions (7.4579ms)
✔ manager edit supports an unchanged password and password mismatch never submits (26.0241ms)
✔ campus service saves zero sort order and rejects blank or invalid numeric input (4.5987ms)
✔ announcement creation accepts no custom fields and uploads cover and content before returning (8.3266ms)
✔ an interrupted announcement upload retries the same draft and publishes only after all uploads succeed (7.2839ms)
✔ About editor validates the configured key, loads empty content and preserves editor state after a failed save (18.7404ms)
✔ article QR links carry their own page and scene; image failures can regenerate successfully (27.7892ms)
✔ user service resolves document, OpenID and legacy ids, preserves project isolation and never edits an unresolved id (2.9821ms)
✔ QR storage separates article scenes, scopes by project and preserves signed URL query parameters (2.3342ms)
✔ registered login reaches user details through the real request and model layers and manages the same document (116.3374ms)
✔ an expired administrator session ends user reads and mutations, preserves the draft and redirects to login (45.1849ms)
✔ user chat loads its endpoint and sends the correct identity (9.2241ms)
✔ admin chat loads its endpoint and sends the correct identity (8.9769ms)
✔ earlier pages use CSM_ID cursors, prepend once, and preserve viewport position (1.9726ms)
✔ quiet refresh retains history, does not steal scroll, and avoids unchanged message patches (2.3356ms)
✔ refresh catches up multiple cursor pages without dropping intervening messages (2.0796ms)
✔ refresh and earlier-page failures preserve messages and reset loading flags (2.2933ms)
✔ hide cancels timers and discards late responses, show starts a fresh request (1.2403ms)
✔ unload ignores in-flight responses without changing detached page data (1.027ms)
✔ send guards duplicate taps and preserves edits made while the request is pending (1.2644ms)
✔ send preserves a retyped identical draft and keeps failed-send content (1.3916ms)
✔ send completing while hidden does not restart polling or fetch messages (1.0847ms)
✔ client controller passes cursor options and uses trusted identity (14.9566ms)
✔ both controllers reject oversized page limits and preserve defaults (12.2729ms)
✔ admin chat read and reply require authentication before service access (6.422ms)
✔ list pagination rejects zero and oversized pages before database calls (9.2215ms)
✔ admin session ID length and message lengths are validated (2.1459ms)
✔ inbox aggregation preserves old sessions, counts all unread and paginates after grouping (31.3532ms)
✔ inbox searches literal text and excludes missing or foreign-project services (3.2915ms)
✔ newest page stays current after 1000 messages and cursor traverses timestamp ties (100.4838ms)
✔ user/project isolation and read receipts only cover delivered incoming messages (3.1816ms)
✔ admin detail uses the same pagination and does not mark unseen older messages read (1.5946ms)
✔ sending requires identity and active service; trims and validates message (7.2714ms)
✔ three campuses are enforced and zero sort order is preserved (2.1336ms)
✔ deleting a service with conversation history is blocked (1.2173ms)
✔ session list delegates database pagination and retains frontend response fields (1.3406ms)
✔ all campus service pages are registered with complete page files (821.7468ms)
✔ campus page event handlers and local style imports exist (271.0336ms)
✔ campus endpoints reference implemented controller methods (279.7937ms)
✔ admin home reaches the conversation inbox and service configuration through management (7.3964ms)
✔ simultaneous reads share one request, isolate identities, and return independent DTOs (5.7645ms)
✔ timeouts, malformed responses and both login redirects settle their promises and release loading state (10.0472ms)
✔ overlapping visible requests do not dismiss each other’s loading indicator (3.5788ms)
✔ repeated command taps and a lost reply retry with the same persistent request id (6.386ms)
✔ unknown submission results cannot be replaced with changed content, but confirmed business errors allow correction (5.7369ms)
✔ changing filters rejects an older response and a failed refresh preserves the last confirmed list (6.2276ms)
✔ a component hidden during a request emits no stale list and does not cache a failed load (11.4938ms)
✔ live signals refresh the available-order page automatically while preserving its filters (13.371ms)
✔ signal bursts coalesce, changes during a refresh are not lost, and hidden callbacks cannot restart polling (5.2065ms)
✔ watch failures fall back to polling and reconnect; offline/background periods issue no reads (4.8832ms)
✔ image upload failure preserves every original path and a retry only uploads the failed image (2.5896ms)
✔ deadline choices stay within the server seven-day window across Shanghai midnight and month boundaries (168.7477ms)
✔ invalid, past and out-of-range deadlines cannot be accepted and stale dates recover to a future choice (3.0479ms)
✔ custom deadline selection changes only a draft until confirmation and rejects a time that expires while open (14.0335ms)
✔ available-order location filters the delivery phase even when pickup is in a different phase (22.833ms)
✔ favorite synchronization batches requests, discards stale results and stops requests on hidden pages (7.162ms)
✔ available-order favorites use explicit desired state, coalesce taps and refresh without overwriting hidden pages (10.4463ms)
✔ hiding an order list cancels the remaining batches of a favorite refresh (3.3989ms)
✔ cancelled login never creates a favorite and failed requests leave the displayed count unchanged (5.26ms)
✔ reputation retries failures, paginates records, and ignores an old response after switching record sources (7.5193ms)
✔ review submission requires validated context and a selected star, retains a failed draft and locks a successful review (2.8627ms)
✔ already-reviewed pages display the saved rating read-only, and missing order links never submit (1.6209ms)
✔ completed orders expose rating to publishers and riders and reviewed orders open the saved rating (5.2555ms)
✔ order complaints identify either counterpart before submission and block unresolved order information (6.013ms)
✔ administrator star selection is required, sends the current version, and preserves a rejected decision draft (10.5933ms)
✔ all added page actions resolve to handlers and the reputation entry sits directly above contacts (24.8714ms)
✔ order favorites are durable, idempotent under racing taps, visible to every viewer and removable after acceptance (38.5308ms)
✔ legacy order favorites count immediately, while missing and foreign orders cannot be collected (26.174ms)
✔ every order participant can rate the other user after completion and only received ratings affect reputation (27.3111ms)
✔ review retries and competing submissions cannot overwrite a rating or count it twice (20.0268ms)
✔ unfinished, self, unrelated and foreign orders, invalid stars and revoked accounts cannot submit reviews (20.4153ms)
✔ review authorization is rechecked inside the transaction after a concurrent account suspension (20.6608ms)
✔ pending complaints do not change reputation; reviewed stars target the counterpart and revisions replace the prior rating (28.9782ms)
✔ reopening, rejecting or explicitly revoking an adjudication removes its contribution without losing its audit (29.4172ms)
✔ both roles can submit targeted complaints, but unlinked feedback and unaudited decisions cannot rate a user (22.9291ms)
✔ racing administrator decisions apply once and changed payloads cannot reuse a request id (17.4106ms)
✔ a complaint submitted before acceptance cannot later be assigned to a new rider (12.5363ms)
✔ reputation includes all historical ratings, clamps only the final total and isolates pagination by recipient and project (9.2098ms)
✔ 100 different users submit concurrently into the administrator inbox without a shared write lock (112.0304ms)
✔ concurrent duplicate requests create one record and consume one submission quota (19.3714ms)
✔ lost-response retries reuse archived evidence without repeating audits or consuming quota (36.1202ms)
✔ an interrupted database write rolls back the submission quota and can be retried safely (6.6978ms)
✔ new submissions remain rate limited per user while saved requests always remain retryable (9.2579ms)
✔ image audits have bounded concurrency and a failed image never creates a partial appeal (9.9368ms)
✔ concurrent administrator replies cannot overwrite each other and the user receives the committed result once (10.6853ms)
✔ feedback retries two transient transport failures with one request id and increasing bounded waits (6.7031ms)
✔ exhausted network retries retain the pending id while business rejection is never retried automatically (4.9699ms)
✔ absent operations config opens the default service, but saved false or malformed settings stay paused (17.4087ms)
✔ operations config read errors do not silently enable service or return local defaults (11.9213ms)
✔ saved pause continues to block both server publishing and accepting without stopping existing fulfillment (24.5032ms)
✔ service badge distinguishes loading and administrator pause without business-hour blocking (0.3746ms)
✔ detail presentation calculates fees, package tags and safe Beijing times (1.7024ms)
✔ detail primary actions depend on actual order role and status, never on page entry (0.8421ms)
✔ public presentation never projects contact or event history, even if a malformed DTO includes it (0.43ms)
✔ shared detail template handlers are implemented in both page controllers (3.3492ms)
✔ participant primary button delegates to edit, delivery sheet or explicit confirmation, and honors busy/error (2.2213ms)
✔ more menu filters mutations by role/state, and cancellation is never performed without confirmation (15.082ms)
✔ delivery sheet requires a note and a photo, ignores unsupported actions and caps attachments at six (1.709ms)
✔ participant contact uses the other party and image previews stay in the authorized group (3.0862ms)
✔ public accepting locks before confirmation, avoids repeat requests and exposes reactive button state (4.4009ms)
✔ publish screenshot selection and hidden form both cap attachments at six (6.2488ms)
✔ order command locks before async login/upload and refuses actions not allowed in the displayed state (4.9616ms)
✔ custom campus selection previews a choice, cancels cleanly, and commits only a valid option (13.0862ms)
✔ saving personal information persists the selected campus and preserves other saved fields (14.0693ms)
✔ editing cached personal information is not overwritten by a background response (5.2256ms)
✔ contact editor retains drafts on save failure and preserves the default flag after retry (8.8684ms)
✔ address editor retains drafts on save failure and preserves the default flag after retry (9.372ms)
✔ collection saves coalesce repeated taps and do not discard an editor before the request completes (5.9521ms)
✔ deleting a preceding contact keeps the current edit attached to the same person (10.7871ms)
✔ every personal-center entry reaches its intended destination and private entries respect login cancellation (45.8447ms)
✔ settings clears cached profile data while keeping login, drafts and pending requests (17.5854ms)
✔ clearing caches prevents older requests from restoring stale profile and campus entries (7.3868ms)
✔ registration keeps the returned login token, binds the invitation, and returns to the requesting page (6.8205ms)
✔ registration requiring review does not grant an active login token (6.065ms)
✔ favorite mutations ignore repeated taps while login or saving is in flight (10.7486ms)
✔ feedback detail can retry a failed request and formats returned timestamps (4.137ms)
✔ invitation links survive a warm app launch and network failure, then clear after a successful bind (5.2524ms)
✔ invite records paginate without recreating codes and sharing carries the current code (1.9729ms)
✔ favorites can search, open and remove records, and retain data on a failed removal (1.9455ms)
✔ sent and received reviews have independent pages, queries and late-response lifecycles (5.7598ms)
✔ address edits require one of the five phases and preserve the existing detail during selection (5.9965ms)
Error: 网络中断
    at TestContext.<anonymous> (B:\zhumian\zm\kaidi\scripts\tests\my-page-features.test.js:313:18)
    at async Test.run (node:internal/test_runner/test:1389:7)
    at async Test.processPendingSubtests (node:internal/test_runner/test:960:7)
✔ feedback prevents duplicate clicks, preserves a failed draft and retries its original content (8.17ms)
✔ review records link to the order and the empty-state action opens completed orders (2.0245ms)
✔ feedback image controls enforce the supported six-image limit and submit functional feedback as a suggestion (1.5183ms)
✔ messages remain available when optional subscription configuration hangs and malformed dates are tolerated (4.1068ms)
✔ shared profile templates and all personal-center pages bind existing event handlers (15.1849ms)
✔ personal lists paginate deterministically and exclude other users and projects (22.3113ms)
✔ favorites persist server-derived metadata, support literal search and remove without toggling (17.5889ms)
✔ favorites reject unknown types, hidden content, and users without active accounts (5.8515ms)
✔ favorite delete route calls deletion with the object id (2.1004ms)
✔ an invite code stays stable and never appears as a fake invitation record (13.9444ms)
✔ concurrent invite acceptance binds each person once and retries preserve the first inviter (9.9131ms)
✔ invite binding validates registration, code ownership and project scope (13.0737ms)
✔ legacy invite codes and accepted relationships survive the new flow (6.9926ms)
✔ all entry badges share one request and one 25 second timer, and backgrounding stops polling (22.2831ms)
✔ failed refresh retains the last confirmed count and a late response cannot leak another identity (1.9739ms)
✔ read acknowledgements coalesce and a stale count cannot overwrite the refreshed badge (1.7434ms)
✔ acknowledgements completed in the background refresh only after returning to the app (5.2293ms)
✔ failed reads retain unread state and can be retried (2.3573ms)
✔ announcements are marked read only after successful detail rendering (6.0584ms)
✔ missing, failed and hidden announcement details never clear unread state (6.8941ms)
✔ mail/my_detail/mail_my_detail acknowledges the clicked message after rendering, but not on a failed load (9.7617ms)
✔ feedback/detail/feedback_detail acknowledges the clicked message after rendering, but not on a failed load (8.2726ms)
✔ my/reputation/my_reputation acknowledges the clicked message after rendering, but not on a failed load (10.9619ms)
✔ message list alone and navigation failure do not clear unread; feedback links open the exact reply (10.1972ms)
✔ generic message displays its full content before acknowledgement and repeated taps open once (2.2418ms)
✔ unread filter rejects stale list responses and pagination carries the server cursor (3.9893ms)
✔ mark all waits for the server, coalesces taps and retains failed state (3.1952ms)
✔ home, personal center and custom tab bar receive the same badge and home opens the actual announcement (7.8311ms)
✔ unread summary counts beyond SDK page limits and excludes other users, projects and stopped announcements (173.6483ms)
✔ reading an announcement is persistent, idempotent and independent per user, and edits retain read state (9.405ms)
✔ message reads and summaries enforce identity, project and active-user permissions (6.7745ms)
✔ cursor pagination merges announcements and private messages without gaps at equal timestamps (21.26ms)
✔ reading earlier rows and new arrivals do not shift subsequent unread pages (8.6108ms)
✔ mark all reads every page, preserves deliveries, and leaves messages arriving during the write unread (22.0163ms)
✔ public featured announcement is pinned first and never includes private message fields (5.865ms)
✔ announcement draft returns the document id and becomes visible only after content is uploaded and published (8.8367ms)
✔ evidence accepts only exact owner upload prefix and rejects nested prefix spoofing (9.4721ms)
✔ audited evidence is copied server-side and only authorized archived files can be reused (6.6968ms)
✔ image size, signature and moderation failures do not create evidence (11.2893ms)
✔ development moderation switch does not bypass file validation or evidence archiving (1.7147ms)
✔ text review uses trusted identity, segments long inputs and fails closed (2.5737ms)
✔ weak network retries reuse command id without persisting personal payload (4.5743ms)
✔ command cache isolates users, administrator sessions and changed payloads (1.8673ms)
✔ operation controller authenticates first, accepts absent status and requires mutation ids (5.4565ms)
✔ database wrapper treats only missing documents as absent, never network errors (12.0392ms)
✔ publish page sends selected deadline after successful upload and guards repeated taps (47.1578ms)
✔ disabled payment methods return explicit business errors without touching cloud payment (2.8546ms)
✔ administrator sessions require matching identity, active account, unexpired token and correct role (1.5338ms)
✔ server recomputes cents and rejects malformed forms, disabled service and bad deadlines (16.4425ms)
✔ public DTO never contains forms, pickup codes, contact details or file identifiers (32.72ms)
✔ publish retry is idempotent even after closure, and changed payload cannot reuse the key (8.7915ms)
✔ two racing riders yield one accept, one quota reservation and no partial loser writes (18.3178ms)
✔ active registered users, order campus, self-accept and deadline are server enforced (41.0862ms)
✔ accept versus cancel serializes and accept versus edit never mutates an accepted order (6.5472ms)
✔ only rider can submit required proof; only poster can confirm; quotas released once (22.1202ms)
✔ exception freezes flow and requires active administrator resolution with audit (8.6779ms)
✔ quota counts concurrent publishes and accepted orders; unsafe mutation APIs are disabled (7.3806ms)
✔ feedback is participant scoped and optimistic replies are idempotent and notify once (12.278ms)
✔ maintenance expires only waiting offline orders, not delivered orders, and is repeat safe (20.1733ms)
✔ notification claim prevents double dispatch and retry budget terminates failures (8.2991ms)
✔ scrypt passwords accept the test default and reject legacy hashes (177.3463ms)
✔ admin login verifies password before issuing a token and password changes revoke it (208.574ms)
✔ registration is unique under racing calls and cannot self-authorize or edit a disabled profile (6.9065ms)
✔ invalid quantity coercions and normalized impossible dates are rejected (5.4923ms)
✔ administrator can freeze and resolve a disabled participant order with preserved audit (9.2811ms)
✔ configuration rechecks current administrator permission inside transaction (5.098ms)
✔ operational pages are registered, syntactically valid, and template handlers exist (19.4798ms)
✔ all backend and frontend CommonJS files compile and relative module references resolve (148.4072ms)
✔ operation routes resolve to real controller methods and unsafe payment UI is absent (6.3738ms)
✔ 100 overlapping riders can claim an order only once, with one quota and atomic history/notifications (138.8312ms)
✔ 100 duplicate publishes all recover the same result and consume one business rate-limit slot (82.3188ms)
✔ concurrent claims on different orders enforce the rider limit without dropping existing reservations (34.5885ms)
✔ a write failure rolls back the order, quota, idempotency record and public refresh signal together (9.408ms)
✔ accept versus cancel remains exclusive, while an edit can never overwrite a successful claim (94.8724ms)
✔ orders already accepted remain visible after the acceptance deadline passes (12.0758ms)
✔ a legacy quota seed is revalidated after another transaction closes an order (6.3695ms)
✔ cursor pagination survives removed first-page rows, new publications and timestamp ties (12.6413ms)
✔ refresh signals contain no order identifiers, identities, addresses or pickup codes (5.5814ms)
✔ SDK transactions retry only definite conflicts, with rollback-aware SDK retries disabled (2.5441ms)
✔ all registered pages, components, imports and static navigation resolve after consolidation (130.5194ms)
✔ redundant pages are removed while export and role-specific workflows remain registered (1.4665ms)
✔ new-page development settings do not use hot reload or unused-file filtering (0.355ms)
✔ redesigned page templates bind only existing handlers (8.204ms)
✔ messages paginate without fetching profile or config again, and stop at the last page (6.7845ms)
✔ unloading ignores pending notification responses (7.6717ms)
✔ linked messages wait for destination acknowledgement and feedback links take priority (2.9268ms)
✔ duplicate message clicks do not submit extra requests (2.1172ms)
✔ unified about page defaults to editable about content and refresh retains the contact key (2.6853ms)
✔ home express entry opens the embedded take form and upcoming services keep its draft mounted (10.0116ms)
✔ home starts independent requests together and coalesces repeated loads (20.9068ms)
✔ saved address and contact choices support cancel, explicit confirmation and stable values after returning (9.7185ms)
✔ publishing from the home form leaves a fresh editable parcel ready for the next order (3.4773ms)
✔ publish config failure exits loading and retries without a modal loop or duplicate form fields (2.0803ms)
✔ refresh preserves publish drafts and campus, and blocks submission on failed config refresh (3.0939ms)
✔ invalid config fails closed instead of calling toFixed on malformed prices (10.2083ms)
✔ publish retry coalesces repeated taps while config is pending (4.7642ms)
✔ editing cannot expose a blank save form when original detail failed or is not editable (2.7873ms)
✔ order detail renders even if optional config fails or never resolves (6.729ms)
✔ missing ids and null/empty order responses show a terminal state, never endless loading (5.9936ms)
✔ legacy invalid history timestamps do not prevent loading the order (2.7995ms)
✔ order refresh ignores stale and hidden responses, preserves displayed data on transient failure (7.6318ms)
✔ public detail retries a failed load and refreshes when returning to a visible page (2.3798ms)
✔ failed collection creation cannot be cached as successful setup; recovery retries in the same instance (2.7094ms)
✔ concurrent collection creation tolerates a false result only when the collection now exists (1.2198ms)
✔ unavailable private images do not block text details or leak files to public callers (1.7832ms)
✔ empty image upload makes no redundant config or cloud storage request (1.6157ms)
✔ personal layout uses a native safe navigation bar, scoped full-width cards and no negative overlap (0.7789ms)
✔ profile entry opens personal information directly and legacy profile routes are removed (0.946ms)
ℹ tests 263
ℹ suites 0
ℹ pass 263
ℹ fail 0
ℹ cancelled 0
ℹ skipped 0
ℹ todo 0
ℹ duration_ms 1713.3801
