✔ admin order queries combine filters, escape search expressions, paginate stably and keep private fields out of lists (16.1646ms)
✔ feedback status and literal search filters apply together and user lists remain owner scoped (10.5493ms)
✔ dashboard counts include cancellations, split pickup status, and count today using the Shanghai day boundary (10.058ms)
✔ section saves merge inside the transaction so concurrent pages cannot overwrite unrelated configuration (11.2412ms)
✔ admin details include both contacts and picked-up orders can enter and resume exception processing (36.6928ms)
✔ reports enforce the inclusive date window, protect spreadsheet cells and isolate export keys by admin (16.2589ms)
✔ exports fail explicitly above the row limit and user export filters cannot choose a different project (4.1564ms)
✔ reports include records beyond the database single-read cap and include exactly 5000 records (23.183ms)
✔ user status changes resolve mini-program user ids instead of confusing them with document ids (1.9077ms)
✔ every console destination is a registered independent page and primary navigation replaces only its current page (7.3246ms)
✔ legacy bookmarks redirect to independent pages, including ids and unknown tab names (22.2344ms)
✔ dashboard loading is independent of optional service configuration and includes actionable destinations (12.611ms)
✔ orders combine independent search, status, campus, overdue and sort filters with real pagination (6.0354ms)
✔ changing filters invalidates older responses and failures preserve already displayed records (5.5171ms)
✔ opening details retains list state and refreshing after mutation retains loaded pages, filters and scroll (12.9151ms)
✔ closed pages ignore in-flight list and detail data (21.0627ms)
✔ detail deep links without ids and missing records terminate loading and provide a list fallback (31.1431ms)
✔ picked-up orders support admin intervention, duplicate submits coalesce and failed actions retain the draft (16.1454ms)
✔ cancelled confirmations cause no mutations (11.5639ms)
✔ feedback replies carry the displayed version and preserve drafts on a concurrent-update conflict (4.4251ms)
✔ configuration keeps decimal input drafts, blocks blank fields and saves only its own section (8.8988ms)
✔ refresh cannot discard unsaved configuration and discard restores a separate saved snapshot (7.1827ms)
✔ denied admins never read records and ordinary admins cannot mutate settings or run maintenance (32.6883ms)
✔ export page reads without deleting existing reports and failed generation preserves the previous link (5.8252ms)
✔ user lists accept legacy pagination totals and refresh after status changes in their independent detail page (5.8163ms)
✔ all new templates and shared includes bind real handlers (67.3912ms)
✔ export files return signed URLs verbatim and replace old reports only after successful generation (10.4917ms)
✔ upload and URL signing failures preserve the previous report (3.2614ms)
✔ failed report deletion retains its pointer while already missing files can be cleared (4.0828ms)
✔ user details accept legacy links, normalize mixed registration fields and update the resolved document (9.3769ms)
✔ user detail retry recovers, empty records cannot be managed and rejection requires a reason (4.578ms)
✔ failed user management preserves reason and coalesces repeated taps (7.8221ms)
✔ catalog search and stopped status combine, pagination survives a void-result mutation and retains scroll (8.4781ms)
✔ secondary management enforces permissions and cancelled actions cause no writes (27.8493ms)
Error: 上传中断
    at B:\zhumian\zm\kaidi\scripts\tests\admin-secondary-pages.test.js:136:69
    at Object.command (B:\zhumian\zm\kaidi\scripts\test-support\admin-console-harness.cjs:24:94)
    at Object.transRichEditorTempPics (B:\zhumian\zm\kaidi\scripts\test-support\admin-console-harness.cjs:36:80)
    at Object.bindFormSubmit (B:\zhumian\zm\kaidi\miniprogram\projects\crun\pages\admin\news\add\admin_news_add.js:128:37)
    at async TestContext.<anonymous> (B:\zhumian\zm\kaidi\scripts\tests\admin-secondary-pages.test.js:140:3)
    at async Test.run (node:internal/test_runner/test:1389:7)
    at async Test.processPendingSubtests (node:internal/test_runner/test:960:7)
✔ manager creation validates real rules, retains failed drafts and blocks duplicate submissions (10.2663ms)
✔ manager edit supports an unchanged password and password mismatch never submits (13.388ms)
✔ campus service saves zero sort order and rejects blank or invalid numeric input (5.5411ms)
✔ announcement creation accepts no custom fields and uploads cover and content before returning (12.2288ms)
✔ an interrupted announcement upload retries the same draft and publishes only after all uploads succeed (11.5795ms)
✔ About editor validates the configured key, loads empty content and preserves editor state after a failed save (15.7415ms)
✔ article QR links carry their own page and scene; image failures can regenerate successfully (10.8677ms)
✔ user service resolves document, OpenID and legacy ids, preserves project isolation and never edits an unresolved id (2.7583ms)
✔ QR storage separates article scenes, scopes by project and preserves signed URL query parameters (2.2703ms)
✔ registered login reaches user details through the real request and model layers and manages the same document (98.4175ms)
✔ an expired administrator session ends user reads and mutations, preserves the draft and redirects to login (51.4619ms)
✔ user chat loads its endpoint and sends the correct identity (9.711ms)
✔ admin chat loads its endpoint and sends the correct identity (1.5463ms)
✔ earlier pages use CSM_ID cursors, prepend once, and preserve viewport position (1.819ms)
✔ quiet refresh retains history, does not steal scroll, and avoids unchanged message patches (2.6145ms)
✔ refresh catches up multiple cursor pages without dropping intervening messages (1.4821ms)
✔ refresh and earlier-page failures preserve messages and reset loading flags (2.9102ms)
✔ hide cancels timers and discards late responses, show starts a fresh request (2.1462ms)
✔ unload ignores in-flight responses without changing detached page data (1.085ms)
✔ send guards duplicate taps and preserves edits made while the request is pending (1.4405ms)
✔ send preserves a retyped identical draft and keeps failed-send content (1.7856ms)
✔ send completing while hidden does not restart polling or fetch messages (1.5313ms)
✔ client controller passes cursor options and uses trusted identity (3.4653ms)
✔ both controllers reject oversized page limits and preserve defaults (7.8626ms)
✔ admin chat read and reply require authentication before service access (4.0338ms)
✔ list pagination rejects zero and oversized pages before database calls (13.012ms)
✔ admin session ID length and message lengths are validated (6.3528ms)
✔ inbox aggregation preserves old sessions, counts all unread and paginates after grouping (39.7877ms)
✔ inbox searches literal text and excludes missing or foreign-project services (3.1491ms)
✔ newest page stays current after 1000 messages and cursor traverses timestamp ties (84.9136ms)
✔ user/project isolation and read receipts only cover delivered incoming messages (2.3796ms)
✔ admin detail uses the same pagination and does not mark unseen older messages read (2.0519ms)
✔ sending requires identity and active service; trims and validates message (9.1922ms)
✔ three campuses are enforced and zero sort order is preserved (3.5811ms)
✔ deleting a service with conversation history is blocked (1.3089ms)
✔ session list delegates database pagination and retains frontend response fields (2.7812ms)
✔ all campus service pages are registered with complete page files (720.4543ms)
✔ campus page event handlers and local style imports exist (281.5854ms)
✔ campus endpoints reference implemented controller methods (265.4228ms)
✔ admin home reaches the conversation inbox and service configuration through management (8.2868ms)
✔ simultaneous reads share one request, isolate identities, and return independent DTOs (5.3472ms)
✔ timeouts, malformed responses and both login redirects settle their promises and release loading state (9.5651ms)
✔ overlapping visible requests do not dismiss each other’s loading indicator (2.486ms)
✔ repeated command taps and a lost reply retry with the same persistent request id (6.7135ms)
✔ unknown submission results cannot be replaced with changed content, but confirmed business errors allow correction (12.6834ms)
✔ changing filters rejects an older response and a failed refresh preserves the last confirmed list (6.9057ms)
✔ a component hidden during a request emits no stale list and does not cache a failed load (26.2117ms)
✔ live signals refresh the available-order page automatically while preserving its filters (21.8576ms)
✔ signal bursts coalesce, changes during a refresh are not lost, and hidden callbacks cannot restart polling (8.9745ms)
✔ watch failures fall back to polling and reconnect; offline/background periods issue no reads (6.2942ms)
✔ image upload failure preserves every original path and a retry only uploads the failed image (2.5553ms)
✔ switching order tabs shows that tab’s recent snapshot immediately without crossing user identities (8.4792ms)
✔ an automatic refresh preserves deep-scroll results and refreshes when the user returns to the top (5.6478ms)
✔ deadline choices stay within the server seven-day window across Shanghai midnight and month boundaries (166.7066ms)
✔ invalid, past and out-of-range deadlines cannot be accepted and stale dates recover to a future choice (1.7179ms)
✔ custom deadline selection changes only a draft until confirmation and rejects a time that expires while open (6.7226ms)
✔ available-order location filters the delivery phase even when pickup is in a different phase (33.9338ms)
✔ favorite synchronization batches requests, discards stale results and stops requests on hidden pages (5.3429ms)
✔ available-order favorites use explicit desired state, coalesce taps and refresh without overwriting hidden pages (9.4107ms)
✔ hiding an order list cancels the remaining batches of a favorite refresh (1.7323ms)
✔ cancelled login never creates a favorite and failed requests leave the displayed count unchanged (6.0146ms)
✔ reputation retries failures, paginates records, and ignores an old response after switching record sources (12.1266ms)
✔ review submission requires validated context and a selected star, retains a failed draft and locks a successful review (3.2836ms)
✔ already-reviewed pages display the saved rating read-only, and missing order links never submit (2.158ms)
✔ completed orders expose rating to publishers and riders and reviewed orders open the saved rating (6.5966ms)
✔ order complaints identify either counterpart before submission and block unresolved order information (4.6513ms)
✔ administrator star selection is required, sends the current version, and preserves a rejected decision draft (13.2327ms)
✔ all added page actions resolve to handlers and the reputation entry sits directly above contacts (23.9018ms)
✔ order favorites are durable, idempotent under racing taps, visible to every viewer and removable after acceptance (38.7562ms)
✔ legacy order favorites count immediately, while missing and foreign orders cannot be collected (19.95ms)
✔ every order participant can rate the other user after completion and only received ratings affect reputation (36.5224ms)
✔ review retries and competing submissions cannot overwrite a rating or count it twice (40.7583ms)
✔ unfinished, self, unrelated and foreign orders, invalid stars and revoked accounts cannot submit reviews (30.5113ms)
✔ review authorization is rechecked inside the transaction after a concurrent account suspension (11.4493ms)
✔ pending complaints do not change reputation; reviewed stars target the counterpart and revisions replace the prior rating (25.5523ms)
✔ reopening, rejecting or explicitly revoking an adjudication removes its contribution without losing its audit (21.2947ms)
✔ both roles can submit targeted complaints, but unlinked feedback and unaudited decisions cannot rate a user (35.5403ms)
✔ racing administrator decisions apply once and changed payloads cannot reuse a request id (14.4871ms)
✔ a complaint submitted before acceptance cannot later be assigned to a new rider (13.1869ms)
✔ reputation includes all historical ratings, clamps only the final total and isolates pagination by recipient and project (16.4195ms)
✔ 100 different users submit concurrently into the administrator inbox without a shared write lock (164.268ms)
✔ concurrent duplicate requests create one record and consume one submission quota (16.6553ms)
✔ lost-response retries reuse archived evidence without repeating audits or consuming quota (34.7316ms)
✔ an interrupted database write rolls back the submission quota and can be retried safely (22.3077ms)
✔ new submissions remain rate limited per user while saved requests always remain retryable (17.4423ms)
✔ image audits have bounded concurrency and a failed image never creates a partial appeal (12.8525ms)
✔ concurrent administrator replies cannot overwrite each other and the user receives the committed result once (12.9826ms)
✔ feedback retries two transient transport failures with one request id and increasing bounded waits (7.1224ms)
✔ exhausted network retries retain the pending id while business rejection is never retried automatically (4.6966ms)
✔ absent operations config opens the default service, but saved false or malformed settings stay paused (10.6423ms)
✔ operations config read errors do not silently enable service or return local defaults (6.2902ms)
✔ saved pause continues to block both server publishing and accepting without stopping existing fulfillment (28.922ms)
✔ service badge distinguishes loading and administrator pause without business-hour blocking (0.851ms)
✔ detail presentation calculates fees, package tags and safe Beijing times (2.5738ms)
✔ detail primary actions depend on actual order role and status, never on page entry (0.5658ms)
✔ public presentation never projects contact or event history, even if a malformed DTO includes it (0.3144ms)
✔ shared detail template handlers are implemented in both page controllers (2.8477ms)
✔ participant primary button delegates to edit, delivery sheet or explicit confirmation, and honors busy/error (1.8093ms)
✔ more menu filters mutations by role/state, and cancellation is never performed without confirmation (18.8143ms)
✔ delivery sheet requires a note and a photo, ignores unsupported actions and caps attachments at six (1.7826ms)
✔ participant contact uses the other party and image previews stay in the authorized group (3.0644ms)
✔ public accepting locks before confirmation, avoids repeat requests and exposes reactive button state (3.7853ms)
✔ publish screenshot selection and hidden form both cap attachments at six (2.0852ms)
✔ order command locks before async login/upload and refuses actions not allowed in the displayed state (2.1538ms)
✔ custom campus selection previews a choice, cancels cleanly, and commits only a valid option (16.203ms)
✔ saving personal information persists the selected campus and preserves other saved fields (13.4676ms)
✔ editing cached personal information is not overwritten by a background response (7.8654ms)
✔ contact editor retains drafts on save failure and preserves the default flag after retry (10.5241ms)
✔ address editor retains drafts on save failure and preserves the default flag after retry (13.3777ms)
✔ collection saves coalesce repeated taps and do not discard an editor before the request completes (12.5214ms)
✔ deleting a preceding contact keeps the current edit attached to the same person (13.6239ms)
✔ every personal-center entry reaches its intended destination and private entries respect login cancellation (27.5215ms)
✔ settings clears cached profile data while keeping login, drafts and pending requests (18.6748ms)
✔ clearing caches prevents older requests from restoring stale profile and campus entries (16.2542ms)
✔ registration keeps the returned login token, binds the invitation, and returns to the requesting page (12.8918ms)
✔ registration requiring review does not grant an active login token (14.3281ms)
✔ favorite mutations ignore repeated taps while login or saving is in flight (10.0251ms)
✔ feedback detail can retry a failed request and formats returned timestamps (11.1098ms)
✔ invitation links survive a warm app launch and network failure, then clear after a successful bind (5.8137ms)
✔ invite records paginate without recreating codes and sharing carries the current code (2.1509ms)
✔ favorites can search, open and remove records, and retain data on a failed removal (1.9716ms)
✔ sent and received reviews have independent pages, queries and late-response lifecycles (5.8196ms)
✔ address edits require one of the five phases and preserve the existing detail during selection (6.7645ms)
Error: 网络中断
    at TestContext.<anonymous> (B:\zhumian\zm\kaidi\scripts\tests\my-page-features.test.js:313:18)
    at async Test.run (node:internal/test_runner/test:1389:7)
    at async Test.processPendingSubtests (node:internal/test_runner/test:960:7)
✔ feedback prevents duplicate clicks, preserves a failed draft and retries its original content (8.2046ms)
✔ review records link to the order and the empty-state action opens completed orders (2.8405ms)
✔ feedback image controls enforce the supported six-image limit and submit functional feedback as a suggestion (1.5024ms)
✔ messages remain available when optional subscription configuration hangs and malformed dates are tolerated (4.6835ms)
✔ shared profile templates and all personal-center pages bind existing event handlers (15.6483ms)
✔ personal lists paginate deterministically and exclude other users and projects (22.6063ms)
✔ favorites persist server-derived metadata, support literal search and remove without toggling (23.0338ms)
✔ favorites reject unknown types, hidden content, and users without active accounts (13.7721ms)
✔ favorite delete route calls deletion with the object id (2.0945ms)
✔ an invite code stays stable and never appears as a fake invitation record (13.5306ms)
✔ concurrent invite acceptance binds each person once and retries preserve the first inviter (11.6273ms)
✔ invite binding validates registration, code ownership and project scope (8.8285ms)
✔ legacy invite codes and accepted relationships survive the new flow (11.8631ms)
✔ all entry badges share one request and one 25 second timer, and backgrounding stops polling (12.9671ms)
✔ failed refresh retains the last confirmed count and a late response cannot leak another identity (1.8187ms)
✔ read acknowledgements coalesce and a stale count cannot overwrite the refreshed badge (1.7353ms)
✔ acknowledgements completed in the background refresh only after returning to the app (7.5079ms)
✔ failed reads retain unread state and can be retried (3.3027ms)
✔ announcements are marked read only after successful detail rendering (7.8601ms)
✔ missing, failed and hidden announcement details never clear unread state (6.4894ms)
✔ mail/my_detail/mail_my_detail acknowledges the clicked message after rendering, but not on a failed load (11.749ms)
✔ feedback/detail/feedback_detail acknowledges the clicked message after rendering, but not on a failed load (6.3882ms)
✔ my/reputation/my_reputation acknowledges the clicked message after rendering, but not on a failed load (6.2432ms)
✔ message list alone and navigation failure do not clear unread; feedback links open the exact reply (6.0101ms)
✔ generic message displays its full content before acknowledgement and repeated taps open once (3.0462ms)
✔ unread filter rejects stale list responses and pagination carries the server cursor (8.4305ms)
✔ mark all waits for the server, coalesces taps and retains failed state (7.522ms)
✔ home, personal center and custom tab bar receive the same badge and home opens the actual announcement (7.362ms)
✔ unread summary counts beyond SDK page limits and excludes other users, projects and stopped announcements (152.791ms)
✔ reading an announcement is persistent, idempotent and independent per user, and edits retain read state (7.498ms)
✔ message reads and summaries enforce identity, project and active-user permissions (13.8314ms)
✔ cursor pagination merges announcements and private messages without gaps at equal timestamps (20.5589ms)
✔ reading earlier rows and new arrivals do not shift subsequent unread pages (6.8287ms)
✔ mark all reads every page, preserves deliveries, and leaves messages arriving during the write unread (21.9797ms)
✔ public featured announcement is pinned first and never includes private message fields (5.9676ms)
✔ announcement draft returns the document id and becomes visible only after content is uploaded and published (10.9235ms)
✔ evidence accepts only exact owner upload prefix and rejects nested prefix spoofing (3.9961ms)
✔ audited evidence is copied server-side and only authorized archived files can be reused (14.8223ms)
✔ image size, signature and moderation failures do not create evidence (5.2313ms)
✔ development moderation switch does not bypass file validation or evidence archiving (1.3485ms)
✔ text review uses trusted identity, segments long inputs and fails closed (1.6161ms)
✔ weak network retries reuse command id without persisting personal payload (2.6644ms)
✔ command cache isolates users, administrator sessions and changed payloads (2.0968ms)
✔ operation controller authenticates first, accepts absent status and requires mutation ids (11.2027ms)
✔ database wrapper treats only missing documents as absent, never network errors (1.9957ms)
✔ publish page sends selected deadline after successful upload and guards repeated taps (10.5145ms)
✔ disabled payment methods return explicit business errors without touching cloud payment (3.047ms)
✔ administrator sessions require matching identity, active account, unexpired token and correct role (1.6802ms)
✔ server recomputes cents and rejects malformed forms, disabled service and bad deadlines (29.4948ms)
✔ public DTO never contains forms, pickup codes, contact details or file identifiers (26.4814ms)
✔ publish retry is idempotent even after closure, and changed payload cannot reuse the key (8.5008ms)
✔ two racing riders yield one accept, one quota reservation and no partial loser writes (16.0108ms)
✔ active registered users, order campus, self-accept and deadline are server enforced (23.9561ms)
✔ accept versus cancel serializes and accept versus edit never mutates an accepted order (7.9639ms)
✔ only rider can submit required proof; only poster can confirm; quotas released once (15.7902ms)
✔ exception freezes flow and requires active administrator resolution with audit (10.206ms)
✔ quota counts concurrent publishes and accepted orders; unsafe mutation APIs are disabled (9.5639ms)
✔ feedback is participant scoped and optimistic replies are idempotent and notify once (11.1352ms)
✔ maintenance expires only waiting offline orders, not delivered orders, and is repeat safe (21.5871ms)
✔ notification claim prevents double dispatch and retry budget terminates failures (8.4999ms)
✔ scrypt passwords accept the test default and reject legacy hashes (174.7264ms)
✔ admin login verifies password before issuing a token and password changes revoke it (210.3113ms)
✔ registration is unique under racing calls and cannot self-authorize or edit a disabled profile (6.5893ms)
✔ invalid quantity coercions and normalized impossible dates are rejected (5.5545ms)
✔ administrator can freeze and resolve a disabled participant order with preserved audit (7.6992ms)
✔ configuration rechecks current administrator permission inside transaction (5.0655ms)
✔ operational pages are registered, syntactically valid, and template handlers exist (18.5899ms)
✔ all backend and frontend CommonJS files compile and relative module references resolve (169.6424ms)
✔ operation routes resolve to real controller methods and unsafe payment UI is absent (7.5673ms)
✔ 100 overlapping riders can claim an order only once, with one quota and atomic history/notifications (129.1089ms)
✔ 100 duplicate publishes all recover the same result and consume one business rate-limit slot (72.2388ms)
✔ concurrent claims on different orders enforce the rider limit without dropping existing reservations (33.1641ms)
✔ a write failure rolls back the order, quota, idempotency record and public refresh signal together (6.7723ms)
✔ accept versus cancel remains exclusive, while an edit can never overwrite a successful claim (90.5327ms)
✔ orders already accepted remain visible after the acceptance deadline passes (12.0999ms)
✔ a legacy quota seed is revalidated after another transaction closes an order (6.4804ms)
✔ cursor pagination survives removed first-page rows, new publications and timestamp ties (13.2943ms)
✔ refresh signals contain no order identifiers, identities, addresses or pickup codes (5.4611ms)
✔ SDK transactions retry only definite conflicts, with rollback-aware SDK retries disabled (2.4262ms)
✔ chat messages and administrator replies keep one record when their responses are lost or requests race (19.129ms)
✔ favorite refresh uses a bounded number of database queries as the displayed order count grows (12.9237ms)
✔ all registered pages, components, imports and static navigation resolve after consolidation (139.3562ms)
✔ redundant pages are removed while export and role-specific workflows remain registered (1.3746ms)
✔ new-page development settings do not use hot reload or unused-file filtering (0.3338ms)
✔ redesigned page templates bind only existing handlers (6.3716ms)
✔ messages paginate without fetching profile or config again, and stop at the last page (5.2681ms)
✔ unloading ignores pending notification responses (7.8872ms)
✔ linked messages wait for destination acknowledgement and feedback links take priority (2.8457ms)
✔ duplicate message clicks do not submit extra requests (1.7134ms)
✔ unified about page defaults to editable about content and refresh retains the contact key (2.5567ms)
✔ home express entry opens the embedded take form and upcoming services keep its draft mounted (7.0232ms)
✔ home starts independent requests together and coalesces repeated loads (15.4114ms)
✔ saved address and contact choices support cancel, explicit confirmation and stable values after returning (12.674ms)
✔ publishing from the home form leaves a fresh editable parcel ready for the next order (3.5572ms)
✔ publish config failure exits loading and retries without a modal loop or duplicate form fields (2.2824ms)
✔ refresh preserves publish drafts and campus, and blocks submission on failed config refresh (3.0167ms)
✔ invalid config fails closed instead of calling toFixed on malformed prices (8.7614ms)
✔ publish retry coalesces repeated taps while config is pending (3.9914ms)
✔ editing cannot expose a blank save form when original detail failed or is not editable (3.1677ms)
✔ order detail renders even if optional config fails or never resolves (6.2531ms)
✔ missing ids and null/empty order responses show a terminal state, never endless loading (5.7076ms)
✔ legacy invalid history timestamps do not prevent loading the order (2.5701ms)
✔ order refresh ignores stale and hidden responses, preserves displayed data on transient failure (7.039ms)
✔ public detail retries a failed load and refreshes when returning to a visible page (2.433ms)
✔ failed collection creation cannot be cached as successful setup; recovery retries in the same instance (2.3177ms)
✔ concurrent collection creation tolerates a false result only when the collection now exists (1.3624ms)
✔ unavailable private images do not block text details or leak files to public callers (2.03ms)
✔ empty image upload makes no redundant config or cloud storage request (1.4825ms)
✔ personal layout uses a native safe navigation bar, scoped full-width cards and no negative overlap (0.8198ms)
✔ profile entry opens personal information directly and legacy profile routes are removed (0.9848ms)
ℹ tests 267
ℹ suites 0
ℹ pass 267
ℹ fail 0
ℹ cancelled 0
ℹ skipped 0
ℹ todo 0
ℹ duration_ms 1575.3588
